Archive member included because of file (symbol)

c:/program files (x86)/atmel/atmel toolchain/arm gcc/native/4.8.1437/arm-gnu-toolchain/bin/../lib/gcc/arm-none-eabi/4.8.4/armv7-m\libgcc.a(_arm_addsubdf3.o)
                              src/Regulation.o (__aeabi_dadd)
c:/program files (x86)/atmel/atmel toolchain/arm gcc/native/4.8.1437/arm-gnu-toolchain/bin/../lib/gcc/arm-none-eabi/4.8.4/armv7-m\libgcc.a(_arm_muldivdf3.o)
                              src/Regulation.o (__aeabi_dmul)
c:/program files (x86)/atmel/atmel toolchain/arm gcc/native/4.8.1437/arm-gnu-toolchain/bin/../lib/gcc/arm-none-eabi/4.8.4/armv7-m\libgcc.a(_arm_cmpdf2.o)
                              src/Regulation.o (__aeabi_dcmple)
c:/program files (x86)/atmel/atmel toolchain/arm gcc/native/4.8.1437/arm-gnu-toolchain/bin/../lib/gcc/arm-none-eabi/4.8.4/armv7-m\libgcc.a(_arm_fixunsdfsi.o)
                              src/Regulation.o (__aeabi_d2uiz)
c:/program files (x86)/atmel/atmel toolchain/arm gcc/native/4.8.1437/arm-gnu-toolchain/bin/../lib/gcc/arm-none-eabi/4.8.4/../../../../arm-none-eabi/lib/armv7-m\libc.a(lib_a-exit.o)
                              c:/program files (x86)/atmel/atmel toolchain/arm gcc/native/4.8.1437/arm-gnu-toolchain/bin/../lib/gcc/arm-none-eabi/4.8.4/../../../../arm-none-eabi/lib/armv7-m/crt0.o (exit)
c:/program files (x86)/atmel/atmel toolchain/arm gcc/native/4.8.1437/arm-gnu-toolchain/bin/../lib/gcc/arm-none-eabi/4.8.4/../../../../arm-none-eabi/lib/armv7-m\libc.a(lib_a-impure.o)
                              c:/program files (x86)/atmel/atmel toolchain/arm gcc/native/4.8.1437/arm-gnu-toolchain/bin/../lib/gcc/arm-none-eabi/4.8.4/../../../../arm-none-eabi/lib/armv7-m\libc.a(lib_a-exit.o) (_global_impure_ptr)
c:/program files (x86)/atmel/atmel toolchain/arm gcc/native/4.8.1437/arm-gnu-toolchain/bin/../lib/gcc/arm-none-eabi/4.8.4/../../../../arm-none-eabi/lib/armv7-m\libc.a(lib_a-init.o)
                              c:/program files (x86)/atmel/atmel toolchain/arm gcc/native/4.8.1437/arm-gnu-toolchain/bin/../lib/gcc/arm-none-eabi/4.8.4/../../../../arm-none-eabi/lib/armv7-m/crt0.o (__libc_init_array)
c:/program files (x86)/atmel/atmel toolchain/arm gcc/native/4.8.1437/arm-gnu-toolchain/bin/../lib/gcc/arm-none-eabi/4.8.4/../../../../arm-none-eabi/lib/armv7-m\libc.a(lib_a-iprintf.o)
                              src/FanHandling.o (iprintf)
c:/program files (x86)/atmel/atmel toolchain/arm gcc/native/4.8.1437/arm-gnu-toolchain/bin/../lib/gcc/arm-none-eabi/4.8.4/../../../../arm-none-eabi/lib/armv7-m\libc.a(lib_a-memcpy.o)
                              src/ASF/thirdparty/freertos/freertos-7.3.0/source/queue.o (memcpy)
c:/program files (x86)/atmel/atmel toolchain/arm gcc/native/4.8.1437/arm-gnu-toolchain/bin/../lib/gcc/arm-none-eabi/4.8.4/../../../../arm-none-eabi/lib/armv7-m\libc.a(lib_a-memset.o)
                              c:/program files (x86)/atmel/atmel toolchain/arm gcc/native/4.8.1437/arm-gnu-toolchain/bin/../lib/gcc/arm-none-eabi/4.8.4/../../../../arm-none-eabi/lib/armv7-m/crt0.o (memset)
c:/program files (x86)/atmel/atmel toolchain/arm gcc/native/4.8.1437/arm-gnu-toolchain/bin/../lib/gcc/arm-none-eabi/4.8.4/../../../../arm-none-eabi/lib/armv7-m\libc.a(lib_a-puts.o)
                              src/ASF/sam/drivers/adc/adc.o (puts)
c:/program files (x86)/atmel/atmel toolchain/arm gcc/native/4.8.1437/arm-gnu-toolchain/bin/../lib/gcc/arm-none-eabi/4.8.4/../../../../arm-none-eabi/lib/armv7-m\libc.a(lib_a-setbuf.o)
                              src/main.o (setbuf)
c:/program files (x86)/atmel/atmel toolchain/arm gcc/native/4.8.1437/arm-gnu-toolchain/bin/../lib/gcc/arm-none-eabi/4.8.4/../../../../arm-none-eabi/lib/armv7-m\libc.a(lib_a-setvbuf.o)
                              c:/program files (x86)/atmel/atmel toolchain/arm gcc/native/4.8.1437/arm-gnu-toolchain/bin/../lib/gcc/arm-none-eabi/4.8.4/../../../../arm-none-eabi/lib/armv7-m\libc.a(lib_a-setbuf.o) (setvbuf)
c:/program files (x86)/atmel/atmel toolchain/arm gcc/native/4.8.1437/arm-gnu-toolchain/bin/../lib/gcc/arm-none-eabi/4.8.4/../../../../arm-none-eabi/lib/armv7-m\libc.a(lib_a-sprintf.o)
                              src/ASF/thirdparty/freertos/freertos-7.3.0/source/tasks.o (sprintf)
c:/program files (x86)/atmel/atmel toolchain/arm gcc/native/4.8.1437/arm-gnu-toolchain/bin/../lib/gcc/arm-none-eabi/4.8.4/../../../../arm-none-eabi/lib/armv7-m\libc.a(lib_a-strcat.o)
                              src/ASF/thirdparty/freertos/freertos-7.3.0/source/tasks.o (strcat)
c:/program files (x86)/atmel/atmel toolchain/arm gcc/native/4.8.1437/arm-gnu-toolchain/bin/../lib/gcc/arm-none-eabi/4.8.4/../../../../arm-none-eabi/lib/armv7-m\libc.a(lib_a-strcpy.o)
                              c:/program files (x86)/atmel/atmel toolchain/arm gcc/native/4.8.1437/arm-gnu-toolchain/bin/../lib/gcc/arm-none-eabi/4.8.4/../../../../arm-none-eabi/lib/armv7-m\libc.a(lib_a-strcat.o) (strcpy)
[...]
Memory Configuration

Name             Origin             Length             Attributes
rom              0x00080000         0x00080000         xr
sram0            0x20000000         0x00010000         xrw
sram1            0x20080000         0x00008000         xrw
ram              0x20070000         0x00018000         xrw
*default*        0x00000000         0xffffffff

Linker script and memory map

LOAD c:/program files (x86)/atmel/atmel toolchain/arm gcc/native/4.8.1437/arm-gnu-toolchain/bin/../lib/gcc/arm-none-eabi/4.8.4/armv7-m/crti.o
LOAD c:/program files (x86)/atmel/atmel toolchain/arm gcc/native/4.8.1437/arm-gnu-toolchain/bin/../lib/gcc/arm-none-eabi/4.8.4/armv7-m/crtbegin.o
LOAD c:/program files (x86)/atmel/atmel toolchain/arm gcc/native/4.8.1437/arm-gnu-toolchain/bin/../lib/gcc/arm-none-eabi/4.8.4/../../../../arm-none-eabi/lib/armv7-m/crt0.o
LOAD src/ASF/common/services/serial/usart_serial.o
LOAD src/ASF/common/utils/stdio/read.o
LOAD src/ASF/common/utils/stdio/write.o
LOAD src/ASF/sam/drivers/uart/uart.o
LOAD src/FanHandling.o
LOAD src/Regulation.o
LOAD src/ASF/sam/drivers/adc/adc.o
LOAD src/ASF/sam/drivers/adc/adc_sam3u.o
LOAD src/ASF/sam/drivers/pwm/pwm.o
LOAD src/ASF/sam/drivers/usart/usart.o
LOAD src/ASF/thirdparty/freertos/freertos-7.3.0/source/FreeRTOS_CLI.o
LOAD src/ASF/thirdparty/freertos/freertos-7.3.0/source/list.o
LOAD src/ASF/thirdparty/freertos/freertos-7.3.0/source/portable/gcc/sam/port.o
LOAD src/ASF/thirdparty/freertos/freertos-7.3.0/source/portable/memmang/heap_4.o
LOAD src/ASF/thirdparty/freertos/freertos-7.3.0/source/queue.o
LOAD src/ASF/thirdparty/freertos/freertos-7.3.0/source/tasks.o
LOAD src/ASF/thirdparty/freertos/freertos-7.3.0/source/timers.o
LOAD src/SensorHandling.o
LOAD src/ASF/common/services/clock/sam3x/sysclk.o
LOAD src/ASF/common/utils/interrupt/interrupt_sam_nvic.o
LOAD src/ASF/sam/boards/arduino_due_x/init.o
LOAD src/ASF/sam/drivers/pio/pio.o
LOAD src/ASF/sam/drivers/pio/pio_handler.o
LOAD src/ASF/sam/drivers/pmc/pmc.o
LOAD src/ASF/sam/drivers/pmc/sleep.o
LOAD src/ASF/sam/utils/cmsis/sam3x/source/templates/exceptions.o
LOAD src/ASF/sam/utils/cmsis/sam3x/source/templates/gcc/startup_sam3x.o
LOAD src/ASF/sam/utils/cmsis/sam3x/source/templates/system_sam3x.o
LOAD src/ASF/sam/utils/syscalls/gcc/syscalls.o
LOAD src/main.o
START GROUP
LOAD ../src/ASF/thirdparty/CMSIS/Lib/GCC\libarm_cortexM3l_math.a
LOAD c:/program files (x86)/atmel/atmel toolchain/arm gcc/native/4.8.1437/arm-gnu-toolchain/bin/../lib/gcc/arm-none-eabi/4.8.4/../../../../arm-none-eabi/lib/armv7-m\libm.a
END GROUP
START GROUP
LOAD c:/program files (x86)/atmel/atmel toolchain/arm gcc/native/4.8.1437/arm-gnu-toolchain/bin/../lib/gcc/arm-none-eabi/4.8.4/armv7-m\libgcc.a
LOAD c:/program files (x86)/atmel/atmel toolchain/arm gcc/native/4.8.1437/arm-gnu-toolchain/bin/../lib/gcc/arm-none-eabi/4.8.4/../../../../arm-none-eabi/lib/armv7-m\libc.a
END GROUP
LOAD c:/program files (x86)/atmel/atmel toolchain/arm gcc/native/4.8.1437/arm-gnu-toolchain/bin/../lib/gcc/arm-none-eabi/4.8.4/armv7-m/crtend.o
LOAD c:/program files (x86)/atmel/atmel toolchain/arm gcc/native/4.8.1437/arm-gnu-toolchain/bin/../lib/gcc/arm-none-eabi/4.8.4/armv7-m/crtn.o
                0x00002000                __stack_size__ = DEFINED (__stack_size__)?__stack_size__:0x2000
                0x20087ffc                __ram_end__ = ((ORIGIN (ram) + 0x18000) - 0x4)

.text           0x00080000     0x6890
                0x00080000                . = ALIGN (0x4)
                0x00080000                _sfixed = .
 *(.vectors .vectors.*)
 .vectors       0x00080000       0xf4 src/ASF/sam/utils/cmsis/sam3x/source/templates/gcc/startup_sam3x.o
                0x00080000                exception_table
 *(.text .text.* .gnu.linkonce.t.*)
 .text          0x000800f4       0x54 c:/program files (x86)/atmel/atmel toolchain/arm gcc/native/4.8.1437/arm-gnu-toolchain/bin/../lib/gcc/arm-none-eabi/4.8.4/armv7-m/crtbegin.o
 .text._read    0x00080148       0x40 src/ASF/common/utils/stdio/read.o
                0x00080148                _read
 .text._write   0x00080188       0x54 src/ASF/common/utils/stdio/write.o
                0x00080188                _write
 .text.uart_init
                0x000801dc       0x38 src/ASF/sam/drivers/uart/uart.o
                0x000801dc                uart_init
 .text.uart_write
                0x00080214       0x10 src/ASF/sam/drivers/uart/uart.o
                0x00080214                uart_write
 .text.uart_read
                0x00080224       0x14 src/ASF/sam/drivers/uart/uart.o
                0x00080224                uart_read
 .text.PWM_setup
                0x00080238      0x1c0 src/FanHandling.o
                0x00080238                PWM_setup
 .text.setFan   0x000803f8       0x90 src/FanHandling.o
                0x000803f8                setFan
 .text.PID_calculation
                0x00080488      0x100 src/Regulation.o
                0x00080488                PID_calculation
 .text.FanRegulation
                0x00080588      0x418 src/Regulation.o
                0x00080588                FanRegulation
 .text.adc_init
                0x000809a0       0x34 src/ASF/sam/drivers/adc/adc.o
                0x000809a0                adc_init
 .text.adc_set_resolution
                0x000809d4       0x10 src/ASF/sam/drivers/adc/adc.o
                0x000809d4                adc_set_resolution
 .text.adc_configure_trigger
                0x000809e4       0x10 src/ASF/sam/drivers/adc/adc.o
                0x000809e4                adc_configure_trigger
 .text.adc_configure_timing
                0x000809f4       0x20 src/ASF/sam/drivers/adc/adc.o
                0x000809f4                adc_configure_timing
 .text.adc_start
                0x00080a14        0x8 src/ASF/sam/drivers/adc/adc.o
                0x00080a14                adc_start
 .text.adc_enable_channel
                0x00080a1c        0xc src/ASF/sam/drivers/adc/adc.o
                0x00080a1c                adc_enable_channel
 .text.adc_get_channel_value
                0x00080a28       0x10 src/ASF/sam/drivers/adc/adc.o
                0x00080a28                adc_get_channel_value
 .text.pwm_clocks_generate
                0x00080a38       0x58 src/ASF/sam/drivers/pwm/pwm.o
 .text.pwm_init
                0x00080a90       0x40 src/ASF/sam/drivers/pwm/pwm.o
                0x00080a90                pwm_init
 .text.pwm_channel_init
                0x00080ad0      0x104 src/ASF/sam/drivers/pwm/pwm.o
                0x00080ad0                pwm_channel_init
 .text.pwm_channel_update_duty
                0x00080bd4       0x24 src/ASF/sam/drivers/pwm/pwm.o
                0x00080bd4                pwm_channel_update_duty
 .text.pwm_channel_enable
                0x00080bf8        0xc src/ASF/sam/drivers/pwm/pwm.o
                0x00080bf8                pwm_channel_enable
 .text.pwm_channel_disable
                0x00080c04        0xc src/ASF/sam/drivers/pwm/pwm.o
                0x00080c04                pwm_channel_disable
 .text.usart_write
                0x00080c10       0x14 src/ASF/sam/drivers/usart/usart.o
                0x00080c10                usart_write
 .text.usart_read
                0x00080c24       0x18 src/ASF/sam/drivers/usart/usart.o
                0x00080c24                usart_read
 .text.vListInitialise
                0x00080c3c       0x18 src/ASF/thirdparty/freertos/freertos-7.3.0/source/list.o
                0x00080c3c                vListInitialise
 .text.vListInitialiseItem
                0x00080c54        0x8 src/ASF/thirdparty/freertos/freertos-7.3.0/source/list.o
                0x00080c54                vListInitialiseItem
 .text.vListInsertEnd
                0x00080c5c       0x1c src/ASF/thirdparty/freertos/freertos-7.3.0/source/list.o
                0x00080c5c                vListInsertEnd
 .text.vListInsert
                0x00080c78       0x3c src/ASF/thirdparty/freertos/freertos-7.3.0/source/list.o
                0x00080c78                vListInsert
 .text.uxListRemove
                0x00080cb4       0x28 src/ASF/thirdparty/freertos/freertos-7.3.0/source/list.o
                0x00080cb4                uxListRemove
 .text.prvPortStartFirstTask
                0x00080cdc       0x14 src/ASF/thirdparty/freertos/freertos-7.3.0/source/portable/gcc/sam/port.o
 .text.pxPortInitialiseStack
                0x00080cf0       0x1c src/ASF/thirdparty/freertos/freertos-7.3.0/source/portable/gcc/sam/port.o
                0x00080cf0                pxPortInitialiseStack
 .text.SVC_Handler
                0x00080d0c       0x20 src/ASF/thirdparty/freertos/freertos-7.3.0/source/portable/gcc/sam/port.o
                0x00080d0c                SVC_Handler
 .text.vPortYieldFromISR
                0x00080d2c       0x10 src/ASF/thirdparty/freertos/freertos-7.3.0/source/portable/gcc/sam/port.o
                0x00080d2c                vPortYieldFromISR
 .text.ulPortSetInterruptMask
                0x00080d3c       0x10 src/ASF/thirdparty/freertos/freertos-7.3.0/source/portable/gcc/sam/port.o
                0x00080d3c                ulPortSetInterruptMask
 .text.vPortEnterCritical
                0x00080d4c       0x18 src/ASF/thirdparty/freertos/freertos-7.3.0/source/portable/gcc/sam/port.o
                0x00080d4c                vPortEnterCritical
 .text.vPortClearInterruptMask
                0x00080d64        0x8 src/ASF/thirdparty/freertos/freertos-7.3.0/source/portable/gcc/sam/port.o
                0x00080d64                vPortClearInterruptMask
 .text.vPortExitCritical
                0x00080d6c       0x1c src/ASF/thirdparty/freertos/freertos-7.3.0/source/portable/gcc/sam/port.o
                0x00080d6c                vPortExitCritical
 .text.PendSV_Handler
                0x00080d88       0x3c src/ASF/thirdparty/freertos/freertos-7.3.0/source/portable/gcc/sam/port.o
                0x00080d88                PendSV_Handler
 .text.SysTick_Handler
                0x00080dc4       0x2c src/ASF/thirdparty/freertos/freertos-7.3.0/source/portable/gcc/sam/port.o
                0x00080dc4                SysTick_Handler
 .text.vPortSetupTimerInterrupt
                0x00080df0       0x18 src/ASF/thirdparty/freertos/freertos-7.3.0/source/portable/gcc/sam/port.o
                0x00080df0                vPortSetupTimerInterrupt
 .text.xPortStartScheduler
                0x00080e08       0x38 src/ASF/thirdparty/freertos/freertos-7.3.0/source/portable/gcc/sam/port.o
                0x00080e08                xPortStartScheduler
 .text.prvInsertBlockIntoFreeList
                0x00080e40       0x58 src/ASF/thirdparty/freertos/freertos-7.3.0/source/portable/memmang/heap_4.o
 .text.pvPortMalloc
                0x00080e98       0xc4 src/ASF/thirdparty/freertos/freertos-7.3.0/source/portable/memmang/heap_4.o
                0x00080e98                pvPortMalloc
 .text.vPortFree
                0x00080f5c       0x34 src/ASF/thirdparty/freertos/freertos-7.3.0/source/portable/memmang/heap_4.o
                0x00080f5c                vPortFree
 .text.prvCopyDataToQueue
                0x00080f90       0x64 src/ASF/thirdparty/freertos/freertos-7.3.0/source/queue.o
 .text.prvCopyDataFromQueue
                0x00080ff4       0x28 src/ASF/thirdparty/freertos/freertos-7.3.0/source/queue.o
 .text.prvUnlockQueue
                0x0008101c       0x8c src/ASF/thirdparty/freertos/freertos-7.3.0/source/queue.o
 .text.xQueueGenericReset
                0x000810a8       0x7c src/ASF/thirdparty/freertos/freertos-7.3.0/source/queue.o
                0x000810a8                xQueueGenericReset
 .text.xQueueGenericCreate
                0x00081124       0x58 src/ASF/thirdparty/freertos/freertos-7.3.0/source/queue.o
                0x00081124                xQueueGenericCreate
 .text.xQueueGenericSend
                0x0008117c      0x11c src/ASF/thirdparty/freertos/freertos-7.3.0/source/queue.o
                0x0008117c                xQueueGenericSend
 .text.xQueueGenericSendFromISR
                0x00081298       0x90 src/ASF/thirdparty/freertos/freertos-7.3.0/source/queue.o
                0x00081298                xQueueGenericSendFromISR
 .text.xQueueGenericReceive
                0x00081328      0x15c src/ASF/thirdparty/freertos/freertos-7.3.0/source/queue.o
                0x00081328                xQueueGenericReceive
 .text.vQueueWaitForMessageRestricted
                0x00081484       0x4c src/ASF/thirdparty/freertos/freertos-7.3.0/source/queue.o
                0x00081484                vQueueWaitForMessageRestricted
 .text.prvAddCurrentTaskToDelayedList
                0x000814d0       0x58 src/ASF/thirdparty/freertos/freertos-7.3.0/source/tasks.o
 .text.xTaskGenericCreate
                0x00081528      0x208 src/ASF/thirdparty/freertos/freertos-7.3.0/source/tasks.o
                0x00081528                xTaskGenericCreate
 .text.vTaskStartScheduler
                0x00081730       0x68 src/ASF/thirdparty/freertos/freertos-7.3.0/source/tasks.o
                0x00081730                vTaskStartScheduler
 .text.vTaskSuspendAll
                0x00081798       0x10 src/ASF/thirdparty/freertos/freertos-7.3.0/source/tasks.o
                0x00081798                vTaskSuspendAll
 .text.xTaskGetTickCount
                0x000817a8       0x20 src/ASF/thirdparty/freertos/freertos-7.3.0/source/tasks.o
                0x000817a8                xTaskGetTickCount
 .text.vTaskIncrementTick
                0x000817c8      0x120 src/ASF/thirdparty/freertos/freertos-7.3.0/source/tasks.o
                0x000817c8                vTaskIncrementTick
 .text.xTaskResumeAll
                0x000818e8      0x108 src/ASF/thirdparty/freertos/freertos-7.3.0/source/tasks.o
                0x000818e8                xTaskResumeAll
 .text.vTaskDelayUntil
                0x000819f0       0x90 src/ASF/thirdparty/freertos/freertos-7.3.0/source/tasks.o
                0x000819f0                vTaskDelayUntil
 .text.prvIdleTask
                0x00081a80       0x84 src/ASF/thirdparty/freertos/freertos-7.3.0/source/tasks.o
 .text.vTaskSwitchContext
                0x00081b04       0x90 src/ASF/thirdparty/freertos/freertos-7.3.0/source/tasks.o
                0x00081b04                vTaskSwitchContext
 .text.vTaskPlaceOnEventList
                0x00081b94       0x60 src/ASF/thirdparty/freertos/freertos-7.3.0/source/tasks.o
                0x00081b94                vTaskPlaceOnEventList
 .text.vTaskPlaceOnEventListRestricted
                0x00081bf4       0x44 src/ASF/thirdparty/freertos/freertos-7.3.0/source/tasks.o
                0x00081bf4                vTaskPlaceOnEventListRestricted
 .text.xTaskRemoveFromEventList
                0x00081c38       0x84 src/ASF/thirdparty/freertos/freertos-7.3.0/source/tasks.o
                0x00081c38                xTaskRemoveFromEventList
 .text.vTaskSetTimeOutState
                0x00081cbc       0x28 src/ASF/thirdparty/freertos/freertos-7.3.0/source/tasks.o
                0x00081cbc                vTaskSetTimeOutState
 .text.xTaskCheckForTimeOut
                0x00081ce4       0x84 src/ASF/thirdparty/freertos/freertos-7.3.0/source/tasks.o
                0x00081ce4                xTaskCheckForTimeOut
 .text.vTaskMissedYield
                0x00081d68        0xc src/ASF/thirdparty/freertos/freertos-7.3.0/source/tasks.o
                0x00081d68                vTaskMissedYield
 .text.xTaskGetCurrentTaskHandle
                0x00081d74        0xc src/ASF/thirdparty/freertos/freertos-7.3.0/source/tasks.o
                0x00081d74                xTaskGetCurrentTaskHandle
 .text.xTaskGetSchedulerState
                0x00081d80       0x20 src/ASF/thirdparty/freertos/freertos-7.3.0/source/tasks.o
                0x00081d80                xTaskGetSchedulerState
 .text.vTaskPriorityInherit
                0x00081da0       0x7c src/ASF/thirdparty/freertos/freertos-7.3.0/source/tasks.o
                0x00081da0                vTaskPriorityInherit
 .text.vTaskPriorityDisinherit
                0x00081e1c       0x50 src/ASF/thirdparty/freertos/freertos-7.3.0/source/tasks.o
                0x00081e1c                vTaskPriorityDisinherit
 .text.prvInsertTimerInActiveList
                0x00081e6c       0x4c src/ASF/thirdparty/freertos/freertos-7.3.0/source/timers.o
 .text.prvCheckForValidListAndQueue
                0x00081eb8       0x5c src/ASF/thirdparty/freertos/freertos-7.3.0/source/timers.o
 .text.xTimerCreateTimerTask
                0x00081f14       0x4c src/ASF/thirdparty/freertos/freertos-7.3.0/source/timers.o
                0x00081f14                xTimerCreateTimerTask
 .text.xTimerGenericCommand
                0x00081f60       0x54 src/ASF/thirdparty/freertos/freertos-7.3.0/source/timers.o
                0x00081f60                xTimerGenericCommand
 .text.prvSampleTimeNow
                0x00081fb4       0xb4 src/ASF/thirdparty/freertos/freertos-7.3.0/source/timers.o
 .text.prvTimerTask
                0x00082068      0x170 src/ASF/thirdparty/freertos/freertos-7.3.0/source/timers.o
 .text.adc_setup
                0x000821d8       0x74 src/SensorHandling.o
                0x000821d8                adc_setup
 .text.sensorCheck
                0x0008224c      0x154 src/SensorHandling.o
                0x0008224c                sensorCheck
 .text.getSensorValues
                0x000823a0       0x3c src/SensorHandling.o
                0x000823a0                getSensorValues
 .text.sysclk_init
                0x000823dc       0x64 src/ASF/common/services/clock/sam3x/sysclk.o
                0x000823dc                sysclk_init
 .text.board_init
                0x00082440       0x80 src/ASF/sam/boards/arduino_due_x/init.o
                0x00082440                board_init
 .text.pio_set_peripheral
                0x000824c0       0x40 src/ASF/sam/drivers/pio/pio.o
                0x000824c0                pio_set_peripheral
 .text.pio_set_input
                0x00082500       0x34 src/ASF/sam/drivers/pio/pio.o
                0x00082500                pio_set_input
 .text.pio_set_output
                0x00082534       0x28 src/ASF/sam/drivers/pio/pio.o
                0x00082534                pio_set_output
 .text.pio_get_interrupt_status
                0x0008255c        0x4 src/ASF/sam/drivers/pio/pio.o
                0x0008255c                pio_get_interrupt_status
 .text.pio_get_interrupt_mask
                0x00082560        0x4 src/ASF/sam/drivers/pio/pio.o
                0x00082560                pio_get_interrupt_mask
 .text.pio_configure_pin
                0x00082564       0xd4 src/ASF/sam/drivers/pio/pio.o
                0x00082564                pio_configure_pin
 .text.pio_configure_pin_group
                0x00082638       0xa0 src/ASF/sam/drivers/pio/pio.o
                0x00082638                pio_configure_pin_group
 .text.pio_handler_process
                0x000826d8       0x58 src/ASF/sam/drivers/pio/pio_handler.o
                0x000826d8                pio_handler_process
 .text.PIOA_Handler
                0x00082730       0x14 src/ASF/sam/drivers/pio/pio_handler.o
                0x00082730                PIOA_Handler
 .text.PIOB_Handler
                0x00082744       0x14 src/ASF/sam/drivers/pio/pio_handler.o
                0x00082744                PIOB_Handler
 .text.PIOC_Handler
                0x00082758       0x14 src/ASF/sam/drivers/pio/pio_handler.o
                0x00082758                PIOC_Handler
 .text.PIOD_Handler
                0x0008276c       0x14 src/ASF/sam/drivers/pio/pio_handler.o
                0x0008276c                PIOD_Handler
 .text.pmc_switch_mck_to_pllack
                0x00082780       0x64 src/ASF/sam/drivers/pmc/pmc.o
                0x00082780                pmc_switch_mck_to_pllack
 .text.pmc_switch_mainck_to_xtal
                0x000827e4       0x54 src/ASF/sam/drivers/pmc/pmc.o
                0x000827e4                pmc_switch_mainck_to_xtal
 .text.pmc_osc_is_ready_mainck
                0x00082838       0x10 src/ASF/sam/drivers/pmc/pmc.o
                0x00082838                pmc_osc_is_ready_mainck
 .text.pmc_disable_pllack
                0x00082848       0x10 src/ASF/sam/drivers/pmc/pmc.o
                0x00082848                pmc_disable_pllack
 .text.pmc_is_locked_pllack
                0x00082858       0x10 src/ASF/sam/drivers/pmc/pmc.o
                0x00082858                pmc_is_locked_pllack
 .text.pmc_enable_periph_clk
                0x00082868       0x58 src/ASF/sam/drivers/pmc/pmc.o
                0x00082868                pmc_enable_periph_clk
 .text.Dummy_Handler
                0x000828c0        0x4 src/ASF/sam/utils/cmsis/sam3x/source/templates/exceptions.o
                0x000828c0                DACC_Handler
                0x000828c0                DebugMon_Handler
                0x000828c0                DMAC_Handler
                0x000828c0                TRNG_Handler
                0x000828c0                HardFault_Handler
                0x000828c0                TC2_Handler
                0x000828c0                USART3_Handler
                0x000828c0                TWI1_Handler
                0x000828c0                NMI_Handler
                0x000828c0                TC7_Handler
                0x000828c0                ADC_Handler
                0x000828c0                SMC_Handler
                0x000828c0                USART0_Handler
                0x000828c0                RTT_Handler
                0x000828c0                EFC1_Handler
                0x000828c0                RTC_Handler
                0x000828c0                UsageFault_Handler
                0x000828c0                TC6_Handler
                0x000828c0                WDT_Handler
                0x000828c0                CAN0_Handler
                0x000828c0                TC4_Handler
                0x000828c0                TC1_Handler
                0x000828c0                HSMCI_Handler
                0x000828c0                TC3_Handler
                0x000828c0                Dummy_Handler
                0x000828c0                TWI0_Handler
                0x000828c0                USART1_Handler
                0x000828c0                SSC_Handler
                0x000828c0                EFC0_Handler
                0x000828c0                PMC_Handler
                0x000828c0                PWM_Handler
                0x000828c0                CAN1_Handler
                0x000828c0                MemManage_Handler
                0x000828c0                SUPC_Handler
                0x000828c0                TC8_Handler
                0x000828c0                USART2_Handler
                0x000828c0                EMAC_Handler
                0x000828c0                UART_Handler
                0x000828c0                BusFault_Handler
                0x000828c0                RSTC_Handler
                0x000828c0                TC0_Handler
                0x000828c0                TC5_Handler
                0x000828c0                UOTGHS_Handler
                0x000828c0                SPI0_Handler
 .text.Reset_Handler
                0x000828c4       0xb0 src/ASF/sam/utils/cmsis/sam3x/source/templates/gcc/startup_sam3x.o
                0x000828c4                Reset_Handler
 .text.SystemCoreClockUpdate
                0x00082974      0x11c src/ASF/sam/utils/cmsis/sam3x/source/templates/system_sam3x.o
                0x00082974                SystemCoreClockUpdate
 .text.system_init_flash
                0x00082a90       0x88 src/ASF/sam/utils/cmsis/sam3x/source/templates/system_sam3x.o
                0x00082a90                system_init_flash
 .text._sbrk    0x00082b18       0x34 src/ASF/sam/utils/syscalls/gcc/syscalls.o
                0x00082b18                _sbrk
 .text._close   0x00082b4c        0x8 src/ASF/sam/utils/syscalls/gcc/syscalls.o
                0x00082b4c                _close
 .text._fstat   0x00082b54        0xc src/ASF/sam/utils/syscalls/gcc/syscalls.o
                0x00082b54                _fstat
 .text._isatty  0x00082b60        0x4 src/ASF/sam/utils/syscalls/gcc/syscalls.o
                0x00082b60                _isatty
 .text._lseek   0x00082b64        0x4 src/ASF/sam/utils/syscalls/gcc/syscalls.o
                0x00082b64                _lseek
 .text.usart_serial_getchar
                0x00082b68       0xa8 src/main.o
 .text.usart_serial_putchar
                0x00082c10       0xa8 src/main.o
 .text.arduino_setup
                0x00082cb8       0x3c src/main.o
                0x00082cb8                arduino_setup
 .text.main     0x00082cf4       0xd8 src/main.o
                0x00082cf4                main
 .text          0x00082dcc      0x370 c:/program files (x86)/atmel/atmel toolchain/arm gcc/native/4.8.1437/arm-gnu-toolchain/bin/../lib/gcc/arm-none-eabi/4.8.4/armv7-m\libgcc.a(_arm_addsubdf3.o)
                0x00082dcc                __aeabi_drsub
                0x00082dd4                __aeabi_dsub
                0x00082dd4                __subdf3
                0x00082dd8                __aeabi_dadd
                0x00082dd8                __adddf3
                0x00083050                __floatunsidf
                0x00083050                __aeabi_ui2d
                0x00083070                __floatsidf
                0x00083070                __aeabi_i2d
                0x00083094                __aeabi_f2d
                0x00083094                __extendsfdf2
                0x000830d0                __floatundidf
                0x000830d0                __aeabi_ul2d
                0x000830e0                __floatdidf
                0x000830e0                __aeabi_l2d
 .text          0x0008313c      0x424 c:/program files (x86)/atmel/atmel toolchain/arm gcc/native/4.8.1437/arm-gnu-toolchain/bin/../lib/gcc/arm-none-eabi/4.8.4/armv7-m\libgcc.a(_arm_muldivdf3.o)
                0x0008313c                __aeabi_dmul
                0x0008313c                __muldf3
                0x00083390                __divdf3
                0x00083390                __aeabi_ddiv
 .text          0x00083560      0x110 c:/program files (x86)/atmel/atmel toolchain/arm gcc/native/4.8.1437/arm-gnu-toolchain/bin/../lib/gcc/arm-none-eabi/4.8.4/armv7-m\libgcc.a(_arm_cmpdf2.o)
                0x00083560                __gtdf2
                0x00083560                __gedf2
                0x00083568                __ltdf2
                0x00083568                __ledf2
                0x00083570                __nedf2
                0x00083570                __eqdf2
                0x00083570                __cmpdf2
                0x000835ec                __aeabi_cdrcmple
                0x000835fc                __aeabi_cdcmpeq
                0x000835fc                __aeabi_cdcmple
                0x0008360c                __aeabi_dcmpeq
                0x00083620                __aeabi_dcmplt
                0x00083634                __aeabi_dcmple
                0x00083648                __aeabi_dcmpge
                0x0008365c                __aeabi_dcmpgt
 .text          0x00083670       0x40 c:/program files (x86)/atmel/atmel toolchain/arm gcc/native/4.8.1437/arm-gnu-toolchain/bin/../lib/gcc/arm-none-eabi/4.8.4/armv7-m\libgcc.a(_arm_fixunsdfsi.o)
                0x00083670                __aeabi_d2uiz
                0x00083670                __fixunsdfsi
 .text.__libc_init_array
                0x000836b0       0x50 c:/program files (x86)/atmel/atmel toolchain/arm gcc/native/4.8.1437/arm-gnu-toolchain/bin/../lib/gcc/arm-none-eabi/4.8.4/../../../../arm-none-eabi/lib/armv7-m\libc.a(lib_a-init.o)
                0x000836b0                __libc_init_array
 .text.iprintf  0x00083700       0x28 c:/program files (x86)/atmel/atmel toolchain/arm gcc/native/4.8.1437/arm-gnu-toolchain/bin/../lib/gcc/arm-none-eabi/4.8.4/../../../../arm-none-eabi/lib/armv7-m\libc.a(lib_a-iprintf.o)
                0x00083700                iprintf
 .text          0x00083728       0xec c:/program files (x86)/atmel/atmel toolchain/arm gcc/native/4.8.1437/arm-gnu-toolchain/bin/../lib/gcc/arm-none-eabi/4.8.4/../../../../arm-none-eabi/lib/armv7-m\libc.a(lib_a-memcpy.o)
                0x00083728                memcpy
 .text.memset   0x00083814       0x94 c:/program files (x86)/atmel/atmel toolchain/arm gcc/native/4.8.1437/arm-gnu-toolchain/bin/../lib/gcc/arm-none-eabi/4.8.4/../../../../arm-none-eabi/lib/armv7-m\libc.a(lib_a-memset.o)
                0x00083814                memset
 .text.setbuf   0x000838a8       0x10 c:/program files (x86)/atmel/atmel toolchain/arm gcc/native/4.8.1437/arm-gnu-toolchain/bin/../lib/gcc/arm-none-eabi/4.8.4/../../../../arm-none-eabi/lib/armv7-m\libc.a(lib_a-setbuf.o)
                0x000838a8                setbuf
 .text.setvbuf  0x000838b8      0x100 c:/program files (x86)/atmel/atmel toolchain/arm gcc/native/4.8.1437/arm-gnu-toolchain/bin/../lib/gcc/arm-none-eabi/4.8.4/../../../../arm-none-eabi/lib/armv7-m\libc.a(lib_a-setvbuf.o)
                0x000838b8                setvbuf
 .text.strlen   0x000839b8       0x60 c:/program files (x86)/atmel/atmel toolchain/arm gcc/native/4.8.1437/arm-gnu-toolchain/bin/../lib/gcc/arm-none-eabi/4.8.4/../../../../arm-none-eabi/lib/armv7-m\libc.a(lib_a-strlen.o)
                0x000839b8                strlen
 .text.strncpy  0x00083a18       0x64 c:/program files (x86)/atmel/atmel toolchain/arm gcc/native/4.8.1437/arm-gnu-toolchain/bin/../lib/gcc/arm-none-eabi/4.8.4/../../../../arm-none-eabi/lib/armv7-m\libc.a(lib_a-strncpy.o)
                0x00083a18                strncpy
 .text.__sprint_r.part.0
                0x00083a7c       0x78 c:/program files (x86)/atmel/atmel toolchain/arm gcc/native/4.8.1437/arm-gnu-toolchain/bin/../lib/gcc/arm-none-eabi/4.8.4/../../../../arm-none-eabi/lib/armv7-m\libc.a(lib_a-vfiprintf.o)
 .text._vfiprintf_r
                0x00083af4      0xc54 c:/program files (x86)/atmel/atmel toolchain/arm gcc/native/4.8.1437/arm-gnu-toolchain/bin/../lib/gcc/arm-none-eabi/4.8.4/../../../../arm-none-eabi/lib/armv7-m\libc.a(lib_a-vfiprintf.o)
                0x00083af4                _vfiprintf_r
 .text.__sbprintf
                0x00084748       0x7c c:/program files (x86)/atmel/atmel toolchain/arm gcc/native/4.8.1437/arm-gnu-toolchain/bin/../lib/gcc/arm-none-eabi/4.8.4/../../../../arm-none-eabi/lib/armv7-m\libc.a(lib_a-vfiprintf.o)
 .text.__swsetup_r
                0x000847c4       0xc4 c:/program files (x86)/atmel/atmel toolchain/arm gcc/native/4.8.1437/arm-gnu-toolchain/bin/../lib/gcc/arm-none-eabi/4.8.4/../../../../arm-none-eabi/lib/armv7-m\libc.a(lib_a-wsetup.o)
                0x000847c4                __swsetup_r
 .text.startup.register_fini
                0x00084888       0x14 c:/program files (x86)/atmel/atmel toolchain/arm gcc/native/4.8.1437/arm-gnu-toolchain/bin/../lib/gcc/arm-none-eabi/4.8.4/../../../../arm-none-eabi/lib/armv7-m\libc.a(lib_a-__call_atexit.o)
 .text.atexit   0x0008489c        0xc c:/program files (x86)/atmel/atmel toolchain/arm gcc/native/4.8.1437/arm-gnu-toolchain/bin/../lib/gcc/arm-none-eabi/4.8.4/../../../../arm-none-eabi/lib/armv7-m\libc.a(lib_a-atexit.o)
                0x0008489c                atexit
 .text.__sflush_r
                0x000848a8      0x148 c:/program files (x86)/atmel/atmel toolchain/arm gcc/native/4.8.1437/arm-gnu-toolchain/bin/../lib/gcc/arm-none-eabi/4.8.4/../../../../arm-none-eabi/lib/armv7-m\libc.a(lib_a-fflush.o)
                0x000848a8                __sflush_r
 .text._fflush_r
                0x000849f0       0x2c c:/program files (x86)/atmel/atmel toolchain/arm gcc/native/4.8.1437/arm-gnu-toolchain/bin/../lib/gcc/arm-none-eabi/4.8.4/../../../../arm-none-eabi/lib/armv7-m\libc.a(lib_a-fflush.o)
                0x000849f0                _fflush_r
 .text._cleanup_r
                0x00084a1c        0xc c:/program files (x86)/atmel/atmel toolchain/arm gcc/native/4.8.1437/arm-gnu-toolchain/bin/../lib/gcc/arm-none-eabi/4.8.4/../../../../arm-none-eabi/lib/armv7-m\libc.a(lib_a-findfp.o)
                0x00084a1c                _cleanup_r
 .text.__sinit  0x00084a28       0xf4 c:/program files (x86)/atmel/atmel toolchain/arm gcc/native/4.8.1437/arm-gnu-toolchain/bin/../lib/gcc/arm-none-eabi/4.8.4/../../../../arm-none-eabi/lib/armv7-m\libc.a(lib_a-findfp.o)
                0x00084a28                __sinit
 .text.__sfp_lock_acquire
                0x00084b1c        0x4 c:/program files (x86)/atmel/atmel toolchain/arm gcc/native/4.8.1437/arm-gnu-toolchain/bin/../lib/gcc/arm-none-eabi/4.8.4/../../../../arm-none-eabi/lib/armv7-m\libc.a(lib_a-findfp.o)
                0x00084b1c                __sfp_lock_acquire
 .text.__sfp_lock_release
                0x00084b20        0x4 c:/program files (x86)/atmel/atmel toolchain/arm gcc/native/4.8.1437/arm-gnu-toolchain/bin/../lib/gcc/arm-none-eabi/4.8.4/../../../../arm-none-eabi/lib/armv7-m\libc.a(lib_a-findfp.o)
                0x00084b20                __sfp_lock_release
 .text.__libc_fini_array
                0x00084b24       0x30 c:/program files (x86)/atmel/atmel toolchain/arm gcc/native/4.8.1437/arm-gnu-toolchain/bin/../lib/gcc/arm-none-eabi/4.8.4/../../../../arm-none-eabi/lib/armv7-m\libc.a(lib_a-fini.o)
                0x00084b24                __libc_fini_array
 .text._fputwc_r
                0x00084b54       0xc0 c:/program files (x86)/atmel/atmel toolchain/arm gcc/native/4.8.1437/arm-gnu-toolchain/bin/../lib/gcc/arm-none-eabi/4.8.4/../../../../arm-none-eabi/lib/armv7-m\libc.a(lib_a-fputwc.o)
                0x00084b54                _fputwc_r
 .text._malloc_trim_r
                0x00084c14       0x9c c:/program files (x86)/atmel/atmel toolchain/arm gcc/native/4.8.1437/arm-gnu-toolchain/bin/../lib/gcc/arm-none-eabi/4.8.4/../../../../arm-none-eabi/lib/armv7-m\libc.a(lib_a-freer.o)
                0x00084c14                _malloc_trim_r
 .text._free_r  0x00084cb0      0x198 c:/program files (x86)/atmel/atmel toolchain/arm gcc/native/4.8.1437/arm-gnu-toolchain/bin/../lib/gcc/arm-none-eabi/4.8.4/../../../../arm-none-eabi/lib/armv7-m\libc.a(lib_a-freer.o)
                0x00084cb0                _free_r
 .text.__sfvwrite_r
                0x00084e48      0x318 c:/program files (x86)/atmel/atmel toolchain/arm gcc/native/4.8.1437/arm-gnu-toolchain/bin/../lib/gcc/arm-none-eabi/4.8.4/../../../../arm-none-eabi/lib/armv7-m\libc.a(lib_a-fvwrite.o)
                0x00084e48                __sfvwrite_r
 .text._fwalk   0x00085160       0x48 c:/program files (x86)/atmel/atmel toolchain/arm gcc/native/4.8.1437/arm-gnu-toolchain/bin/../lib/gcc/arm-none-eabi/4.8.4/../../../../arm-none-eabi/lib/armv7-m\libc.a(lib_a-fwalk.o)
                0x00085160                _fwalk
 .text.__locale_charset
                0x000851a8        0x8 c:/program files (x86)/atmel/atmel toolchain/arm gcc/native/4.8.1437/arm-gnu-toolchain/bin/../lib/gcc/arm-none-eabi/4.8.4/../../../../arm-none-eabi/lib/armv7-m\libc.a(lib_a-locale.o)
                0x000851a8                __locale_charset
 .text.__locale_mb_cur_max
                0x000851b0        0xc c:/program files (x86)/atmel/atmel toolchain/arm gcc/native/4.8.1437/arm-gnu-toolchain/bin/../lib/gcc/arm-none-eabi/4.8.4/../../../../arm-none-eabi/lib/armv7-m\libc.a(lib_a-locale.o)
                0x000851b0                __locale_mb_cur_max
 .text.__smakebuf_r
                0x000851bc       0xe0 c:/program files (x86)/atmel/atmel toolchain/arm gcc/native/4.8.1437/arm-gnu-toolchain/bin/../lib/gcc/arm-none-eabi/4.8.4/../../../../arm-none-eabi/lib/armv7-m\libc.a(lib_a-makebuf.o)
                0x000851bc                __smakebuf_r
 .text.malloc   0x0008529c       0x10 c:/program files (x86)/atmel/atmel toolchain/arm gcc/native/4.8.1437/arm-gnu-toolchain/bin/../lib/gcc/arm-none-eabi/4.8.4/../../../../arm-none-eabi/lib/armv7-m\libc.a(lib_a-malloc.o)
                0x0008529c                malloc
 .text._malloc_r
                0x000852ac      0x538 c:/program files (x86)/atmel/atmel toolchain/arm gcc/native/4.8.1437/arm-gnu-toolchain/bin/../lib/gcc/arm-none-eabi/4.8.4/../../../../arm-none-eabi/lib/armv7-m\libc.a(lib_a-mallocr.o)
                0x000852ac                _malloc_r
 .text.memchr   0x000857e4       0x94 c:/program files (x86)/atmel/atmel toolchain/arm gcc/native/4.8.1437/arm-gnu-toolchain/bin/../lib/gcc/arm-none-eabi/4.8.4/../../../../arm-none-eabi/lib/armv7-m\libc.a(lib_a-memchr-stub.o)
                0x000857e4                memchr
 .text.memmove  0x00085878       0xcc c:/program files (x86)/atmel/atmel toolchain/arm gcc/native/4.8.1437/arm-gnu-toolchain/bin/../lib/gcc/arm-none-eabi/4.8.4/../../../../arm-none-eabi/lib/armv7-m\libc.a(lib_a-memmove.o)
                0x00085878                memmove
 .text.__malloc_lock
                0x00085944        0x4 c:/program files (x86)/atmel/atmel toolchain/arm gcc/native/4.8.1437/arm-gnu-toolchain/bin/../lib/gcc/arm-none-eabi/4.8.4/../../../../arm-none-eabi/lib/armv7-m\libc.a(lib_a-mlock.o)
                0x00085944                __malloc_lock
 .text.__malloc_unlock
                0x00085948        0x4 c:/program files (x86)/atmel/atmel toolchain/arm gcc/native/4.8.1437/arm-gnu-toolchain/bin/../lib/gcc/arm-none-eabi/4.8.4/../../../../arm-none-eabi/lib/armv7-m\libc.a(lib_a-mlock.o)
                0x00085948                __malloc_unlock
 .text._realloc_r
                0x0008594c      0x3c0 c:/program files (x86)/atmel/atmel toolchain/arm gcc/native/4.8.1437/arm-gnu-toolchain/bin/../lib/gcc/arm-none-eabi/4.8.4/../../../../arm-none-eabi/lib/armv7-m\libc.a(lib_a-reallocr.o)
                0x0008594c                _realloc_r
 .text._sbrk_r  0x00085d0c       0x24 c:/program files (x86)/atmel/atmel toolchain/arm gcc/native/4.8.1437/arm-gnu-toolchain/bin/../lib/gcc/arm-none-eabi/4.8.4/../../../../arm-none-eabi/lib/armv7-m\libc.a(lib_a-sbrkr.o)
                0x00085d0c                _sbrk_r
 .text.__sread  0x00085d30       0x24 c:/program files (x86)/atmel/atmel toolchain/arm gcc/native/4.8.1437/arm-gnu-toolchain/bin/../lib/gcc/arm-none-eabi/4.8.4/../../../../arm-none-eabi/lib/armv7-m\libc.a(lib_a-stdio.o)
                0x00085d30                __sread
 .text.__swrite
                0x00085d54       0x38 c:/program files (x86)/atmel/atmel toolchain/arm gcc/native/4.8.1437/arm-gnu-toolchain/bin/../lib/gcc/arm-none-eabi/4.8.4/../../../../arm-none-eabi/lib/armv7-m\libc.a(lib_a-stdio.o)
                0x00085d54                __swrite
 .text.__sseek  0x00085d8c       0x20 c:/program files (x86)/atmel/atmel toolchain/arm gcc/native/4.8.1437/arm-gnu-toolchain/bin/../lib/gcc/arm-none-eabi/4.8.4/../../../../arm-none-eabi/lib/armv7-m\libc.a(lib_a-stdio.o)
                0x00085d8c                __sseek
 .text.__sclose
                0x00085dac        0x8 c:/program files (x86)/atmel/atmel toolchain/arm gcc/native/4.8.1437/arm-gnu-toolchain/bin/../lib/gcc/arm-none-eabi/4.8.4/../../../../arm-none-eabi/lib/armv7-m\libc.a(lib_a-stdio.o)
                0x00085dac                __sclose
 .text.__swbuf_r
                0x00085db4       0xa8 c:/program files (x86)/atmel/atmel toolchain/arm gcc/native/4.8.1437/arm-gnu-toolchain/bin/../lib/gcc/arm-none-eabi/4.8.4/../../../../arm-none-eabi/lib/armv7-m\libc.a(lib_a-wbuf.o)
                0x00085db4                __swbuf_r
 .text._wcrtomb_r
                0x00085e5c       0x50 c:/program files (x86)/atmel/atmel toolchain/arm gcc/native/4.8.1437/arm-gnu-toolchain/bin/../lib/gcc/arm-none-eabi/4.8.4/../../../../arm-none-eabi/lib/armv7-m\libc.a(lib_a-wcrtomb.o)
                0x00085e5c                _wcrtomb_r
 .text.__ascii_wctomb
                0x00085eac       0x1c c:/program files (x86)/atmel/atmel toolchain/arm gcc/native/4.8.1437/arm-gnu-toolchain/bin/../lib/gcc/arm-none-eabi/4.8.4/../../../../arm-none-eabi/lib/armv7-m\libc.a(lib_a-wctomb_r.o)
                0x00085eac                __ascii_wctomb
 .text._write_r
                0x00085ec8       0x28 c:/program files (x86)/atmel/atmel toolchain/arm gcc/native/4.8.1437/arm-gnu-toolchain/bin/../lib/gcc/arm-none-eabi/4.8.4/../../../../arm-none-eabi/lib/armv7-m\libc.a(lib_a-writer.o)
                0x00085ec8                _write_r
 .text.__register_exitproc
                0x00085ef0       0xa8 c:/program files (x86)/atmel/atmel toolchain/arm gcc/native/4.8.1437/arm-gnu-toolchain/bin/../lib/gcc/arm-none-eabi/4.8.4/../../../../arm-none-eabi/lib/armv7-m\libc.a(lib_a-__atexit.o)
                0x00085ef0                __register_exitproc
 .text._close_r
                0x00085f98       0x24 c:/program files (x86)/atmel/atmel toolchain/arm gcc/native/4.8.1437/arm-gnu-toolchain/bin/../lib/gcc/arm-none-eabi/4.8.4/../../../../arm-none-eabi/lib/armv7-m\libc.a(lib_a-closer.o)
                0x00085f98                _close_r
 .text._fclose_r
                0x00085fbc       0x80 c:/program files (x86)/atmel/atmel toolchain/arm gcc/native/4.8.1437/arm-gnu-toolchain/bin/../lib/gcc/arm-none-eabi/4.8.4/../../../../arm-none-eabi/lib/armv7-m\libc.a(lib_a-fclose.o)
                0x00085fbc                _fclose_r
 .text.fclose   0x0008603c       0x10 c:/program files (x86)/atmel/atmel toolchain/arm gcc/native/4.8.1437/arm-gnu-toolchain/bin/../lib/gcc/arm-none-eabi/4.8.4/../../../../arm-none-eabi/lib/armv7-m\libc.a(lib_a-fclose.o)
                0x0008603c                fclose
 .text._fstat_r
                0x0008604c       0x28 c:/program files (x86)/atmel/atmel toolchain/arm gcc/native/4.8.1437/arm-gnu-toolchain/bin/../lib/gcc/arm-none-eabi/4.8.4/../../../../arm-none-eabi/lib/armv7-m\libc.a(lib_a-fstatr.o)
                0x0008604c                _fstat_r
 .text._isatty_r
                0x00086074       0x24 c:/program files (x86)/atmel/atmel toolchain/arm gcc/native/4.8.1437/arm-gnu-toolchain/bin/../lib/gcc/arm-none-eabi/4.8.4/../../../../arm-none-eabi/lib/armv7-m\libc.a(lib_a-isattyr.o)
                0x00086074                _isatty_r
 .text._lseek_r
                0x00086098       0x28 c:/program files (x86)/atmel/atmel toolchain/arm gcc/native/4.8.1437/arm-gnu-toolchain/bin/../lib/gcc/arm-none-eabi/4.8.4/../../../../arm-none-eabi/lib/armv7-m\libc.a(lib_a-lseekr.o)
                0x00086098                _lseek_r
 .text._read_r  0x000860c0       0x28 c:/program files (x86)/atmel/atmel toolchain/arm gcc/native/4.8.1437/arm-gnu-toolchain/bin/../lib/gcc/arm-none-eabi/4.8.4/../../../../arm-none-eabi/lib/armv7-m\libc.a(lib_a-readr.o)
                0x000860c0                _read_r
 .text          0x000860e8       0x2c c:/program files (x86)/atmel/atmel toolchain/arm gcc/native/4.8.1437/arm-gnu-toolchain/bin/../lib/gcc/arm-none-eabi/4.8.4/armv7-m\libgcc.a(_aeabi_uldivmod.o)
                0x000860e8                __aeabi_uldivmod
 .text          0x00086114       0x60 c:/program files (x86)/atmel/atmel toolchain/arm gcc/native/4.8.1437/arm-gnu-toolchain/bin/../lib/gcc/arm-none-eabi/4.8.4/armv7-m\libgcc.a(bpabi.o)
                0x00086114                __gnu_ldivmod_helper
                0x00086144                __gnu_uldivmod_helper
 .text          0x00086174        0x4 c:/program files (x86)/atmel/atmel toolchain/arm gcc/native/4.8.1437/arm-gnu-toolchain/bin/../lib/gcc/arm-none-eabi/4.8.4/armv7-m\libgcc.a(_dvmd_tls.o)
                0x00086174                __aeabi_idiv0
                0x00086174                __aeabi_ldiv0
 .text          0x00086178      0x2a0 c:/program files (x86)/atmel/atmel toolchain/arm gcc/native/4.8.1437/arm-gnu-toolchain/bin/../lib/gcc/arm-none-eabi/4.8.4/armv7-m\libgcc.a(_divdi3.o)
                0x00086178                __divdi3
 .text          0x00086418      0x290 c:/program files (x86)/atmel/atmel toolchain/arm gcc/native/4.8.1437/arm-gnu-toolchain/bin/../lib/gcc/arm-none-eabi/4.8.4/armv7-m\libgcc.a(_udivdi3.o)
                0x00086418                __udivdi3
 *(.glue_7t)
 .glue_7t       0x00000000        0x0 linker stubs
 *(.glue_7)
 .glue_7        0x00000000        0x0 linker stubs
 *(.rodata .rodata* .gnu.linkonce.r.*)
 .rodata.str1.4
                0x000866a8       0x4f src/FanHandling.o
                                 0x50 (size before relaxing)
 *fill*         0x000866f7        0x1 
 .rodata.str1.4
                0x000866f8       0xa0 src/Regulation.o
 .rodata        0x00086798       0x2c src/ASF/sam/drivers/pwm/pwm.o
 .rodata.str1.4
                0x000867c4       0x1f src/ASF/thirdparty/freertos/freertos-7.3.0/source/tasks.o
                                 0x20 (size before relaxing)
 *fill*         0x000867e3        0x1 
 .rodata.str1.4
                0x000867e4        0x8 src/ASF/thirdparty/freertos/freertos-7.3.0/source/timers.o
 .rodata.str1.4
                0x000867ec       0x26 src/main.o
                                 0x28 (size before relaxing)
 *fill*         0x00086812        0x2 
 .rodata.str1.4
                0x00086814        0x2 c:/program files (x86)/atmel/atmel toolchain/arm gcc/native/4.8.1437/arm-gnu-toolchain/bin/../lib/gcc/arm-none-eabi/4.8.4/../../../../arm-none-eabi/lib/armv7-m\libc.a(lib_a-impure.o)
                                  0x4 (size before relaxing)
 *fill*         0x00086816        0x2 
 .rodata._global_impure_ptr
                0x00086818        0x4 c:/program files (x86)/atmel/atmel toolchain/arm gcc/native/4.8.1437/arm-gnu-toolchain/bin/../lib/gcc/arm-none-eabi/4.8.4/../../../../arm-none-eabi/lib/armv7-m\libc.a(lib_a-impure.o)
                0x00086818                _global_impure_ptr
 .rodata.str1.4
                0x0008681c       0x30 c:/program files (x86)/atmel/atmel toolchain/arm gcc/native/4.8.1437/arm-gnu-toolchain/bin/../lib/gcc/arm-none-eabi/4.8.4/../../../../arm-none-eabi/lib/armv7-m\libc.a(lib_a-vfiprintf.o)
 .rodata.zeroes.6721
                0x0008684c       0x10 c:/program files (x86)/atmel/atmel toolchain/arm gcc/native/4.8.1437/arm-gnu-toolchain/bin/../lib/gcc/arm-none-eabi/4.8.4/../../../../arm-none-eabi/lib/armv7-m\libc.a(lib_a-vfiprintf.o)
 .rodata.blanks.6720
                0x0008685c       0x10 c:/program files (x86)/atmel/atmel toolchain/arm gcc/native/4.8.1437/arm-gnu-toolchain/bin/../lib/gcc/arm-none-eabi/4.8.4/../../../../arm-none-eabi/lib/armv7-m\libc.a(lib_a-vfiprintf.o)
 *(.ARM.extab* .gnu.linkonce.armextab.*)
                0x0008686c                . = ALIGN (0x4)
 *(.init)
 .init          0x0008686c        0x4 c:/program files (x86)/atmel/atmel toolchain/arm gcc/native/4.8.1437/arm-gnu-toolchain/bin/../lib/gcc/arm-none-eabi/4.8.4/armv7-m/crti.o
                0x0008686c                _init
 .init          0x00086870        0x8 c:/program files (x86)/atmel/atmel toolchain/arm gcc/native/4.8.1437/arm-gnu-toolchain/bin/../lib/gcc/arm-none-eabi/4.8.4/armv7-m/crtn.o
                0x00086878                . = ALIGN (0x4)
                0x00086878                __preinit_array_start = .
 *(.preinit_array)
                0x00086878                __preinit_array_end = .
                0x00086878                . = ALIGN (0x4)
                0x00086878                __init_array_start = .
 *(SORT(.init_array.*))
 .init_array.00000
                0x00086878        0x4 c:/program files (x86)/atmel/atmel toolchain/arm gcc/native/4.8.1437/arm-gnu-toolchain/bin/../lib/gcc/arm-none-eabi/4.8.4/../../../../arm-none-eabi/lib/armv7-m\libc.a(lib_a-__call_atexit.o)
 *(.init_array)
 .init_array    0x0008687c        0x4 c:/program files (x86)/atmel/atmel toolchain/arm gcc/native/4.8.1437/arm-gnu-toolchain/bin/../lib/gcc/arm-none-eabi/4.8.4/armv7-m/crtbegin.o
                0x00086880                __init_array_end = .
                0x00086880                . = ALIGN (0x4)
 *crtbegin.o(.ctors)
 *(EXCLUDE_FILE(*crtend.o) .ctors)
 *(SORT(.ctors.*))
 *crtend.o(.ctors)
                0x00086880                . = ALIGN (0x4)
 *(.fini)
 .fini          0x00086880        0x4 c:/program files (x86)/atmel/atmel toolchain/arm gcc/native/4.8.1437/arm-gnu-toolchain/bin/../lib/gcc/arm-none-eabi/4.8.4/armv7-m/crti.o
                0x00086880                _fini
 .fini          0x00086884        0x8 c:/program files (x86)/atmel/atmel toolchain/arm gcc/native/4.8.1437/arm-gnu-toolchain/bin/../lib/gcc/arm-none-eabi/4.8.4/armv7-m/crtn.o
                0x0008688c                . = ALIGN (0x4)
                0x0008688c                __fini_array_start = .
 *(.fini_array)
 .fini_array    0x0008688c        0x4 c:/program files (x86)/atmel/atmel toolchain/arm gcc/native/4.8.1437/arm-gnu-toolchain/bin/../lib/gcc/arm-none-eabi/4.8.4/armv7-m/crtbegin.o
 *(SORT(.fini_array.*))
                0x00086890                __fini_array_end = .
 *crtbegin.o(.dtors)
 *(EXCLUDE_FILE(*crtend.o) .dtors)
 *(SORT(.dtors.*))
 *crtend.o(.dtors)
                0x00086890                . = ALIGN (0x4)
                0x00086890                _efixed = .
                0x00086890                PROVIDE (__exidx_start, .)

.vfp11_veneer   0x00086890        0x0
 .vfp11_veneer  0x00000000        0x0 linker stubs

.v4_bx          0x00086890        0x0
 .v4_bx         0x00000000        0x0 linker stubs

.iplt           0x00086890        0x0
 .iplt          0x00000000        0x0 c:/program files (x86)/atmel/atmel toolchain/arm gcc/native/4.8.1437/arm-gnu-toolchain/bin/../lib/gcc/arm-none-eabi/4.8.4/armv7-m/crtbegin.o

.ARM.exidx      0x00086890        0x8
 *(.ARM.exidx* .gnu.linkonce.armexidx.*)
 .ARM.exidx     0x00086890        0x8 c:/program files (x86)/atmel/atmel toolchain/arm gcc/native/4.8.1437/arm-gnu-toolchain/bin/../lib/gcc/arm-none-eabi/4.8.4/armv7-m\libgcc.a(_divdi3.o)
 .ARM.exidx     0x00086898        0x0 c:/program files (x86)/atmel/atmel toolchain/arm gcc/native/4.8.1437/arm-gnu-toolchain/bin/../lib/gcc/arm-none-eabi/4.8.4/armv7-m\libgcc.a(_udivdi3.o)
                                  0x8 (size before relaxing)
                0x00086898                PROVIDE (__exidx_end, .)

.eh_frame       0x00086898        0x0
 .eh_frame      0x00086898        0x0 c:/program files (x86)/atmel/atmel toolchain/arm gcc/native/4.8.1437/arm-gnu-toolchain/bin/../lib/gcc/arm-none-eabi/4.8.4/armv7-m/crtbegin.o

.rel.dyn        0x00086898        0x0
 .rel.iplt      0x00000000        0x0 c:/program files (x86)/atmel/atmel toolchain/arm gcc/native/4.8.1437/arm-gnu-toolchain/bin/../lib/gcc/arm-none-eabi/4.8.4/armv7-m/crtbegin.o

.jcr            0x00086898        0x0
 .jcr           0x00086898        0x0 c:/program files (x86)/atmel/atmel toolchain/arm gcc/native/4.8.1437/arm-gnu-toolchain/bin/../lib/gcc/arm-none-eabi/4.8.4/armv7-m/crtbegin.o

.igot.plt       0x00086898        0x0
 .igot.plt      0x00000000        0x0 c:/program files (x86)/atmel/atmel toolchain/arm gcc/native/4.8.1437/arm-gnu-toolchain/bin/../lib/gcc/arm-none-eabi/4.8.4/armv7-m/crtbegin.o
                0x00086898                . = ALIGN (0x4)
                0x00086898                _etext = .

.relocate       0x20070000      0x8ac load address 0x00086898
                0x20070000                . = ALIGN (0x4)
                0x20070000                _srelocate = .
 *(.ramfunc .ramfunc.*)
 *(.data .data.*)
 .data.dT       0x20070000        0x8 src/Regulation.o
                0x20070000                dT
 .data.BR_set_value
                0x20070008        0x4 src/Regulation.o
                0x20070008                BR_set_value
 *fill*         0x2007000c        0x4 
 .data.Kp       0x20070010        0x8 src/Regulation.o
                0x20070010                Kp
 .data.TD       0x20070018        0x8 src/Regulation.o
                0x20070018                TD
 .data.TI       0x20070020        0x8 src/Regulation.o
                0x20070020                TI
 .data.FR_set_value
                0x20070028        0x4 src/Regulation.o
                0x20070028                FR_set_value
 .data.FL_set_value
                0x2007002c        0x4 src/Regulation.o
                0x2007002c                FL_set_value
 .data.BL_set_value
                0x20070030        0x4 src/Regulation.o
                0x20070030                BL_set_value
 .data.uxCriticalNesting
                0x20070034        0x4 src/ASF/thirdparty/freertos/freertos-7.3.0/source/portable/gcc/sam/port.o
 .data.xFreeBytesRemaining
                0x20070038        0x4 src/ASF/thirdparty/freertos/freertos-7.3.0/source/portable/memmang/heap_4.o
 .data.xNextTaskUnblockTime
                0x2007003c        0x4 src/ASF/thirdparty/freertos/freertos-7.3.0/source/tasks.o
 .data.SystemCoreClock
                0x20070040        0x4 src/ASF/sam/utils/cmsis/sam3x/source/templates/system_sam3x.o
                0x20070040                SystemCoreClock
 *fill*         0x20070044        0x4 
 .data.impure_data
                0x20070048      0x428 c:/program files (x86)/atmel/atmel toolchain/arm gcc/native/4.8.1437/arm-gnu-toolchain/bin/../lib/gcc/arm-none-eabi/4.8.4/../../../../arm-none-eabi/lib/armv7-m\libc.a(lib_a-impure.o)
 .data._impure_ptr
                0x20070470        0x4 c:/program files (x86)/atmel/atmel toolchain/arm gcc/native/4.8.1437/arm-gnu-toolchain/bin/../lib/gcc/arm-none-eabi/4.8.4/../../../../arm-none-eabi/lib/armv7-m\libc.a(lib_a-impure.o)
                0x20070470                _impure_ptr
 .data.lc_ctype_charset
                0x20070474       0x20 c:/program files (x86)/atmel/atmel toolchain/arm gcc/native/4.8.1437/arm-gnu-toolchain/bin/../lib/gcc/arm-none-eabi/4.8.4/../../../../arm-none-eabi/lib/armv7-m\libc.a(lib_a-locale.o)
 .data.__mb_cur_max
                0x20070494        0x4 c:/program files (x86)/atmel/atmel toolchain/arm gcc/native/4.8.1437/arm-gnu-toolchain/bin/../lib/gcc/arm-none-eabi/4.8.4/../../../../arm-none-eabi/lib/armv7-m\libc.a(lib_a-locale.o)
                0x20070494                __mb_cur_max
 .data.__malloc_av_
                0x20070498      0x408 c:/program files (x86)/atmel/atmel toolchain/arm gcc/native/4.8.1437/arm-gnu-toolchain/bin/../lib/gcc/arm-none-eabi/4.8.4/../../../../arm-none-eabi/lib/armv7-m\libc.a(lib_a-mallocr.o)
                0x20070498                __malloc_av_
 .data.__malloc_trim_threshold
                0x200708a0        0x4 c:/program files (x86)/atmel/atmel toolchain/arm gcc/native/4.8.1437/arm-gnu-toolchain/bin/../lib/gcc/arm-none-eabi/4.8.4/../../../../arm-none-eabi/lib/armv7-m\libc.a(lib_a-mallocr.o)
                0x200708a0                __malloc_trim_threshold
 .data.__malloc_sbrk_base
                0x200708a4        0x4 c:/program files (x86)/atmel/atmel toolchain/arm gcc/native/4.8.1437/arm-gnu-toolchain/bin/../lib/gcc/arm-none-eabi/4.8.4/../../../../arm-none-eabi/lib/armv7-m\libc.a(lib_a-mallocr.o)
                0x200708a4                __malloc_sbrk_base
 .data.__wctomb
                0x200708a8        0x4 c:/program files (x86)/atmel/atmel toolchain/arm gcc/native/4.8.1437/arm-gnu-toolchain/bin/../lib/gcc/arm-none-eabi/4.8.4/../../../../arm-none-eabi/lib/armv7-m\libc.a(lib_a-wctomb_r.o)
                0x200708a8                __wctomb
                0x200708ac                . = ALIGN (0x4)
                0x200708ac                _erelocate = .

.bss            0x200708b0     0xa430 load address 0x00087148
                0x200708b0                . = ALIGN (0x4)
                0x200708b0                _sbss = .
                0x200708b0                _szero = .
 *(.bss .bss.*)
 .bss           0x200708b0       0x1c c:/program files (x86)/atmel/atmel toolchain/arm gcc/native/4.8.1437/arm-gnu-toolchain/bin/../lib/gcc/arm-none-eabi/4.8.4/armv7-m/crtbegin.o
 *fill*         0x200708cc        0x4 
 .bss.BR_P      0x200708d0        0x8 src/Regulation.o
                0x200708d0                BR_P
 .bss.FR_error_value
                0x200708d8        0x4 src/Regulation.o
                0x200708d8                FR_error_value
 *fill*         0x200708dc        0x4 
 .bss.FR_I      0x200708e0        0x8 src/Regulation.o
                0x200708e0                FR_I
 .bss.PID       0x200708e8        0x8 src/Regulation.o
                0x200708e8                PID
 .bss.FL_D      0x200708f0        0x8 src/Regulation.o
                0x200708f0                FL_D
 .bss.BL_D      0x200708f8        0x8 src/Regulation.o
                0x200708f8                BL_D
 .bss.BR_error_value
                0x20070900        0x4 src/Regulation.o
                0x20070900                BR_error_value
 .bss.BL_error_value
                0x20070904        0x4 src/Regulation.o
                0x20070904                BL_error_value
 .bss.BL_I      0x20070908        0x8 src/Regulation.o
                0x20070908                BL_I
 .bss.FL_error_value
                0x20070910        0x4 src/Regulation.o
                0x20070910                FL_error_value
 .bss.FR_Old_error
                0x20070914        0x4 src/Regulation.o
                0x20070914                FR_Old_error
 .bss.BL_P      0x20070918        0x8 src/Regulation.o
                0x20070918                BL_P
 .bss.FL_I      0x20070920        0x8 src/Regulation.o
                0x20070920                FL_I
 .bss.FR_P      0x20070928        0x8 src/Regulation.o
                0x20070928                FR_P
 .bss.FL_P      0x20070930        0x8 src/Regulation.o
                0x20070930                FL_P
 .bss.FL_Old_error
                0x20070938        0x4 src/Regulation.o
                0x20070938                FL_Old_error
 *fill*         0x2007093c        0x4 
 .bss.BR_D      0x20070940        0x8 src/Regulation.o
                0x20070940                BR_D
 .bss.BR_Old_error
                0x20070948        0x4 src/Regulation.o
                0x20070948                BR_Old_error
 .bss.BL_Old_error
                0x2007094c        0x4 src/Regulation.o
                0x2007094c                BL_Old_error
 .bss.BR_I      0x20070950        0x8 src/Regulation.o
                0x20070950                BR_I
 .bss.FR_D      0x20070958        0x8 src/Regulation.o
                0x20070958                FR_D
 .bss.xHeap     0x20070960     0xa000 src/ASF/thirdparty/freertos/freertos-7.3.0/source/portable/memmang/heap_4.o
 .bss.pxEnd     0x2007a960        0x4 src/ASF/thirdparty/freertos/freertos-7.3.0/source/portable/memmang/heap_4.o
 .bss.xStart    0x2007a964        0x8 src/ASF/thirdparty/freertos/freertos-7.3.0/source/portable/memmang/heap_4.o
 .bss.uxMissedTicks
                0x2007a96c        0x4 src/ASF/thirdparty/freertos/freertos-7.3.0/source/tasks.o
 .bss.xSuspendedTaskList
                0x2007a970       0x14 src/ASF/thirdparty/freertos/freertos-7.3.0/source/tasks.o
 .bss.pxDelayedTaskList
                0x2007a984        0x4 src/ASF/thirdparty/freertos/freertos-7.3.0/source/tasks.o
 .bss.xSchedulerRunning
                0x2007a988        0x4 src/ASF/thirdparty/freertos/freertos-7.3.0/source/tasks.o
 .bss.uxTasksDeleted
                0x2007a98c        0x4 src/ASF/thirdparty/freertos/freertos-7.3.0/source/tasks.o
 .bss.xTasksWaitingTermination
                0x2007a990       0x14 src/ASF/thirdparty/freertos/freertos-7.3.0/source/tasks.o
 .bss.xDelayedTaskList2
                0x2007a9a4       0x14 src/ASF/thirdparty/freertos/freertos-7.3.0/source/tasks.o
 .bss.uxTopReadyPriority
                0x2007a9b8        0x4 src/ASF/thirdparty/freertos/freertos-7.3.0/source/tasks.o
 .bss.pxReadyTasksLists
                0x2007a9bc       0x64 src/ASF/thirdparty/freertos/freertos-7.3.0/source/tasks.o
 .bss.uxSchedulerSuspended
                0x2007aa20        0x4 src/ASF/thirdparty/freertos/freertos-7.3.0/source/tasks.o
 .bss.pxCurrentTCB
                0x2007aa24        0x4 src/ASF/thirdparty/freertos/freertos-7.3.0/source/tasks.o
                0x2007aa24                pxCurrentTCB
 .bss.xPendingReadyList
                0x2007aa28       0x14 src/ASF/thirdparty/freertos/freertos-7.3.0/source/tasks.o
 .bss.xNumOfOverflows
                0x2007aa3c        0x4 src/ASF/thirdparty/freertos/freertos-7.3.0/source/tasks.o
 .bss.xTickCount
                0x2007aa40        0x4 src/ASF/thirdparty/freertos/freertos-7.3.0/source/tasks.o
 .bss.pxOverflowDelayedTaskList
                0x2007aa44        0x4 src/ASF/thirdparty/freertos/freertos-7.3.0/source/tasks.o
 .bss.uxTaskNumber
                0x2007aa48        0x4 src/ASF/thirdparty/freertos/freertos-7.3.0/source/tasks.o
 .bss.xDelayedTaskList1
                0x2007aa4c       0x14 src/ASF/thirdparty/freertos/freertos-7.3.0/source/tasks.o
 .bss.xMissedYield
                0x2007aa60        0x4 src/ASF/thirdparty/freertos/freertos-7.3.0/source/tasks.o
 .bss.uxCurrentNumberOfTasks
                0x2007aa64        0x4 src/ASF/thirdparty/freertos/freertos-7.3.0/source/tasks.o
 .bss.uxTopUsedPriority
                0x2007aa68        0x4 src/ASF/thirdparty/freertos/freertos-7.3.0/source/tasks.o
 .bss.pxCurrentTimerList
                0x2007aa6c        0x4 src/ASF/thirdparty/freertos/freertos-7.3.0/source/timers.o
 .bss.xActiveTimerList1
                0x2007aa70       0x14 src/ASF/thirdparty/freertos/freertos-7.3.0/source/timers.o
 .bss.xActiveTimerList2
                0x2007aa84       0x14 src/ASF/thirdparty/freertos/freertos-7.3.0/source/timers.o
 .bss.xLastTime.4487
                0x2007aa98        0x4 src/ASF/thirdparty/freertos/freertos-7.3.0/source/timers.o
 .bss.xTimerQueue
                0x2007aa9c        0x4 src/ASF/thirdparty/freertos/freertos-7.3.0/source/timers.o
 .bss.pxOverflowTimerList
                0x2007aaa0        0x4 src/ASF/thirdparty/freertos/freertos-7.3.0/source/timers.o
 .bss.BR_Sum    0x2007aaa4        0x4 src/SensorHandling.o
                0x2007aaa4                BR_Sum
 .bss.BL_Sum    0x2007aaa8        0x4 src/SensorHandling.o
                0x2007aaa8                BL_Sum
 .bss.FR_Sum    0x2007aaac        0x4 src/SensorHandling.o
                0x2007aaac                FR_Sum
 .bss.FL_Sum    0x2007aab0        0x4 src/SensorHandling.o
                0x2007aab0                FL_Sum
 .bss.count     0x2007aab4        0x1 src/SensorHandling.o
                0x2007aab4                count
 *fill*         0x2007aab5        0x3 
 .bss.gs_interrupt_sources
                0x2007aab8       0x70 src/ASF/sam/drivers/pio/pio_handler.o
 .bss.heap.5098
                0x2007ab28        0x4 src/ASF/sam/utils/syscalls/gcc/syscalls.o
 .bss.__malloc_max_total_mem
                0x2007ab2c        0x4 c:/program files (x86)/atmel/atmel toolchain/arm gcc/native/4.8.1437/arm-gnu-toolchain/bin/../lib/gcc/arm-none-eabi/4.8.4/../../../../arm-none-eabi/lib/armv7-m\libc.a(lib_a-mallocr.o)
                0x2007ab2c                __malloc_max_total_mem
 .bss.__malloc_max_sbrked_mem
                0x2007ab30        0x4 c:/program files (x86)/atmel/atmel toolchain/arm gcc/native/4.8.1437/arm-gnu-toolchain/bin/../lib/gcc/arm-none-eabi/4.8.4/../../../../arm-none-eabi/lib/armv7-m\libc.a(lib_a-mallocr.o)
                0x2007ab30                __malloc_max_sbrked_mem
 .bss.__malloc_top_pad
                0x2007ab34        0x4 c:/program files (x86)/atmel/atmel toolchain/arm gcc/native/4.8.1437/arm-gnu-toolchain/bin/../lib/gcc/arm-none-eabi/4.8.4/../../../../arm-none-eabi/lib/armv7-m\libc.a(lib_a-mallocr.o)
                0x2007ab34                __malloc_top_pad
 .bss.__malloc_current_mallinfo
                0x2007ab38       0x28 c:/program files (x86)/atmel/atmel toolchain/arm gcc/native/4.8.1437/arm-gnu-toolchain/bin/../lib/gcc/arm-none-eabi/4.8.4/../../../../arm-none-eabi/lib/armv7-m\libc.a(lib_a-mallocr.o)
                0x2007ab38                __malloc_current_mallinfo
 *(COMMON)
 COMMON         0x2007ab60        0x4 src/ASF/common/utils/stdio/read.o
                0x2007ab60                ptr_get
 COMMON         0x2007ab64        0x8 src/ASF/common/utils/stdio/write.o
                0x2007ab64                ptr_put
                0x2007ab68                stdio_base
 COMMON         0x2007ab6c      0x118 src/FanHandling.o
                0x2007ab6c                PWM_Pin_6
                0x2007ab94                PWM_Pin_7
                0x2007abbc                PWM_Pin_36
                0x2007abe4                PWM_Pin_9
                0x2007ac0c                PWM_Pin_40
                0x2007ac34                PWM_Pin_8
                0x2007ac5c                PWM_Pin_34
 COMMON         0x2007ac84        0x8 src/Regulation.o
                0x2007ac84                BR
                0x2007ac86                BL
                0x2007ac88                FR
                0x2007ac8a                FL
 COMMON         0x2007ac8c       0x50 src/SensorHandling.o
                0x2007ac8c                FL_Filter
                0x2007aca0                BR_Filter
                0x2007acb4                BL_Filter
                0x2007acc8                FR_Filter
 COMMON         0x2007acdc        0x4 c:/program files (x86)/atmel/atmel toolchain/arm gcc/native/4.8.1437/arm-gnu-toolchain/bin/../lib/gcc/arm-none-eabi/4.8.4/../../../../arm-none-eabi/lib/armv7-m\libc.a(lib_a-reent.o)
                0x2007acdc                errno
                0x2007ace0                . = ALIGN (0x4)
                0x2007ace0                _ebss = .
                0x2007ace0                _ezero = .

.stack          0x2007ace0     0x2000 load address 0x00091578
                0x2007ace0                . = ALIGN (0x8)
                0x2007ace0                _sstack = .
                0x2007cce0                . = (. + __stack_size__)
 *fill*         0x2007ace0     0x2000 
                0x2007cce0                . = ALIGN (0x8)
                0x2007cce0                _estack = .
                0x2007cce0                . = ALIGN (0x4)
                0x2007cce0                _end = .
OUTPUT(HoverCraft.elf elf32-littlearm)

.ARM.attributes
                0x00000000       0x29
 .ARM.attributes
                0x00000000       0x1d c:/program files (x86)/atmel/atmel toolchain/arm gcc/native/4.8.1437/arm-gnu-toolchain/bin/../lib/gcc/arm-none-eabi/4.8.4/armv7-m/crti.o
 .ARM.attributes
                0x0000001d       0x2d c:/program files (x86)/atmel/atmel toolchain/arm gcc/native/4.8.1437/arm-gnu-toolchain/bin/../lib/gcc/arm-none-eabi/4.8.4/armv7-m/crtbegin.o
 .ARM.attributes
                0x0000004a       0x33 src/ASF/common/utils/stdio/read.o
 .ARM.attributes
                0x0000007d       0x33 src/ASF/common/utils/stdio/write.o
 .ARM.attributes
                0x000000b0       0x33 src/ASF/sam/drivers/uart/uart.o
 .ARM.attributes
                0x000000e3       0x33 src/FanHandling.o
 .ARM.attributes
                0x00000116       0x33 src/Regulation.o
 .ARM.attributes
                0x00000149       0x33 src/ASF/sam/drivers/adc/adc.o
 .ARM.attributes
                0x0000017c       0x33 src/ASF/sam/drivers/pwm/pwm.o
 .ARM.attributes
                0x000001af       0x33 src/ASF/sam/drivers/usart/usart.o
 .ARM.attributes
                0x000001e2       0x33 src/ASF/thirdparty/freertos/freertos-7.3.0/source/list.o
 .ARM.attributes
                0x00000215       0x33 src/ASF/thirdparty/freertos/freertos-7.3.0/source/portable/gcc/sam/port.o
 .ARM.attributes
                0x00000248       0x33 src/ASF/thirdparty/freertos/freertos-7.3.0/source/portable/memmang/heap_4.o
 .ARM.attributes
                0x0000027b       0x33 src/ASF/thirdparty/freertos/freertos-7.3.0/source/queue.o
 .ARM.attributes
                0x000002ae       0x33 src/ASF/thirdparty/freertos/freertos-7.3.0/source/tasks.o
 .ARM.attributes
                0x000002e1       0x33 src/ASF/thirdparty/freertos/freertos-7.3.0/source/timers.o
 .ARM.attributes
                0x00000314       0x33 src/SensorHandling.o
 .ARM.attributes
                0x00000347       0x33 src/ASF/common/services/clock/sam3x/sysclk.o
 .ARM.attributes
                0x0000037a       0x33 src/ASF/sam/boards/arduino_due_x/init.o
 .ARM.attributes
                0x000003ad       0x33 src/ASF/sam/drivers/pio/pio.o
 .ARM.attributes
                0x000003e0       0x33 src/ASF/sam/drivers/pio/pio_handler.o
 .ARM.attributes
                0x00000413       0x33 src/ASF/sam/drivers/pmc/pmc.o
 .ARM.attributes
                0x00000446       0x33 src/ASF/sam/utils/cmsis/sam3x/source/templates/exceptions.o
 .ARM.attributes
                0x00000479       0x33 src/ASF/sam/utils/cmsis/sam3x/source/templates/gcc/startup_sam3x.o
 .ARM.attributes
                0x000004ac       0x33 src/ASF/sam/utils/cmsis/sam3x/source/templates/system_sam3x.o
 .ARM.attributes
                0x000004df       0x33 src/ASF/sam/utils/syscalls/gcc/syscalls.o
 .ARM.attributes
                0x00000512       0x33 src/main.o
 .ARM.attributes
                0x00000545       0x1d c:/program files (x86)/atmel/atmel toolchain/arm gcc/native/4.8.1437/arm-gnu-toolchain/bin/../lib/gcc/arm-none-eabi/4.8.4/armv7-m\libgcc.a(_arm_addsubdf3.o)
 .ARM.attributes
                0x00000562       0x1d c:/program files (x86)/atmel/atmel toolchain/arm gcc/native/4.8.1437/arm-gnu-toolchain/bin/../lib/gcc/arm-none-eabi/4.8.4/armv7-m\libgcc.a(_arm_muldivdf3.o)
 .ARM.attributes
                0x0000057f       0x1d c:/program files (x86)/atmel/atmel toolchain/arm gcc/native/4.8.1437/arm-gnu-toolchain/bin/../lib/gcc/arm-none-eabi/4.8.4/armv7-m\libgcc.a(_arm_cmpdf2.o)
 .ARM.attributes
                0x0000059c       0x1d c:/program files (x86)/atmel/atmel toolchain/arm gcc/native/4.8.1437/arm-gnu-toolchain/bin/../lib/gcc/arm-none-eabi/4.8.4/armv7-m\libgcc.a(_arm_fixunsdfsi.o)
 .ARM.attributes
                0x000005b9       0x2d c:/program files (x86)/atmel/atmel toolchain/arm gcc/native/4.8.1437/arm-gnu-toolchain/bin/../lib/gcc/arm-none-eabi/4.8.4/../../../../arm-none-eabi/lib/armv7-m\libc.a(lib_a-impure.o)
 .ARM.attributes
                0x000005e6       0x2d c:/program files (x86)/atmel/atmel toolchain/arm gcc/native/4.8.1437/arm-gnu-toolchain/bin/../lib/gcc/arm-none-eabi/4.8.4/../../../../arm-none-eabi/lib/armv7-m\libc.a(lib_a-init.o)
 .ARM.attributes
                0x00000613       0x2d c:/program files (x86)/atmel/atmel toolchain/arm gcc/native/4.8.1437/arm-gnu-toolchain/bin/../lib/gcc/arm-none-eabi/4.8.4/../../../../arm-none-eabi/lib/armv7-m\libc.a(lib_a-iprintf.o)
 .ARM.attributes
                0x00000640       0x1b c:/program files (x86)/atmel/atmel toolchain/arm gcc/native/4.8.1437/arm-gnu-toolchain/bin/../lib/gcc/arm-none-eabi/4.8.4/../../../../arm-none-eabi/lib/armv7-m\libc.a(lib_a-memcpy.o)
 .ARM.attributes
                0x0000065b       0x2d c:/program files (x86)/atmel/atmel toolchain/arm gcc/native/4.8.1437/arm-gnu-toolchain/bin/../lib/gcc/arm-none-eabi/4.8.4/../../../../arm-none-eabi/lib/armv7-m\libc.a(lib_a-memset.o)
 .ARM.attributes
                0x00000688       0x2d c:/program files (x86)/atmel/atmel toolchain/arm gcc/native/4.8.1437/arm-gnu-toolchain/bin/../lib/gcc/arm-none-eabi/4.8.4/../../../../arm-none-eabi/lib/armv7-m\libc.a(lib_a-setbuf.o)
 .ARM.attributes
                0x000006b5       0x2d c:/program files (x86)/atmel/atmel toolchain/arm gcc/native/4.8.1437/arm-gnu-toolchain/bin/../lib/gcc/arm-none-eabi/4.8.4/../../../../arm-none-eabi/lib/armv7-m\libc.a(lib_a-setvbuf.o)
 .ARM.attributes
                0x000006e2       0x2d c:/program files (x86)/atmel/atmel toolchain/arm gcc/native/4.8.1437/arm-gnu-toolchain/bin/../lib/gcc/arm-none-eabi/4.8.4/../../../../arm-none-eabi/lib/armv7-m\libc.a(lib_a-strlen.o)
 .ARM.attributes
                0x0000070f       0x2d c:/program files (x86)/atmel/atmel toolchain/arm gcc/native/4.8.1437/arm-gnu-toolchain/bin/../lib/gcc/arm-none-eabi/4.8.4/../../../../arm-none-eabi/lib/armv7-m\libc.a(lib_a-strncpy.o)
 .ARM.attributes
                0x0000073c       0x2d c:/program files (x86)/atmel/atmel toolchain/arm gcc/native/4.8.1437/arm-gnu-toolchain/bin/../lib/gcc/arm-none-eabi/4.8.4/../../../../arm-none-eabi/lib/armv7-m\libc.a(lib_a-vfiprintf.o)
 .ARM.attributes
                0x00000769       0x2d c:/program files (x86)/atmel/atmel toolchain/arm gcc/native/4.8.1437/arm-gnu-toolchain/bin/../lib/gcc/arm-none-eabi/4.8.4/../../../../arm-none-eabi/lib/armv7-m\libc.a(lib_a-wsetup.o)
 .ARM.attributes
                0x00000796       0x2d c:/program files (x86)/atmel/atmel toolchain/arm gcc/native/4.8.1437/arm-gnu-toolchain/bin/../lib/gcc/arm-none-eabi/4.8.4/../../../../arm-none-eabi/lib/armv7-m\libc.a(lib_a-__call_atexit.o)
 .ARM.attributes
                0x000007c3       0x2d c:/program files (x86)/atmel/atmel toolchain/arm gcc/native/4.8.1437/arm-gnu-toolchain/bin/../lib/gcc/arm-none-eabi/4.8.4/../../../../arm-none-eabi/lib/armv7-m\libc.a(lib_a-atexit.o)
 .ARM.attributes
                0x000007f0       0x2d c:/program files (x86)/atmel/atmel toolchain/arm gcc/native/4.8.1437/arm-gnu-toolchain/bin/../lib/gcc/arm-none-eabi/4.8.4/../../../../arm-none-eabi/lib/armv7-m\libc.a(lib_a-fflush.o)
 .ARM.attributes
                0x0000081d       0x2d c:/program files (x86)/atmel/atmel toolchain/arm gcc/native/4.8.1437/arm-gnu-toolchain/bin/../lib/gcc/arm-none-eabi/4.8.4/../../../../arm-none-eabi/lib/armv7-m\libc.a(lib_a-findfp.o)
 .ARM.attributes
                0x0000084a       0x2d c:/program files (x86)/atmel/atmel toolchain/arm gcc/native/4.8.1437/arm-gnu-toolchain/bin/../lib/gcc/arm-none-eabi/4.8.4/../../../../arm-none-eabi/lib/armv7-m\libc.a(lib_a-fini.o)
 .ARM.attributes
                0x00000877       0x2d c:/program files (x86)/atmel/atmel toolchain/arm gcc/native/4.8.1437/arm-gnu-toolchain/bin/../lib/gcc/arm-none-eabi/4.8.4/../../../../arm-none-eabi/lib/armv7-m\libc.a(lib_a-fputwc.o)
 .ARM.attributes
                0x000008a4       0x2d c:/program files (x86)/atmel/atmel toolchain/arm gcc/native/4.8.1437/arm-gnu-toolchain/bin/../lib/gcc/arm-none-eabi/4.8.4/../../../../arm-none-eabi/lib/armv7-m\libc.a(lib_a-freer.o)
 .ARM.attributes
                0x000008d1       0x2d c:/program files (x86)/atmel/atmel toolchain/arm gcc/native/4.8.1437/arm-gnu-toolchain/bin/../lib/gcc/arm-none-eabi/4.8.4/../../../../arm-none-eabi/lib/armv7-m\libc.a(lib_a-fvwrite.o)
 .ARM.attributes
                0x000008fe       0x2d c:/program files (x86)/atmel/atmel toolchain/arm gcc/native/4.8.1437/arm-gnu-toolchain/bin/../lib/gcc/arm-none-eabi/4.8.4/../../../../arm-none-eabi/lib/armv7-m\libc.a(lib_a-fwalk.o)
 .ARM.attributes
                0x0000092b       0x2d c:/program files (x86)/atmel/atmel toolchain/arm gcc/native/4.8.1437/arm-gnu-toolchain/bin/../lib/gcc/arm-none-eabi/4.8.4/../../../../arm-none-eabi/lib/armv7-m\libc.a(lib_a-locale.o)
 .ARM.attributes
                0x00000958       0x2d c:/program files (x86)/atmel/atmel toolchain/arm gcc/native/4.8.1437/arm-gnu-toolchain/bin/../lib/gcc/arm-none-eabi/4.8.4/../../../../arm-none-eabi/lib/armv7-m\libc.a(lib_a-makebuf.o)
 .ARM.attributes
                0x00000985       0x2d c:/program files (x86)/atmel/atmel toolchain/arm gcc/native/4.8.1437/arm-gnu-toolchain/bin/../lib/gcc/arm-none-eabi/4.8.4/../../../../arm-none-eabi/lib/armv7-m\libc.a(lib_a-malloc.o)
 .ARM.attributes
                0x000009b2       0x2d c:/program files (x86)/atmel/atmel toolchain/arm gcc/native/4.8.1437/arm-gnu-toolchain/bin/../lib/gcc/arm-none-eabi/4.8.4/../../../../arm-none-eabi/lib/armv7-m\libc.a(lib_a-mallocr.o)
 .ARM.attributes
                0x000009df       0x2d c:/program files (x86)/atmel/atmel toolchain/arm gcc/native/4.8.1437/arm-gnu-toolchain/bin/../lib/gcc/arm-none-eabi/4.8.4/../../../../arm-none-eabi/lib/armv7-m\libc.a(lib_a-memchr-stub.o)
 .ARM.attributes
                0x00000a0c       0x2d c:/program files (x86)/atmel/atmel toolchain/arm gcc/native/4.8.1437/arm-gnu-toolchain/bin/../lib/gcc/arm-none-eabi/4.8.4/../../../../arm-none-eabi/lib/armv7-m\libc.a(lib_a-memmove.o)
 .ARM.attributes
                0x00000a39       0x2d c:/program files (x86)/atmel/atmel toolchain/arm gcc/native/4.8.1437/arm-gnu-toolchain/bin/../lib/gcc/arm-none-eabi/4.8.4/../../../../arm-none-eabi/lib/armv7-m\libc.a(lib_a-mlock.o)
 .ARM.attributes
                0x00000a66       0x2d c:/program files (x86)/atmel/atmel toolchain/arm gcc/native/4.8.1437/arm-gnu-toolchain/bin/../lib/gcc/arm-none-eabi/4.8.4/../../../../arm-none-eabi/lib/armv7-m\libc.a(lib_a-reallocr.o)
 .ARM.attributes
                0x00000a93       0x2d c:/program files (x86)/atmel/atmel toolchain/arm gcc/native/4.8.1437/arm-gnu-toolchain/bin/../lib/gcc/arm-none-eabi/4.8.4/../../../../arm-none-eabi/lib/armv7-m\libc.a(lib_a-sbrkr.o)
 .ARM.attributes
                0x00000ac0       0x2d c:/program files (x86)/atmel/atmel toolchain/arm gcc/native/4.8.1437/arm-gnu-toolchain/bin/../lib/gcc/arm-none-eabi/4.8.4/../../../../arm-none-eabi/lib/armv7-m\libc.a(lib_a-stdio.o)
 .ARM.attributes
                0x00000aed       0x2d c:/program files (x86)/atmel/atmel toolchain/arm gcc/native/4.8.1437/arm-gnu-toolchain/bin/../lib/gcc/arm-none-eabi/4.8.4/../../../../arm-none-eabi/lib/armv7-m\libc.a(lib_a-wbuf.o)
 .ARM.attributes
                0x00000b1a       0x2d c:/program files (x86)/atmel/atmel toolchain/arm gcc/native/4.8.1437/arm-gnu-toolchain/bin/../lib/gcc/arm-none-eabi/4.8.4/../../../../arm-none-eabi/lib/armv7-m\libc.a(lib_a-wcrtomb.o)
 .ARM.attributes
                0x00000b47       0x2d c:/program files (x86)/atmel/atmel toolchain/arm gcc/native/4.8.1437/arm-gnu-toolchain/bin/../lib/gcc/arm-none-eabi/4.8.4/../../../../arm-none-eabi/lib/armv7-m\libc.a(lib_a-wctomb_r.o)
 .ARM.attributes
                0x00000b74       0x2d c:/program files (x86)/atmel/atmel toolchain/arm gcc/native/4.8.1437/arm-gnu-toolchain/bin/../lib/gcc/arm-none-eabi/4.8.4/../../../../arm-none-eabi/lib/armv7-m\libc.a(lib_a-writer.o)
 .ARM.attributes
                0x00000ba1       0x2d c:/program files (x86)/atmel/atmel toolchain/arm gcc/native/4.8.1437/arm-gnu-toolchain/bin/../lib/gcc/arm-none-eabi/4.8.4/../../../../arm-none-eabi/lib/armv7-m\libc.a(lib_a-__atexit.o)
 .ARM.attributes
                0x00000bce       0x2d c:/program files (x86)/atmel/atmel toolchain/arm gcc/native/4.8.1437/arm-gnu-toolchain/bin/../lib/gcc/arm-none-eabi/4.8.4/../../../../arm-none-eabi/lib/armv7-m\libc.a(lib_a-closer.o)
 .ARM.attributes
                0x00000bfb       0x2d c:/program files (x86)/atmel/atmel toolchain/arm gcc/native/4.8.1437/arm-gnu-toolchain/bin/../lib/gcc/arm-none-eabi/4.8.4/../../../../arm-none-eabi/lib/armv7-m\libc.a(lib_a-fclose.o)
 .ARM.attributes
                0x00000c28       0x2d c:/program files (x86)/atmel/atmel toolchain/arm gcc/native/4.8.1437/arm-gnu-toolchain/bin/../lib/gcc/arm-none-eabi/4.8.4/../../../../arm-none-eabi/lib/armv7-m\libc.a(lib_a-fstatr.o)
 .ARM.attributes
                0x00000c55       0x2d c:/program files (x86)/atmel/atmel toolchain/arm gcc/native/4.8.1437/arm-gnu-toolchain/bin/../lib/gcc/arm-none-eabi/4.8.4/../../../../arm-none-eabi/lib/armv7-m\libc.a(lib_a-isattyr.o)
 .ARM.attributes
                0x00000c82       0x2d c:/program files (x86)/atmel/atmel toolchain/arm gcc/native/4.8.1437/arm-gnu-toolchain/bin/../lib/gcc/arm-none-eabi/4.8.4/../../../../arm-none-eabi/lib/armv7-m\libc.a(lib_a-lseekr.o)
 .ARM.attributes
                0x00000caf       0x2d c:/program files (x86)/atmel/atmel toolchain/arm gcc/native/4.8.1437/arm-gnu-toolchain/bin/../lib/gcc/arm-none-eabi/4.8.4/../../../../arm-none-eabi/lib/armv7-m\libc.a(lib_a-readr.o)
 .ARM.attributes
                0x00000cdc       0x2d c:/program files (x86)/atmel/atmel toolchain/arm gcc/native/4.8.1437/arm-gnu-toolchain/bin/../lib/gcc/arm-none-eabi/4.8.4/../../../../arm-none-eabi/lib/armv7-m\libc.a(lib_a-reent.o)
 .ARM.attributes
                0x00000d09       0x1d c:/program files (x86)/atmel/atmel toolchain/arm gcc/native/4.8.1437/arm-gnu-toolchain/bin/../lib/gcc/arm-none-eabi/4.8.4/armv7-m\libgcc.a(_aeabi_uldivmod.o)
 .ARM.attributes
                0x00000d26       0x2d c:/program files (x86)/atmel/atmel toolchain/arm gcc/native/4.8.1437/arm-gnu-toolchain/bin/../lib/gcc/arm-none-eabi/4.8.4/armv7-m\libgcc.a(bpabi.o)
 .ARM.attributes
                0x00000d53       0x1d c:/program files (x86)/atmel/atmel toolchain/arm gcc/native/4.8.1437/arm-gnu-toolchain/bin/../lib/gcc/arm-none-eabi/4.8.4/armv7-m\libgcc.a(_dvmd_tls.o)
 .ARM.attributes
                0x00000d70       0x2d c:/program files (x86)/atmel/atmel toolchain/arm gcc/native/4.8.1437/arm-gnu-toolchain/bin/../lib/gcc/arm-none-eabi/4.8.4/armv7-m\libgcc.a(_divdi3.o)
 .ARM.attributes
                0x00000d9d       0x2d c:/program files (x86)/atmel/atmel toolchain/arm gcc/native/4.8.1437/arm-gnu-toolchain/bin/../lib/gcc/arm-none-eabi/4.8.4/armv7-m\libgcc.a(_udivdi3.o)
 .ARM.attributes
                0x00000dca       0x1d c:/program files (x86)/atmel/atmel toolchain/arm gcc/native/4.8.1437/arm-gnu-toolchain/bin/../lib/gcc/arm-none-eabi/4.8.4/armv7-m/crtn.o

.comment        0x00000000       0x5b
 .comment       0x00000000       0x5b src/ASF/common/utils/stdio/read.o
                                 0x5c (size before relaxing)
 .comment       0x00000000       0x5c src/ASF/common/utils/stdio/write.o
 .comment       0x00000000       0x5c src/ASF/sam/drivers/uart/uart.o
 .comment       0x00000000       0x5c src/FanHandling.o
 .comment       0x00000000       0x5c src/Regulation.o
 .comment       0x00000000       0x5c src/ASF/sam/drivers/adc/adc.o
 .comment       0x00000000       0x5c src/ASF/sam/drivers/pwm/pwm.o
 .comment       0x00000000       0x5c src/ASF/sam/drivers/usart/usart.o
 .comment       0x00000000       0x5c src/ASF/thirdparty/freertos/freertos-7.3.0/source/list.o
 .comment       0x00000000       0x5c src/ASF/thirdparty/freertos/freertos-7.3.0/source/portable/gcc/sam/port.o
 .comment       0x00000000       0x5c src/ASF/thirdparty/freertos/freertos-7.3.0/source/portable/memmang/heap_4.o
 .comment       0x00000000       0x5c src/ASF/thirdparty/freertos/freertos-7.3.0/source/queue.o
 .comment       0x00000000       0x5c src/ASF/thirdparty/freertos/freertos-7.3.0/source/tasks.o
 .comment       0x00000000       0x5c src/ASF/thirdparty/freertos/freertos-7.3.0/source/timers.o
 .comment       0x00000000       0x5c src/SensorHandling.o
 .comment       0x00000000       0x5c src/ASF/common/services/clock/sam3x/sysclk.o
 .comment       0x00000000       0x5c src/ASF/sam/boards/arduino_due_x/init.o
 .comment       0x00000000       0x5c src/ASF/sam/drivers/pio/pio.o
 .comment       0x00000000       0x5c src/ASF/sam/drivers/pio/pio_handler.o
 .comment       0x00000000       0x5c src/ASF/sam/drivers/pmc/pmc.o
 .comment       0x00000000       0x5c src/ASF/sam/utils/cmsis/sam3x/source/templates/exceptions.o
 .comment       0x00000000       0x5c src/ASF/sam/utils/cmsis/sam3x/source/templates/gcc/startup_sam3x.o
 .comment       0x00000000       0x5c src/ASF/sam/utils/cmsis/sam3x/source/templates/system_sam3x.o
 .comment       0x00000000       0x5c src/ASF/sam/utils/syscalls/gcc/syscalls.o
 .comment       0x00000000       0x5c src/main.o

.debug_info     0x00000000    0x1308a
 .debug_info    0x00000000      0x1bb src/ASF/common/utils/stdio/read.o
 .debug_info    0x000001bb      0x1c0 src/ASF/common/utils/stdio/write.o
 .debug_info    0x0000037b      0x887 src/ASF/sam/drivers/uart/uart.o
 .debug_info    0x00000c02     0x1a4e src/FanHandling.o
 .debug_info    0x00002650     0x1406 src/Regulation.o
 .debug_info    0x00003a56     0x1188 src/ASF/sam/drivers/adc/adc.o
 .debug_info    0x00004bde     0x1572 src/ASF/sam/drivers/pwm/pwm.o
 .debug_info    0x00006150     0x1bf9 src/ASF/sam/drivers/usart/usart.o
 .debug_info    0x00007d49      0x2b7 src/ASF/thirdparty/freertos/freertos-7.3.0/source/list.o
 .debug_info    0x00008000      0x3a0 src/ASF/thirdparty/freertos/freertos-7.3.0/source/portable/gcc/sam/port.o
 .debug_info    0x000083a0      0x38d src/ASF/thirdparty/freertos/freertos-7.3.0/source/portable/memmang/heap_4.o
 .debug_info    0x0000872d      0xf9e src/ASF/thirdparty/freertos/freertos-7.3.0/source/queue.o
 .debug_info    0x000096cb     0x178d src/ASF/thirdparty/freertos/freertos-7.3.0/source/tasks.o
 .debug_info    0x0000ae58      0xb44 src/ASF/thirdparty/freertos/freertos-7.3.0/source/timers.o
 .debug_info    0x0000b99c     0x1164 src/SensorHandling.o
 .debug_info    0x0000cb00      0x796 src/ASF/common/services/clock/sam3x/sysclk.o
 .debug_info    0x0000d296      0x75a src/ASF/sam/boards/arduino_due_x/init.o
 .debug_info    0x0000d9f0     0x1383 src/ASF/sam/drivers/pio/pio.o
 .debug_info    0x0000ed73      0xe52 src/ASF/sam/drivers/pio/pio_handler.o
 .debug_info    0x0000fbc5     0x102d src/ASF/sam/drivers/pmc/pmc.o
 .debug_info    0x00010bf2       0xb9 src/ASF/sam/utils/cmsis/sam3x/source/templates/exceptions.o
 .debug_info    0x00010cab      0x36d src/ASF/sam/utils/cmsis/sam3x/source/templates/gcc/startup_sam3x.o
 .debug_info    0x00011018      0x476 src/ASF/sam/utils/cmsis/sam3x/source/templates/system_sam3x.o
 .debug_info    0x0001148e      0x43f src/ASF/sam/utils/syscalls/gcc/syscalls.o
 .debug_info    0x000118cd     0x17bd src/main.o

.debug_abbrev   0x00000000     0x3267
 .debug_abbrev  0x00000000      0x101 src/ASF/common/utils/stdio/read.o
 .debug_abbrev  0x00000101       0xf5 src/ASF/common/utils/stdio/write.o
 .debug_abbrev  0x000001f6      0x1bd src/ASF/sam/drivers/uart/uart.o
 .debug_abbrev  0x000003b3      0x23b src/FanHandling.o
 .debug_abbrev  0x000005ee      0x275 src/Regulation.o
 .debug_abbrev  0x00000863      0x226 src/ASF/sam/drivers/adc/adc.o
 .debug_abbrev  0x00000a89      0x231 src/ASF/sam/drivers/pwm/pwm.o
 .debug_abbrev  0x00000cba      0x2da src/ASF/sam/drivers/usart/usart.o
 .debug_abbrev  0x00000f94       0xfb src/ASF/thirdparty/freertos/freertos-7.3.0/source/list.o
 .debug_abbrev  0x0000108f      0x246 src/ASF/thirdparty/freertos/freertos-7.3.0/source/portable/gcc/sam/port.o
 .debug_abbrev  0x000012d5      0x220 src/ASF/thirdparty/freertos/freertos-7.3.0/source/portable/memmang/heap_4.o
 .debug_abbrev  0x000014f5      0x288 src/ASF/thirdparty/freertos/freertos-7.3.0/source/queue.o
 .debug_abbrev  0x0000177d      0x2e0 src/ASF/thirdparty/freertos/freertos-7.3.0/source/tasks.o
 .debug_abbrev  0x00001a5d      0x261 src/ASF/thirdparty/freertos/freertos-7.3.0/source/timers.o
 .debug_abbrev  0x00001cbe      0x2e3 src/SensorHandling.o
 .debug_abbrev  0x00001fa1      0x227 src/ASF/common/services/clock/sam3x/sysclk.o
 .debug_abbrev  0x000021c8      0x16f src/ASF/sam/boards/arduino_due_x/init.o
 .debug_abbrev  0x00002337      0x2d5 src/ASF/sam/drivers/pio/pio.o
 .debug_abbrev  0x0000260c      0x257 src/ASF/sam/drivers/pio/pio_handler.o
 .debug_abbrev  0x00002863      0x268 src/ASF/sam/drivers/pmc/pmc.o
 .debug_abbrev  0x00002acb       0x6c src/ASF/sam/utils/cmsis/sam3x/source/templates/exceptions.o
 .debug_abbrev  0x00002b37      0x109 src/ASF/sam/utils/cmsis/sam3x/source/templates/gcc/startup_sam3x.o
 .debug_abbrev  0x00002c40       0xf5 src/ASF/sam/utils/cmsis/sam3x/source/templates/system_sam3x.o
 .debug_abbrev  0x00002d35      0x14e src/ASF/sam/utils/syscalls/gcc/syscalls.o
 .debug_abbrev  0x00002e83      0x3e4 src/main.o

.debug_loc      0x00000000     0x887e
 .debug_loc     0x00000000       0xc5 src/ASF/common/utils/stdio/read.o
 .debug_loc     0x000000c5      0x161 src/ASF/common/utils/stdio/write.o
 .debug_loc     0x00000226      0x236 src/ASF/sam/drivers/uart/uart.o
 .debug_loc     0x0000045c      0x124 src/FanHandling.o
 .debug_loc     0x00000580      0x1b5 src/Regulation.o
 .debug_loc     0x00000735      0x980 src/ASF/sam/drivers/adc/adc.o
 .debug_loc     0x000010b5      0xd48 src/ASF/sam/drivers/pwm/pwm.o
 .debug_loc     0x00001dfd     0x128d src/ASF/sam/drivers/usart/usart.o
 .debug_loc     0x0000308a       0x85 src/ASF/thirdparty/freertos/freertos-7.3.0/source/list.o
 .debug_loc     0x0000310f      0x100 src/ASF/thirdparty/freertos/freertos-7.3.0/source/portable/gcc/sam/port.o
 .debug_loc     0x0000320f      0x371 src/ASF/thirdparty/freertos/freertos-7.3.0/source/portable/memmang/heap_4.o
 .debug_loc     0x00003580     0x1190 src/ASF/thirdparty/freertos/freertos-7.3.0/source/queue.o
 .debug_loc     0x00004710     0x1578 src/ASF/thirdparty/freertos/freertos-7.3.0/source/tasks.o
 .debug_loc     0x00005c88      0x9be src/ASF/thirdparty/freertos/freertos-7.3.0/source/timers.o
 .debug_loc     0x00006646       0xd9 src/SensorHandling.o
 .debug_loc     0x0000671f      0x12d src/ASF/common/services/clock/sam3x/sysclk.o
 .debug_loc     0x0000684c       0x20 src/ASF/sam/boards/arduino_due_x/init.o
 .debug_loc     0x0000686c      0xa62 src/ASF/sam/drivers/pio/pio.o
 .debug_loc     0x000072ce      0x53d src/ASF/sam/drivers/pio/pio_handler.o
 .debug_loc     0x0000780b      0xbd2 src/ASF/sam/drivers/pmc/pmc.o
 .debug_loc     0x000083dd       0x7e src/ASF/sam/utils/cmsis/sam3x/source/templates/gcc/startup_sam3x.o
 .debug_loc     0x0000845b      0x12b src/ASF/sam/utils/syscalls/gcc/syscalls.o
 .debug_loc     0x00008586      0x2f8 src/main.o

.debug_aranges  0x00000000      0xf88
 .debug_aranges
                0x00000000       0x20 src/ASF/common/utils/stdio/read.o
 .debug_aranges
                0x00000020       0x20 src/ASF/common/utils/stdio/write.o
 .debug_aranges
                0x00000040       0xe8 src/ASF/sam/drivers/uart/uart.o
 .debug_aranges
                0x00000128       0x28 src/FanHandling.o
 .debug_aranges
                0x00000150       0x28 src/Regulation.o
 .debug_aranges
                0x00000178      0x178 src/ASF/sam/drivers/adc/adc.o
 .debug_aranges
                0x000002f0      0x158 src/ASF/sam/drivers/pwm/pwm.o
 .debug_aranges
                0x00000448      0x2a8 src/ASF/sam/drivers/usart/usart.o
 .debug_aranges
                0x000006f0       0x40 src/ASF/thirdparty/freertos/freertos-7.3.0/source/list.o
 .debug_aranges
                0x00000730       0x80 src/ASF/thirdparty/freertos/freertos-7.3.0/source/portable/gcc/sam/port.o
 .debug_aranges
                0x000007b0       0x40 src/ASF/thirdparty/freertos/freertos-7.3.0/source/portable/memmang/heap_4.o
 .debug_aranges
                0x000007f0       0xd0 src/ASF/thirdparty/freertos/freertos-7.3.0/source/queue.o
 .debug_aranges
                0x000008c0      0x130 src/ASF/thirdparty/freertos/freertos-7.3.0/source/tasks.o
 .debug_aranges
                0x000009f0       0x60 src/ASF/thirdparty/freertos/freertos-7.3.0/source/timers.o
 .debug_aranges
                0x00000a50       0x30 src/SensorHandling.o
 .debug_aranges
                0x00000a80       0x40 src/ASF/common/services/clock/sam3x/sysclk.o
 .debug_aranges
                0x00000ac0       0x20 src/ASF/sam/boards/arduino_due_x/init.o
 .debug_aranges
                0x00000ae0      0x148 src/ASF/sam/drivers/pio/pio.o
 .debug_aranges
                0x00000c28       0x58 src/ASF/sam/drivers/pio/pio_handler.o
 .debug_aranges
                0x00000c80      0x1f8 src/ASF/sam/drivers/pmc/pmc.o
 .debug_aranges
                0x00000e78       0x20 src/ASF/sam/utils/cmsis/sam3x/source/templates/exceptions.o
 .debug_aranges
                0x00000e98       0x20 src/ASF/sam/utils/cmsis/sam3x/source/templates/gcc/startup_sam3x.o
 .debug_aranges
                0x00000eb8       0x30 src/ASF/sam/utils/cmsis/sam3x/source/templates/system_sam3x.o
 .debug_aranges
                0x00000ee8       0x60 src/ASF/sam/utils/syscalls/gcc/syscalls.o
 .debug_aranges
                0x00000f48       0x40 src/main.o

.debug_ranges   0x00000000      0xeb0
 .debug_ranges  0x00000000       0x10 src/ASF/common/utils/stdio/read.o
 .debug_ranges  0x00000010       0x10 src/ASF/common/utils/stdio/write.o
 .debug_ranges  0x00000020       0xd8 src/ASF/sam/drivers/uart/uart.o
 .debug_ranges  0x000000f8       0x18 src/FanHandling.o
 .debug_ranges  0x00000110       0x18 src/Regulation.o
 .debug_ranges  0x00000128      0x168 src/ASF/sam/drivers/adc/adc.o
 .debug_ranges  0x00000290      0x148 src/ASF/sam/drivers/pwm/pwm.o
 .debug_ranges  0x000003d8      0x298 src/ASF/sam/drivers/usart/usart.o
 .debug_ranges  0x00000670       0x30 src/ASF/thirdparty/freertos/freertos-7.3.0/source/list.o
 .debug_ranges  0x000006a0       0x70 src/ASF/thirdparty/freertos/freertos-7.3.0/source/portable/gcc/sam/port.o
 .debug_ranges  0x00000710       0x30 src/ASF/thirdparty/freertos/freertos-7.3.0/source/portable/memmang/heap_4.o
 .debug_ranges  0x00000740       0xd8 src/ASF/thirdparty/freertos/freertos-7.3.0/source/queue.o
 .debug_ranges  0x00000818      0x168 src/ASF/thirdparty/freertos/freertos-7.3.0/source/tasks.o
 .debug_ranges  0x00000980       0xa8 src/ASF/thirdparty/freertos/freertos-7.3.0/source/timers.o
 .debug_ranges  0x00000a28       0x20 src/SensorHandling.o
 .debug_ranges  0x00000a48       0x30 src/ASF/common/services/clock/sam3x/sysclk.o
 .debug_ranges  0x00000a78       0x10 src/ASF/sam/boards/arduino_due_x/init.o
 .debug_ranges  0x00000a88      0x138 src/ASF/sam/drivers/pio/pio.o
 .debug_ranges  0x00000bc0       0x48 src/ASF/sam/drivers/pio/pio_handler.o
 .debug_ranges  0x00000c08      0x1e8 src/ASF/sam/drivers/pmc/pmc.o
 .debug_ranges  0x00000df0       0x10 src/ASF/sam/utils/cmsis/sam3x/source/templates/exceptions.o
 .debug_ranges  0x00000e00       0x10 src/ASF/sam/utils/cmsis/sam3x/source/templates/gcc/startup_sam3x.o
 .debug_ranges  0x00000e10       0x20 src/ASF/sam/utils/cmsis/sam3x/source/templates/system_sam3x.o
 .debug_ranges  0x00000e30       0x50 src/ASF/sam/utils/syscalls/gcc/syscalls.o
 .debug_ranges  0x00000e80       0x30 src/main.o

.debug_macro    0x00000000     0x7b2c
 .debug_macro   0x00000000      0x4ad src/ASF/common/utils/stdio/read.o
 .debug_macro   0x000004ad      0x4ad src/ASF/common/utils/stdio/write.o
 .debug_macro   0x0000095a      0x4bc src/ASF/sam/drivers/uart/uart.o
 .debug_macro   0x00000e16       0x16 src/ASF/sam/drivers/uart/uart.o
 .debug_macro   0x00000e2c      0x6b4 src/FanHandling.o
 .debug_macro   0x000014e0       0x1c src/FanHandling.o
 .debug_macro   0x000014fc       0x46 src/FanHandling.o
 .debug_macro   0x00001542      0x100 src/FanHandling.o
 .debug_macro   0x00001642       0x99 src/FanHandling.o
 .debug_macro   0x000016db       0x12 src/FanHandling.o
 .debug_macro   0x000016ed       0x1f src/FanHandling.o
 .debug_macro   0x0000170c      0x1d9 src/FanHandling.o
 .debug_macro   0x000018e5       0x10 src/FanHandling.o
 .debug_macro   0x000018f5       0x16 src/FanHandling.o
 .debug_macro   0x0000190b       0x5e src/FanHandling.o
 .debug_macro   0x00001969       0x43 src/FanHandling.o
 .debug_macro   0x000019ac       0x96 src/FanHandling.o
 .debug_macro   0x00001a42       0x77 src/FanHandling.o
 .debug_macro   0x00001ab9       0x5d src/FanHandling.o
 .debug_macro   0x00001b16       0x5b src/FanHandling.o
 .debug_macro   0x00001b71       0x94 src/FanHandling.o
 .debug_macro   0x00001c05       0x40 src/FanHandling.o
 .debug_macro   0x00001c45       0x6a src/FanHandling.o
 .debug_macro   0x00001caf       0x34 src/FanHandling.o
 .debug_macro   0x00001ce3       0x10 src/FanHandling.o
 .debug_macro   0x00001cf3      0x6c3 src/Regulation.o
 .debug_macro   0x000023b6       0x22 src/Regulation.o
 .debug_macro   0x000023d8      0x4cd src/ASF/sam/drivers/adc/adc.o
 .debug_macro   0x000028a5      0x4e1 src/ASF/sam/drivers/pwm/pwm.o