Archive member included because of file (symbol)

c:/program files (x86)/atmel/atmel toolchain/arm gcc/native/4.8.1443/arm-gnu-toolchain/bin/../lib/gcc/arm-none-eabi/4.8.4/armv7-m\libgcc.a(_arm_addsubdf3.o)
                              src/Regulation.o (__aeabi_dadd)
c:/program files (x86)/atmel/atmel toolchain/arm gcc/native/4.8.1443/arm-gnu-toolchain/bin/../lib/gcc/arm-none-eabi/4.8.4/armv7-m\libgcc.a(_arm_muldivdf3.o)
                              src/Regulation.o (__aeabi_dmul)
c:/program files (x86)/atmel/atmel toolchain/arm gcc/native/4.8.1443/arm-gnu-toolchain/bin/../lib/gcc/arm-none-eabi/4.8.4/armv7-m\libgcc.a(_arm_cmpdf2.o)
                              src/Regulation.o (__aeabi_dcmple)
c:/program files (x86)/atmel/atmel toolchain/arm gcc/native/4.8.1443/arm-gnu-toolchain/bin/../lib/gcc/arm-none-eabi/4.8.4/armv7-m\libgcc.a(_arm_fixdfsi.o)
                              src/Regulation.o (__aeabi_d2iz)
c:/program files (x86)/atmel/atmel toolchain/arm gcc/native/4.8.1443/arm-gnu-toolchain/bin/../lib/gcc/arm-none-eabi/4.8.4/armv7-m\libgcc.a(_arm_fixunsdfsi.o)
                              src/Regulation.o (__aeabi_d2uiz)
c:/program files (x86)/atmel/atmel toolchain/arm gcc/native/4.8.1443/arm-gnu-toolchain/bin/../lib/gcc/arm-none-eabi/4.8.4/../../../../arm-none-eabi/lib/armv7-m\libc.a(lib_a-exit.o)
                              c:/program files (x86)/atmel/atmel toolchain/arm gcc/native/4.8.1443/arm-gnu-toolchain/bin/../lib/gcc/arm-none-eabi/4.8.4/../../../../arm-none-eabi/lib/armv7-m/crt0.o (exit)
c:/program files (x86)/atmel/atmel toolchain/arm gcc/native/4.8.1443/arm-gnu-toolchain/bin/../lib/gcc/arm-none-eabi/4.8.4/../../../../arm-none-eabi/lib/armv7-m\libc.a(lib_a-impure.o)
                              c:/program files (x86)/atmel/atmel toolchain/arm gcc/native/4.8.1443/arm-gnu-toolchain/bin/../lib/gcc/arm-none-eabi/4.8.4/../../../../arm-none-eabi/lib/armv7-m\libc.a(lib_a-exit.o) (_global_impure_ptr)
c:/program files (x86)/atmel/atmel toolchain/arm gcc/native/4.8.1443/arm-gnu-toolchain/bin/../lib/gcc/arm-none-eabi/4.8.4/../../../../arm-none-eabi/lib/armv7-m\libc.a(lib_a-init.o)
                              c:/program files (x86)/atmel/atmel toolchain/arm gcc/native/4.8.1443/arm-gnu-toolchain/bin/../lib/gcc/arm-none-eabi/4.8.4/../../../../arm-none-eabi/lib/armv7-m/crt0.o (__libc_init_array)
c:/program files (x86)/atmel/atmel toolchain/arm gcc/native/4.8.1443/arm-gnu-toolchain/bin/../lib/gcc/arm-none-eabi/4.8.4/../../../../arm-none-eabi/lib/armv7-m\libc.a(lib_a-iprintf.o)
                              src/ASF/sam/drivers/adc/adc.o (iprintf)
c:/program files (x86)/atmel/atmel toolchain/arm gcc/native/4.8.1443/arm-gnu-toolchain/bin/../lib/gcc/arm-none-eabi/4.8.4/../../../../arm-none-eabi/lib/armv7-m\libc.a(lib_a-iscanf.o)
                              src/Regulation.o (iscanf)
c:/program files (x86)/atmel/atmel toolchain/arm gcc/native/4.8.1443/arm-gnu-toolchain/bin/../lib/gcc/arm-none-eabi/4.8.4/../../../../arm-none-eabi/lib/armv7-m\libc.a(lib_a-memcpy.o)
                              src/ASF/thirdparty/freertos/freertos-7.3.0/source/queue.o (memcpy)
c:/program files (x86)/atmel/atmel toolchain/arm gcc/native/4.8.1443/arm-gnu-toolchain/bin/../lib/gcc/arm-none-eabi/4.8.4/../../../../arm-none-eabi/lib/armv7-m\libc.a(lib_a-memset.o)
                              c:/program files (x86)/atmel/atmel toolchain/arm gcc/native/4.8.1443/arm-gnu-toolchain/bin/../lib/gcc/arm-none-eabi/4.8.4/../../../../arm-none-eabi/lib/armv7-m/crt0.o (memset)
c:/program files (x86)/atmel/atmel toolchain/arm gcc/native/4.8.1443/arm-gnu-toolchain/bin/../lib/gcc/arm-none-eabi/4.8.4/../../../../arm-none-eabi/lib/armv7-m\libc.a(lib_a-puts.o)
                              src/ASF/sam/drivers/adc/adc.o (puts)
c:/program files (x86)/atmel/atmel toolchain/arm gcc/native/4.8.1443/arm-gnu-toolchain/bin/../lib/gcc/arm-none-eabi/4.8.4/../../../../arm-none-eabi/lib/armv7-m\libc.a(lib_a-setbuf.o)
                              src/main.o (setbuf)
c:/program files (x86)/atmel/atmel toolchain/arm gcc/native/4.8.1443/arm-gnu-toolchain/bin/../lib/gcc/arm-none-eabi/4.8.4/../../../../arm-none-eabi/lib/armv7-m\libc.a(lib_a-setvbuf.o)
                              c:/program files (x86)/atmel/atmel toolchain/arm gcc/native/4.8.1443/arm-gnu-toolchain/bin/../lib/gcc/arm-none-eabi/4.8.4/../../../../arm-none-eabi/lib/armv7-m\libc.a(lib_a-setbuf.o) (setvbuf)
c:/program files (x86)/atmel/atmel toolchain/arm gcc/native/4.8.1443/arm-gnu-toolchain/bin/../lib/gcc/arm-none-eabi/4.8.4/../../../../arm-none-eabi/lib/armv7-m\libc.a(lib_a-sprintf.o)
                              src/ASF/thirdparty/freertos/freertos-7.3.0/source/tasks.o (sprintf)
c:/program files (x86)/atmel/atmel toolchain/arm gcc/native/4.8.1443/arm-gnu-toolchain/bin/../lib/gcc/arm-none-eabi/4.8.4/../../../../arm-none-eabi/lib/armv7-m\libc.a(lib_a-strcat.o)
                              src/ASF/thirdparty/freertos/freertos-7.3.0/source/tasks.o (strcat)
[...]
Memory Configuration

Name             Origin             Length             Attributes
rom              0x00080000         0x00080000         xr
sram0            0x20000000         0x00010000         xrw
sram1            0x20080000         0x00008000         xrw
ram              0x20070000         0x00018000         xrw
*default*        0x00000000         0xffffffff

Linker script and memory map

LOAD c:/program files (x86)/atmel/atmel toolchain/arm gcc/native/4.8.1443/arm-gnu-toolchain/bin/../lib/gcc/arm-none-eabi/4.8.4/armv7-m/crti.o
LOAD c:/program files (x86)/atmel/atmel toolchain/arm gcc/native/4.8.1443/arm-gnu-toolchain/bin/../lib/gcc/arm-none-eabi/4.8.4/armv7-m/crtbegin.o
LOAD c:/program files (x86)/atmel/atmel toolchain/arm gcc/native/4.8.1443/arm-gnu-toolchain/bin/../lib/gcc/arm-none-eabi/4.8.4/../../../../arm-none-eabi/lib/armv7-m/crt0.o
LOAD src/ASF/common/services/serial/usart_serial.o
LOAD src/ASF/common/utils/stdio/read.o
LOAD src/ASF/common/utils/stdio/write.o
LOAD src/ASF/sam/drivers/uart/uart.o
LOAD src/PWMHandling.o
LOAD src/Regulation.o
LOAD src/ASF/sam/drivers/adc/adc.o
LOAD src/ASF/sam/drivers/adc/adc_sam3u.o
LOAD src/ASF/sam/drivers/pwm/pwm.o
LOAD src/ASF/sam/drivers/usart/usart.o
LOAD src/ASF/thirdparty/freertos/freertos-7.3.0/source/FreeRTOS_CLI.o
LOAD src/ASF/thirdparty/freertos/freertos-7.3.0/source/list.o
LOAD src/ASF/thirdparty/freertos/freertos-7.3.0/source/portable/gcc/sam/port.o
LOAD src/ASF/thirdparty/freertos/freertos-7.3.0/source/portable/memmang/heap_4.o
LOAD src/ASF/thirdparty/freertos/freertos-7.3.0/source/queue.o
LOAD src/ASF/thirdparty/freertos/freertos-7.3.0/source/tasks.o
LOAD src/ASF/thirdparty/freertos/freertos-7.3.0/source/timers.o
LOAD src/SensorHandling.o
LOAD src/ASF/common/services/clock/sam3x/sysclk.o
LOAD src/ASF/common/utils/interrupt/interrupt_sam_nvic.o
LOAD src/ASF/sam/boards/arduino_due_x/init.o
LOAD src/ASF/sam/drivers/pio/pio.o
LOAD src/ASF/sam/drivers/pio/pio_handler.o
LOAD src/ASF/sam/drivers/pmc/pmc.o
LOAD src/ASF/sam/drivers/pmc/sleep.o
LOAD src/ASF/sam/utils/cmsis/sam3x/source/templates/exceptions.o
LOAD src/ASF/sam/utils/cmsis/sam3x/source/templates/gcc/startup_sam3x.o
LOAD src/ASF/sam/utils/cmsis/sam3x/source/templates/system_sam3x.o
LOAD src/ASF/sam/utils/syscalls/gcc/syscalls.o
LOAD src/main.o
START GROUP
LOAD ../src/ASF/thirdparty/CMSIS/Lib/GCC\libarm_cortexM3l_math.a
LOAD c:/program files (x86)/atmel/atmel toolchain/arm gcc/native/4.8.1443/arm-gnu-toolchain/bin/../lib/gcc/arm-none-eabi/4.8.4/../../../../arm-none-eabi/lib/armv7-m\libm.a
END GROUP
START GROUP
LOAD c:/program files (x86)/atmel/atmel toolchain/arm gcc/native/4.8.1443/arm-gnu-toolchain/bin/../lib/gcc/arm-none-eabi/4.8.4/armv7-m\libgcc.a
LOAD c:/program files (x86)/atmel/atmel toolchain/arm gcc/native/4.8.1443/arm-gnu-toolchain/bin/../lib/gcc/arm-none-eabi/4.8.4/../../../../arm-none-eabi/lib/armv7-m\libc.a
END GROUP
LOAD c:/program files (x86)/atmel/atmel toolchain/arm gcc/native/4.8.1443/arm-gnu-toolchain/bin/../lib/gcc/arm-none-eabi/4.8.4/armv7-m/crtend.o
LOAD c:/program files (x86)/atmel/atmel toolchain/arm gcc/native/4.8.1443/arm-gnu-toolchain/bin/../lib/gcc/arm-none-eabi/4.8.4/armv7-m/crtn.o
                0x00002000                __stack_size__ = DEFINED (__stack_size__)?__stack_size__:0x2000
                0x20087ffc                __ram_end__ = ((ORIGIN (ram) + 0x18000) - 0x4)

.text           0x00080000     0x627c
                0x00080000                . = ALIGN (0x4)
                0x00080000                _sfixed = .
 *(.vectors .vectors.*)
 .vectors       0x00080000       0xf4 src/ASF/sam/utils/cmsis/sam3x/source/templates/gcc/startup_sam3x.o
                0x00080000                exception_table
 *(.text .text.* .gnu.linkonce.t.*)
 .text          0x000800f4       0x54 c:/program files (x86)/atmel/atmel toolchain/arm gcc/native/4.8.1443/arm-gnu-toolchain/bin/../lib/gcc/arm-none-eabi/4.8.4/armv7-m/crtbegin.o
 .text._read    0x00080148       0x40 src/ASF/common/utils/stdio/read.o
                0x00080148                _read
 .text._write   0x00080188       0x54 src/ASF/common/utils/stdio/write.o
                0x00080188                _write
 .text.uart_init
                0x000801dc       0x38 src/ASF/sam/drivers/uart/uart.o
                0x000801dc                uart_init
 .text.uart_write
                0x00080214       0x10 src/ASF/sam/drivers/uart/uart.o
                0x00080214                uart_write
 .text.uart_read
                0x00080224       0x14 src/ASF/sam/drivers/uart/uart.o
                0x00080224                uart_read
 .text.PWM_setup
                0x00080238       0x84 src/PWMHandling.o
                0x00080238                PWM_setup
 .text.setFan   0x000802bc       0x1c src/PWMHandling.o
                0x000802bc                setFan
 .text.PID_calculation
                0x000802d8      0x170 src/Regulation.o
                0x000802d8                PID_calculation
 .text.FanRegulation
                0x00080448       0x48 src/Regulation.o
                0x00080448                FanRegulation
 .text.getErrorValue
                0x00080490        0xc src/Regulation.o
                0x00080490                getErrorValue
 .text.getPowerValue
                0x0008049c        0xc src/Regulation.o
                0x0008049c                getPowerValue
 .text.adc_init
                0x000804a8       0x34 src/ASF/sam/drivers/adc/adc.o
                0x000804a8                adc_init
 .text.adc_set_resolution
                0x000804dc       0x10 src/ASF/sam/drivers/adc/adc.o
                0x000804dc                adc_set_resolution
 .text.adc_configure_trigger
                0x000804ec       0x10 src/ASF/sam/drivers/adc/adc.o
                0x000804ec                adc_configure_trigger
 .text.adc_configure_timing
                0x000804fc       0x20 src/ASF/sam/drivers/adc/adc.o
                0x000804fc                adc_configure_timing
 .text.adc_start
                0x0008051c        0x8 src/ASF/sam/drivers/adc/adc.o
                0x0008051c                adc_start
 .text.adc_enable_channel
                0x00080524        0xc src/ASF/sam/drivers/adc/adc.o
                0x00080524                adc_enable_channel
 .text.adc_get_channel_value
                0x00080530       0x10 src/ASF/sam/drivers/adc/adc.o
                0x00080530                adc_get_channel_value
 .text.pwm_clocks_generate
                0x00080540       0x58 src/ASF/sam/drivers/pwm/pwm.o
 .text.pwm_init
                0x00080598       0x40 src/ASF/sam/drivers/pwm/pwm.o
                0x00080598                pwm_init
 .text.pwm_channel_init
                0x000805d8      0x104 src/ASF/sam/drivers/pwm/pwm.o
                0x000805d8                pwm_channel_init
 .text.pwm_channel_update_duty
                0x000806dc       0x24 src/ASF/sam/drivers/pwm/pwm.o
                0x000806dc                pwm_channel_update_duty
 .text.pwm_channel_enable
                0x00080700        0xc src/ASF/sam/drivers/pwm/pwm.o
                0x00080700                pwm_channel_enable
 .text.pwm_channel_disable
                0x0008070c        0xc src/ASF/sam/drivers/pwm/pwm.o
                0x0008070c                pwm_channel_disable
 .text.usart_write
                0x00080718       0x14 src/ASF/sam/drivers/usart/usart.o
                0x00080718                usart_write
 .text.usart_read
                0x0008072c       0x18 src/ASF/sam/drivers/usart/usart.o
                0x0008072c                usart_read
 .text.vListInitialise
                0x00080744       0x18 src/ASF/thirdparty/freertos/freertos-7.3.0/source/list.o
                0x00080744                vListInitialise
 .text.vListInitialiseItem
                0x0008075c        0x8 src/ASF/thirdparty/freertos/freertos-7.3.0/source/list.o
                0x0008075c                vListInitialiseItem
 .text.vListInsertEnd
                0x00080764       0x1c src/ASF/thirdparty/freertos/freertos-7.3.0/source/list.o
                0x00080764                vListInsertEnd
 .text.vListInsert
                0x00080780       0x3c src/ASF/thirdparty/freertos/freertos-7.3.0/source/list.o
                0x00080780                vListInsert
 .text.uxListRemove
                0x000807bc       0x28 src/ASF/thirdparty/freertos/freertos-7.3.0/source/list.o
                0x000807bc                uxListRemove
 .text.prvPortStartFirstTask
                0x000807e4       0x14 src/ASF/thirdparty/freertos/freertos-7.3.0/source/portable/gcc/sam/port.o
 .text.pxPortInitialiseStack
                0x000807f8       0x1c src/ASF/thirdparty/freertos/freertos-7.3.0/source/portable/gcc/sam/port.o
                0x000807f8                pxPortInitialiseStack
 .text.SVC_Handler
                0x00080814       0x20 src/ASF/thirdparty/freertos/freertos-7.3.0/source/portable/gcc/sam/port.o
                0x00080814                SVC_Handler
 .text.vPortYieldFromISR
                0x00080834       0x10 src/ASF/thirdparty/freertos/freertos-7.3.0/source/portable/gcc/sam/port.o
                0x00080834                vPortYieldFromISR
 .text.ulPortSetInterruptMask
                0x00080844       0x10 src/ASF/thirdparty/freertos/freertos-7.3.0/source/portable/gcc/sam/port.o
                0x00080844                ulPortSetInterruptMask
 .text.vPortEnterCritical
                0x00080854       0x18 src/ASF/thirdparty/freertos/freertos-7.3.0/source/portable/gcc/sam/port.o
                0x00080854                vPortEnterCritical
 .text.vPortClearInterruptMask
                0x0008086c        0x8 src/ASF/thirdparty/freertos/freertos-7.3.0/source/portable/gcc/sam/port.o
                0x0008086c                vPortClearInterruptMask
 .text.vPortExitCritical
                0x00080874       0x1c src/ASF/thirdparty/freertos/freertos-7.3.0/source/portable/gcc/sam/port.o
                0x00080874                vPortExitCritical
 .text.PendSV_Handler
                0x00080890       0x3c src/ASF/thirdparty/freertos/freertos-7.3.0/source/portable/gcc/sam/port.o
                0x00080890                PendSV_Handler
 .text.SysTick_Handler
                0x000808cc       0x2c src/ASF/thirdparty/freertos/freertos-7.3.0/source/portable/gcc/sam/port.o
                0x000808cc                SysTick_Handler
 .text.vPortSetupTimerInterrupt
                0x000808f8       0x18 src/ASF/thirdparty/freertos/freertos-7.3.0/source/portable/gcc/sam/port.o
                0x000808f8                vPortSetupTimerInterrupt
 .text.xPortStartScheduler
                0x00080910       0x38 src/ASF/thirdparty/freertos/freertos-7.3.0/source/portable/gcc/sam/port.o
                0x00080910                xPortStartScheduler
 .text.prvInsertBlockIntoFreeList
                0x00080948       0x58 src/ASF/thirdparty/freertos/freertos-7.3.0/source/portable/memmang/heap_4.o
 .text.pvPortMalloc
                0x000809a0       0xc4 src/ASF/thirdparty/freertos/freertos-7.3.0/source/portable/memmang/heap_4.o
                0x000809a0                pvPortMalloc
 .text.vPortFree
                0x00080a64       0x34 src/ASF/thirdparty/freertos/freertos-7.3.0/source/portable/memmang/heap_4.o
                0x00080a64                vPortFree
 .text.prvCopyDataToQueue
                0x00080a98       0x64 src/ASF/thirdparty/freertos/freertos-7.3.0/source/queue.o
 .text.prvCopyDataFromQueue
                0x00080afc       0x28 src/ASF/thirdparty/freertos/freertos-7.3.0/source/queue.o
 .text.prvUnlockQueue
                0x00080b24       0x8c src/ASF/thirdparty/freertos/freertos-7.3.0/source/queue.o
 .text.xQueueGenericReset
                0x00080bb0       0x7c src/ASF/thirdparty/freertos/freertos-7.3.0/source/queue.o
                0x00080bb0                xQueueGenericReset
 .text.xQueueGenericCreate
                0x00080c2c       0x58 src/ASF/thirdparty/freertos/freertos-7.3.0/source/queue.o
                0x00080c2c                xQueueGenericCreate
 .text.xQueueGenericSend
                0x00080c84      0x11c src/ASF/thirdparty/freertos/freertos-7.3.0/source/queue.o
                0x00080c84                xQueueGenericSend
 .text.xQueueGenericSendFromISR
                0x00080da0       0x90 src/ASF/thirdparty/freertos/freertos-7.3.0/source/queue.o
                0x00080da0                xQueueGenericSendFromISR
 .text.xQueueGenericReceive
                0x00080e30      0x15c src/ASF/thirdparty/freertos/freertos-7.3.0/source/queue.o
                0x00080e30                xQueueGenericReceive
 .text.vQueueWaitForMessageRestricted
                0x00080f8c       0x4c src/ASF/thirdparty/freertos/freertos-7.3.0/source/queue.o
                0x00080f8c                vQueueWaitForMessageRestricted
 .text.prvAddCurrentTaskToDelayedList
                0x00080fd8       0x58 src/ASF/thirdparty/freertos/freertos-7.3.0/source/tasks.o
 .text.xTaskGenericCreate
                0x00081030      0x208 src/ASF/thirdparty/freertos/freertos-7.3.0/source/tasks.o
                0x00081030                xTaskGenericCreate
 .text.vTaskStartScheduler
                0x00081238       0x68 src/ASF/thirdparty/freertos/freertos-7.3.0/source/tasks.o
                0x00081238                vTaskStartScheduler
 .text.vTaskSuspendAll
                0x000812a0       0x10 src/ASF/thirdparty/freertos/freertos-7.3.0/source/tasks.o
                0x000812a0                vTaskSuspendAll
 .text.xTaskGetTickCount
                0x000812b0       0x20 src/ASF/thirdparty/freertos/freertos-7.3.0/source/tasks.o
                0x000812b0                xTaskGetTickCount
 .text.vTaskIncrementTick
                0x000812d0      0x120 src/ASF/thirdparty/freertos/freertos-7.3.0/source/tasks.o
                0x000812d0                vTaskIncrementTick
 .text.xTaskResumeAll
                0x000813f0      0x108 src/ASF/thirdparty/freertos/freertos-7.3.0/source/tasks.o
                0x000813f0                xTaskResumeAll
 .text.vTaskDelayUntil
                0x000814f8       0x90 src/ASF/thirdparty/freertos/freertos-7.3.0/source/tasks.o
                0x000814f8                vTaskDelayUntil
 .text.prvIdleTask
                0x00081588       0x84 src/ASF/thirdparty/freertos/freertos-7.3.0/source/tasks.o
 .text.vTaskSwitchContext
                0x0008160c       0x90 src/ASF/thirdparty/freertos/freertos-7.3.0/source/tasks.o
                0x0008160c                vTaskSwitchContext
 .text.vTaskPlaceOnEventList
                0x0008169c       0x60 src/ASF/thirdparty/freertos/freertos-7.3.0/source/tasks.o
                0x0008169c                vTaskPlaceOnEventList
 .text.vTaskPlaceOnEventListRestricted
                0x000816fc       0x44 src/ASF/thirdparty/freertos/freertos-7.3.0/source/tasks.o
                0x000816fc                vTaskPlaceOnEventListRestricted
 .text.xTaskRemoveFromEventList
                0x00081740       0x84 src/ASF/thirdparty/freertos/freertos-7.3.0/source/tasks.o
                0x00081740                xTaskRemoveFromEventList
 .text.vTaskSetTimeOutState
                0x000817c4       0x28 src/ASF/thirdparty/freertos/freertos-7.3.0/source/tasks.o
                0x000817c4                vTaskSetTimeOutState
 .text.xTaskCheckForTimeOut
                0x000817ec       0x84 src/ASF/thirdparty/freertos/freertos-7.3.0/source/tasks.o
                0x000817ec                xTaskCheckForTimeOut
 .text.vTaskMissedYield
                0x00081870        0xc src/ASF/thirdparty/freertos/freertos-7.3.0/source/tasks.o
                0x00081870                vTaskMissedYield
 .text.xTaskGetCurrentTaskHandle
                0x0008187c        0xc src/ASF/thirdparty/freertos/freertos-7.3.0/source/tasks.o
                0x0008187c                xTaskGetCurrentTaskHandle
 .text.xTaskGetSchedulerState
                0x00081888       0x20 src/ASF/thirdparty/freertos/freertos-7.3.0/source/tasks.o
                0x00081888                xTaskGetSchedulerState
 .text.vTaskPriorityInherit
                0x000818a8       0x7c src/ASF/thirdparty/freertos/freertos-7.3.0/source/tasks.o
                0x000818a8                vTaskPriorityInherit
 .text.vTaskPriorityDisinherit
                0x00081924       0x50 src/ASF/thirdparty/freertos/freertos-7.3.0/source/tasks.o
                0x00081924                vTaskPriorityDisinherit
 .text.prvInsertTimerInActiveList
                0x00081974       0x4c src/ASF/thirdparty/freertos/freertos-7.3.0/source/timers.o
 .text.prvCheckForValidListAndQueue
                0x000819c0       0x5c src/ASF/thirdparty/freertos/freertos-7.3.0/source/timers.o
 .text.xTimerCreateTimerTask
                0x00081a1c       0x4c src/ASF/thirdparty/freertos/freertos-7.3.0/source/timers.o
                0x00081a1c                xTimerCreateTimerTask
 .text.xTimerGenericCommand
                0x00081a68       0x54 src/ASF/thirdparty/freertos/freertos-7.3.0/source/timers.o
                0x00081a68                xTimerGenericCommand
 .text.prvSampleTimeNow
                0x00081abc       0xb4 src/ASF/thirdparty/freertos/freertos-7.3.0/source/timers.o
 .text.prvTimerTask
                0x00081b70      0x170 src/ASF/thirdparty/freertos/freertos-7.3.0/source/timers.o
 .text.adc_setup
                0x00081ce0       0x64 src/SensorHandling.o
                0x00081ce0                adc_setup
 .text.sensorCheck
                0x00081d44       0x9c src/SensorHandling.o
                0x00081d44                sensorCheck
 .text.getSensorValues
                0x00081de0        0xc src/SensorHandling.o
                0x00081de0                getSensorValues
 .text.sysclk_init
                0x00081dec       0x64 src/ASF/common/services/clock/sam3x/sysclk.o
                0x00081dec                sysclk_init
 .text.board_init
                0x00081e50       0x80 src/ASF/sam/boards/arduino_due_x/init.o
                0x00081e50                board_init
 .text.pio_set_peripheral
                0x00081ed0       0x40 src/ASF/sam/drivers/pio/pio.o
                0x00081ed0                pio_set_peripheral
 .text.pio_set_input
                0x00081f10       0x34 src/ASF/sam/drivers/pio/pio.o
                0x00081f10                pio_set_input
 .text.pio_set_output
                0x00081f44       0x28 src/ASF/sam/drivers/pio/pio.o
                0x00081f44                pio_set_output
 .text.pio_get_interrupt_status
                0x00081f6c        0x4 src/ASF/sam/drivers/pio/pio.o
                0x00081f6c                pio_get_interrupt_status
 .text.pio_get_interrupt_mask
                0x00081f70        0x4 src/ASF/sam/drivers/pio/pio.o
                0x00081f70                pio_get_interrupt_mask
 .text.pio_configure_pin
                0x00081f74       0xd4 src/ASF/sam/drivers/pio/pio.o
                0x00081f74                pio_configure_pin
 .text.pio_configure_pin_group
                0x00082048       0xa0 src/ASF/sam/drivers/pio/pio.o
                0x00082048                pio_configure_pin_group
 .text.pio_handler_process
                0x000820e8       0x58 src/ASF/sam/drivers/pio/pio_handler.o
                0x000820e8                pio_handler_process
 .text.PIOA_Handler
                0x00082140       0x14 src/ASF/sam/drivers/pio/pio_handler.o
                0x00082140                PIOA_Handler
 .text.PIOB_Handler
                0x00082154       0x14 src/ASF/sam/drivers/pio/pio_handler.o
                0x00082154                PIOB_Handler
 .text.PIOC_Handler
                0x00082168       0x14 src/ASF/sam/drivers/pio/pio_handler.o
                0x00082168                PIOC_Handler
 .text.PIOD_Handler
                0x0008217c       0x14 src/ASF/sam/drivers/pio/pio_handler.o
                0x0008217c                PIOD_Handler
 .text.pmc_switch_mck_to_pllack
                0x00082190       0x64 src/ASF/sam/drivers/pmc/pmc.o
                0x00082190                pmc_switch_mck_to_pllack
 .text.pmc_switch_mainck_to_xtal
                0x000821f4       0x54 src/ASF/sam/drivers/pmc/pmc.o
                0x000821f4                pmc_switch_mainck_to_xtal
 .text.pmc_osc_is_ready_mainck
                0x00082248       0x10 src/ASF/sam/drivers/pmc/pmc.o
                0x00082248                pmc_osc_is_ready_mainck
 .text.pmc_disable_pllack
                0x00082258       0x10 src/ASF/sam/drivers/pmc/pmc.o
                0x00082258                pmc_disable_pllack
 .text.pmc_is_locked_pllack
                0x00082268       0x10 src/ASF/sam/drivers/pmc/pmc.o
                0x00082268                pmc_is_locked_pllack
 .text.pmc_enable_periph_clk
                0x00082278       0x58 src/ASF/sam/drivers/pmc/pmc.o
                0x00082278                pmc_enable_periph_clk
 .text.Dummy_Handler
                0x000822d0        0x4 src/ASF/sam/utils/cmsis/sam3x/source/templates/exceptions.o
                0x000822d0                DACC_Handler
                0x000822d0                DebugMon_Handler
                0x000822d0                DMAC_Handler
                0x000822d0                TRNG_Handler
                0x000822d0                HardFault_Handler
                0x000822d0                TC2_Handler
                0x000822d0                USART3_Handler
                0x000822d0                TWI1_Handler
                0x000822d0                NMI_Handler
                0x000822d0                TC7_Handler
                0x000822d0                ADC_Handler
                0x000822d0                SMC_Handler
                0x000822d0                USART0_Handler
                0x000822d0                RTT_Handler
                0x000822d0                EFC1_Handler
                0x000822d0                RTC_Handler
                0x000822d0                UsageFault_Handler
                0x000822d0                TC6_Handler
                0x000822d0                WDT_Handler
                0x000822d0                CAN0_Handler
                0x000822d0                TC4_Handler
                0x000822d0                TC1_Handler
                0x000822d0                HSMCI_Handler
                0x000822d0                TC3_Handler
                0x000822d0                Dummy_Handler
                0x000822d0                TWI0_Handler
                0x000822d0                USART1_Handler
                0x000822d0                SSC_Handler
                0x000822d0                EFC0_Handler
                0x000822d0                PMC_Handler
                0x000822d0                PWM_Handler
                0x000822d0                CAN1_Handler
                0x000822d0                MemManage_Handler
                0x000822d0                SUPC_Handler
                0x000822d0                TC8_Handler
                0x000822d0                USART2_Handler
                0x000822d0                EMAC_Handler
                0x000822d0                UART_Handler
                0x000822d0                BusFault_Handler
                0x000822d0                RSTC_Handler
                0x000822d0                TC0_Handler
                0x000822d0                TC5_Handler
                0x000822d0                UOTGHS_Handler
                0x000822d0                SPI0_Handler
 .text.Reset_Handler
                0x000822d4       0xb0 src/ASF/sam/utils/cmsis/sam3x/source/templates/gcc/startup_sam3x.o
                0x000822d4                Reset_Handler
 .text.SystemCoreClockUpdate
                0x00082384      0x11c src/ASF/sam/utils/cmsis/sam3x/source/templates/system_sam3x.o
                0x00082384                SystemCoreClockUpdate
 .text.system_init_flash
                0x000824a0       0x88 src/ASF/sam/utils/cmsis/sam3x/source/templates/system_sam3x.o
                0x000824a0                system_init_flash
 .text._sbrk    0x00082528       0x34 src/ASF/sam/utils/syscalls/gcc/syscalls.o
                0x00082528                _sbrk
 .text._close   0x0008255c        0x8 src/ASF/sam/utils/syscalls/gcc/syscalls.o
                0x0008255c                _close
 .text._fstat   0x00082564        0xc src/ASF/sam/utils/syscalls/gcc/syscalls.o
                0x00082564                _fstat
 .text._isatty  0x00082570        0x4 src/ASF/sam/utils/syscalls/gcc/syscalls.o
                0x00082570                _isatty
 .text._lseek   0x00082574        0x4 src/ASF/sam/utils/syscalls/gcc/syscalls.o
                0x00082574                _lseek
 .text.Bluetooth
                0x00082578       0x58 src/main.o
                0x00082578                Bluetooth
 .text.usart_serial_getchar
                0x000825d0       0xa8 src/main.o
 .text.usart_serial_putchar
                0x00082678       0xa8 src/main.o
 .text.arduino_setup
                0x00082720       0x3c src/main.o
                0x00082720                arduino_setup
 .text.main     0x0008275c       0xf4 src/main.o
                0x0008275c                main
 .text          0x00082850      0x370 c:/program files (x86)/atmel/atmel toolchain/arm gcc/native/4.8.1443/arm-gnu-toolchain/bin/../lib/gcc/arm-none-eabi/4.8.4/armv7-m\libgcc.a(_arm_addsubdf3.o)
                0x00082850                __aeabi_drsub
                0x00082858                __aeabi_dsub
                0x00082858                __subdf3
                0x0008285c                __aeabi_dadd
                0x0008285c                __adddf3
                0x00082ad4                __floatunsidf
                0x00082ad4                __aeabi_ui2d
                0x00082af4                __floatsidf
                0x00082af4                __aeabi_i2d
                0x00082b18                __aeabi_f2d
                0x00082b18                __extendsfdf2
                0x00082b54                __floatundidf
                0x00082b54                __aeabi_ul2d
                0x00082b64                __floatdidf
                0x00082b64                __aeabi_l2d
 .text          0x00082bc0      0x424 c:/program files (x86)/atmel/atmel toolchain/arm gcc/native/4.8.1443/arm-gnu-toolchain/bin/../lib/gcc/arm-none-eabi/4.8.4/armv7-m\libgcc.a(_arm_muldivdf3.o)
                0x00082bc0                __aeabi_dmul
                0x00082bc0                __muldf3
                0x00082e14                __divdf3
                0x00082e14                __aeabi_ddiv
 .text          0x00082fe4      0x110 c:/program files (x86)/atmel/atmel toolchain/arm gcc/native/4.8.1443/arm-gnu-toolchain/bin/../lib/gcc/arm-none-eabi/4.8.4/armv7-m\libgcc.a(_arm_cmpdf2.o)
                0x00082fe4                __gtdf2
                0x00082fe4                __gedf2
                0x00082fec                __ltdf2
                0x00082fec                __ledf2
                0x00082ff4                __nedf2
                0x00082ff4                __eqdf2
                0x00082ff4                __cmpdf2
                0x00083070                __aeabi_cdrcmple
                0x00083080                __aeabi_cdcmpeq
                0x00083080                __aeabi_cdcmple
                0x00083090                __aeabi_dcmpeq
                0x000830a4                __aeabi_dcmplt
                0x000830b8                __aeabi_dcmple
                0x000830cc                __aeabi_dcmpge
                0x000830e0                __aeabi_dcmpgt
 .text          0x000830f4       0x50 c:/program files (x86)/atmel/atmel toolchain/arm gcc/native/4.8.1443/arm-gnu-toolchain/bin/../lib/gcc/arm-none-eabi/4.8.4/armv7-m\libgcc.a(_arm_fixdfsi.o)
                0x000830f4                __aeabi_d2iz
                0x000830f4                __fixdfsi
 .text          0x00083144       0x40 c:/program files (x86)/atmel/atmel toolchain/arm gcc/native/4.8.1443/arm-gnu-toolchain/bin/../lib/gcc/arm-none-eabi/4.8.4/armv7-m\libgcc.a(_arm_fixunsdfsi.o)
                0x00083144                __aeabi_d2uiz
                0x00083144                __fixunsdfsi
 .text.__libc_init_array
                0x00083184       0x50 c:/program files (x86)/atmel/atmel toolchain/arm gcc/native/4.8.1443/arm-gnu-toolchain/bin/../lib/gcc/arm-none-eabi/4.8.4/../../../../arm-none-eabi/lib/armv7-m\libc.a(lib_a-init.o)
                0x00083184                __libc_init_array
 .text.iprintf  0x000831d4       0x28 c:/program files (x86)/atmel/atmel toolchain/arm gcc/native/4.8.1443/arm-gnu-toolchain/bin/../lib/gcc/arm-none-eabi/4.8.4/../../../../arm-none-eabi/lib/armv7-m\libc.a(lib_a-iprintf.o)
                0x000831d4                iprintf
 .text          0x000831fc       0xec c:/program files (x86)/atmel/atmel toolchain/arm gcc/native/4.8.1443/arm-gnu-toolchain/bin/../lib/gcc/arm-none-eabi/4.8.4/../../../../arm-none-eabi/lib/armv7-m\libc.a(lib_a-memcpy.o)
                0x000831fc                memcpy
 .text.memset   0x000832e8       0x94 c:/program files (x86)/atmel/atmel toolchain/arm gcc/native/4.8.1443/arm-gnu-toolchain/bin/../lib/gcc/arm-none-eabi/4.8.4/../../../../arm-none-eabi/lib/armv7-m\libc.a(lib_a-memset.o)
                0x000832e8                memset
 .text.setbuf   0x0008337c       0x10 c:/program files (x86)/atmel/atmel toolchain/arm gcc/native/4.8.1443/arm-gnu-toolchain/bin/../lib/gcc/arm-none-eabi/4.8.4/../../../../arm-none-eabi/lib/armv7-m\libc.a(lib_a-setbuf.o)
                0x0008337c                setbuf
 .text.setvbuf  0x0008338c      0x100 c:/program files (x86)/atmel/atmel toolchain/arm gcc/native/4.8.1443/arm-gnu-toolchain/bin/../lib/gcc/arm-none-eabi/4.8.4/../../../../arm-none-eabi/lib/armv7-m\libc.a(lib_a-setvbuf.o)
                0x0008338c                setvbuf
 .text.strlen   0x0008348c       0x60 c:/program files (x86)/atmel/atmel toolchain/arm gcc/native/4.8.1443/arm-gnu-toolchain/bin/../lib/gcc/arm-none-eabi/4.8.4/../../../../arm-none-eabi/lib/armv7-m\libc.a(lib_a-strlen.o)
                0x0008348c                strlen
 .text.strncpy  0x000834ec       0x64 c:/program files (x86)/atmel/atmel toolchain/arm gcc/native/4.8.1443/arm-gnu-toolchain/bin/../lib/gcc/arm-none-eabi/4.8.4/../../../../arm-none-eabi/lib/armv7-m\libc.a(lib_a-strncpy.o)
                0x000834ec                strncpy
 .text.__sprint_r.part.0
                0x00083550       0x78 c:/program files (x86)/atmel/atmel toolchain/arm gcc/native/4.8.1443/arm-gnu-toolchain/bin/../lib/gcc/arm-none-eabi/4.8.4/../../../../arm-none-eabi/lib/armv7-m\libc.a(lib_a-vfiprintf.o)
 .text._vfiprintf_r
                0x000835c8      0xc54 c:/program files (x86)/atmel/atmel toolchain/arm gcc/native/4.8.1443/arm-gnu-toolchain/bin/../lib/gcc/arm-none-eabi/4.8.4/../../../../arm-none-eabi/lib/armv7-m\libc.a(lib_a-vfiprintf.o)
                0x000835c8                _vfiprintf_r
 .text.__sbprintf
                0x0008421c       0x7c c:/program files (x86)/atmel/atmel toolchain/arm gcc/native/4.8.1443/arm-gnu-toolchain/bin/../lib/gcc/arm-none-eabi/4.8.4/../../../../arm-none-eabi/lib/armv7-m\libc.a(lib_a-vfiprintf.o)
 .text.__swsetup_r
                0x00084298       0xc4 c:/program files (x86)/atmel/atmel toolchain/arm gcc/native/4.8.1443/arm-gnu-toolchain/bin/../lib/gcc/arm-none-eabi/4.8.4/../../../../arm-none-eabi/lib/armv7-m\libc.a(lib_a-wsetup.o)
                0x00084298                __swsetup_r
 .text.startup.register_fini
                0x0008435c       0x14 c:/program files (x86)/atmel/atmel toolchain/arm gcc/native/4.8.1443/arm-gnu-toolchain/bin/../lib/gcc/arm-none-eabi/4.8.4/../../../../arm-none-eabi/lib/armv7-m\libc.a(lib_a-__call_atexit.o)
 .text.atexit   0x00084370        0xc c:/program files (x86)/atmel/atmel toolchain/arm gcc/native/4.8.1443/arm-gnu-toolchain/bin/../lib/gcc/arm-none-eabi/4.8.4/../../../../arm-none-eabi/lib/armv7-m\libc.a(lib_a-atexit.o)
                0x00084370                atexit
 .text.__sflush_r
                0x0008437c      0x148 c:/program files (x86)/atmel/atmel toolchain/arm gcc/native/4.8.1443/arm-gnu-toolchain/bin/../lib/gcc/arm-none-eabi/4.8.4/../../../../arm-none-eabi/lib/armv7-m\libc.a(lib_a-fflush.o)
                0x0008437c                __sflush_r
 .text._fflush_r
                0x000844c4       0x2c c:/program files (x86)/atmel/atmel toolchain/arm gcc/native/4.8.1443/arm-gnu-toolchain/bin/../lib/gcc/arm-none-eabi/4.8.4/../../../../arm-none-eabi/lib/armv7-m\libc.a(lib_a-fflush.o)
                0x000844c4                _fflush_r
 .text._cleanup_r
                0x000844f0        0xc c:/program files (x86)/atmel/atmel toolchain/arm gcc/native/4.8.1443/arm-gnu-toolchain/bin/../lib/gcc/arm-none-eabi/4.8.4/../../../../arm-none-eabi/lib/armv7-m\libc.a(lib_a-findfp.o)
                0x000844f0                _cleanup_r
 .text.__sinit  0x000844fc       0xf4 c:/program files (x86)/atmel/atmel toolchain/arm gcc/native/4.8.1443/arm-gnu-toolchain/bin/../lib/gcc/arm-none-eabi/4.8.4/../../../../arm-none-eabi/lib/armv7-m\libc.a(lib_a-findfp.o)
                0x000844fc                __sinit
 .text.__sfp_lock_acquire
                0x000845f0        0x4 c:/program files (x86)/atmel/atmel toolchain/arm gcc/native/4.8.1443/arm-gnu-toolchain/bin/../lib/gcc/arm-none-eabi/4.8.4/../../../../arm-none-eabi/lib/armv7-m\libc.a(lib_a-findfp.o)
                0x000845f0                __sfp_lock_acquire
 .text.__sfp_lock_release
                0x000845f4        0x4 c:/program files (x86)/atmel/atmel toolchain/arm gcc/native/4.8.1443/arm-gnu-toolchain/bin/../lib/gcc/arm-none-eabi/4.8.4/../../../../arm-none-eabi/lib/armv7-m\libc.a(lib_a-findfp.o)
                0x000845f4                __sfp_lock_release
 .text.__libc_fini_array
                0x000845f8       0x30 c:/program files (x86)/atmel/atmel toolchain/arm gcc/native/4.8.1443/arm-gnu-toolchain/bin/../lib/gcc/arm-none-eabi/4.8.4/../../../../arm-none-eabi/lib/armv7-m\libc.a(lib_a-fini.o)
                0x000845f8                __libc_fini_array
 .text._fputwc_r
                0x00084628       0xc0 c:/program files (x86)/atmel/atmel toolchain/arm gcc/native/4.8.1443/arm-gnu-toolchain/bin/../lib/gcc/arm-none-eabi/4.8.4/../../../../arm-none-eabi/lib/armv7-m\libc.a(lib_a-fputwc.o)
                0x00084628                _fputwc_r
 .text._malloc_trim_r
                0x000846e8       0x9c c:/program files (x86)/atmel/atmel toolchain/arm gcc/native/4.8.1443/arm-gnu-toolchain/bin/../lib/gcc/arm-none-eabi/4.8.4/../../../../arm-none-eabi/lib/armv7-m\libc.a(lib_a-freer.o)
                0x000846e8                _malloc_trim_r
 .text._free_r  0x00084784      0x198 c:/program files (x86)/atmel/atmel toolchain/arm gcc/native/4.8.1443/arm-gnu-toolchain/bin/../lib/gcc/arm-none-eabi/4.8.4/../../../../arm-none-eabi/lib/armv7-m\libc.a(lib_a-freer.o)
                0x00084784                _free_r
 .text.__sfvwrite_r
                0x0008491c      0x318 c:/program files (x86)/atmel/atmel toolchain/arm gcc/native/4.8.1443/arm-gnu-toolchain/bin/../lib/gcc/arm-none-eabi/4.8.4/../../../../arm-none-eabi/lib/armv7-m\libc.a(lib_a-fvwrite.o)
                0x0008491c                __sfvwrite_r
 .text._fwalk   0x00084c34       0x48 c:/program files (x86)/atmel/atmel toolchain/arm gcc/native/4.8.1443/arm-gnu-toolchain/bin/../lib/gcc/arm-none-eabi/4.8.4/../../../../arm-none-eabi/lib/armv7-m\libc.a(lib_a-fwalk.o)
                0x00084c34                _fwalk
 .text.__locale_charset
                0x00084c7c        0x8 c:/program files (x86)/atmel/atmel toolchain/arm gcc/native/4.8.1443/arm-gnu-toolchain/bin/../lib/gcc/arm-none-eabi/4.8.4/../../../../arm-none-eabi/lib/armv7-m\libc.a(lib_a-locale.o)
                0x00084c7c                __locale_charset
 .text.__locale_mb_cur_max
                0x00084c84        0xc c:/program files (x86)/atmel/atmel toolchain/arm gcc/native/4.8.1443/arm-gnu-toolchain/bin/../lib/gcc/arm-none-eabi/4.8.4/../../../../arm-none-eabi/lib/armv7-m\libc.a(lib_a-locale.o)
                0x00084c84                __locale_mb_cur_max
 .text.__smakebuf_r
                0x00084c90       0xe0 c:/program files (x86)/atmel/atmel toolchain/arm gcc/native/4.8.1443/arm-gnu-toolchain/bin/../lib/gcc/arm-none-eabi/4.8.4/../../../../arm-none-eabi/lib/armv7-m\libc.a(lib_a-makebuf.o)
                0x00084c90                __smakebuf_r
 .text.malloc   0x00084d70       0x10 c:/program files (x86)/atmel/atmel toolchain/arm gcc/native/4.8.1443/arm-gnu-toolchain/bin/../lib/gcc/arm-none-eabi/4.8.4/../../../../arm-none-eabi/lib/armv7-m\libc.a(lib_a-malloc.o)
                0x00084d70                malloc
 .text._malloc_r
                0x00084d80      0x538 c:/program files (x86)/atmel/atmel toolchain/arm gcc/native/4.8.1443/arm-gnu-toolchain/bin/../lib/gcc/arm-none-eabi/4.8.4/../../../../arm-none-eabi/lib/armv7-m\libc.a(lib_a-mallocr.o)
                0x00084d80                _malloc_r
 .text.memchr   0x000852b8       0x94 c:/program files (x86)/atmel/atmel toolchain/arm gcc/native/4.8.1443/arm-gnu-toolchain/bin/../lib/gcc/arm-none-eabi/4.8.4/../../../../arm-none-eabi/lib/armv7-m\libc.a(lib_a-memchr-stub.o)
                0x000852b8                memchr
 .text.memmove  0x0008534c       0xcc c:/program files (x86)/atmel/atmel toolchain/arm gcc/native/4.8.1443/arm-gnu-toolchain/bin/../lib/gcc/arm-none-eabi/4.8.4/../../../../arm-none-eabi/lib/armv7-m\libc.a(lib_a-memmove.o)
                0x0008534c                memmove
 .text.__malloc_lock
                0x00085418        0x4 c:/program files (x86)/atmel/atmel toolchain/arm gcc/native/4.8.1443/arm-gnu-toolchain/bin/../lib/gcc/arm-none-eabi/4.8.4/../../../../arm-none-eabi/lib/armv7-m\libc.a(lib_a-mlock.o)
                0x00085418                __malloc_lock
 .text.__malloc_unlock
                0x0008541c        0x4 c:/program files (x86)/atmel/atmel toolchain/arm gcc/native/4.8.1443/arm-gnu-toolchain/bin/../lib/gcc/arm-none-eabi/4.8.4/../../../../arm-none-eabi/lib/armv7-m\libc.a(lib_a-mlock.o)
                0x0008541c                __malloc_unlock
 .text._realloc_r
                0x00085420      0x3c0 c:/program files (x86)/atmel/atmel toolchain/arm gcc/native/4.8.1443/arm-gnu-toolchain/bin/../lib/gcc/arm-none-eabi/4.8.4/../../../../arm-none-eabi/lib/armv7-m\libc.a(lib_a-reallocr.o)
                0x00085420                _realloc_r
 .text._sbrk_r  0x000857e0       0x24 c:/program files (x86)/atmel/atmel toolchain/arm gcc/native/4.8.1443/arm-gnu-toolchain/bin/../lib/gcc/arm-none-eabi/4.8.4/../../../../arm-none-eabi/lib/armv7-m\libc.a(lib_a-sbrkr.o)
                0x000857e0                _sbrk_r
 .text.__sread  0x00085804       0x24 c:/program files (x86)/atmel/atmel toolchain/arm gcc/native/4.8.1443/arm-gnu-toolchain/bin/../lib/gcc/arm-none-eabi/4.8.4/../../../../arm-none-eabi/lib/armv7-m\libc.a(lib_a-stdio.o)
                0x00085804                __sread
 .text.__swrite
                0x00085828       0x38 c:/program files (x86)/atmel/atmel toolchain/arm gcc/native/4.8.1443/arm-gnu-toolchain/bin/../lib/gcc/arm-none-eabi/4.8.4/../../../../arm-none-eabi/lib/armv7-m\libc.a(lib_a-stdio.o)
                0x00085828                __swrite
 .text.__sseek  0x00085860       0x20 c:/program files (x86)/atmel/atmel toolchain/arm gcc/native/4.8.1443/arm-gnu-toolchain/bin/../lib/gcc/arm-none-eabi/4.8.4/../../../../arm-none-eabi/lib/armv7-m\libc.a(lib_a-stdio.o)
                0x00085860                __sseek
 .text.__sclose
                0x00085880        0x8 c:/program files (x86)/atmel/atmel toolchain/arm gcc/native/4.8.1443/arm-gnu-toolchain/bin/../lib/gcc/arm-none-eabi/4.8.4/../../../../arm-none-eabi/lib/armv7-m\libc.a(lib_a-stdio.o)
                0x00085880                __sclose
 .text.__swbuf_r
                0x00085888       0xa8 c:/program files (x86)/atmel/atmel toolchain/arm gcc/native/4.8.1443/arm-gnu-toolchain/bin/../lib/gcc/arm-none-eabi/4.8.4/../../../../arm-none-eabi/lib/armv7-m\libc.a(lib_a-wbuf.o)
                0x00085888                __swbuf_r
 .text._wcrtomb_r
                0x00085930       0x50 c:/program files (x86)/atmel/atmel toolchain/arm gcc/native/4.8.1443/arm-gnu-toolchain/bin/../lib/gcc/arm-none-eabi/4.8.4/../../../../arm-none-eabi/lib/armv7-m\libc.a(lib_a-wcrtomb.o)
                0x00085930                _wcrtomb_r
 .text.__ascii_wctomb
                0x00085980       0x1c c:/program files (x86)/atmel/atmel toolchain/arm gcc/native/4.8.1443/arm-gnu-toolchain/bin/../lib/gcc/arm-none-eabi/4.8.4/../../../../arm-none-eabi/lib/armv7-m\libc.a(lib_a-wctomb_r.o)
                0x00085980                __ascii_wctomb
 .text._write_r
                0x0008599c       0x28 c:/program files (x86)/atmel/atmel toolchain/arm gcc/native/4.8.1443/arm-gnu-toolchain/bin/../lib/gcc/arm-none-eabi/4.8.4/../../../../arm-none-eabi/lib/armv7-m\libc.a(lib_a-writer.o)
                0x0008599c                _write_r
 .text.__register_exitproc
                0x000859c4       0xa8 c:/program files (x86)/atmel/atmel toolchain/arm gcc/native/4.8.1443/arm-gnu-toolchain/bin/../lib/gcc/arm-none-eabi/4.8.4/../../../../arm-none-eabi/lib/armv7-m\libc.a(lib_a-__atexit.o)
                0x000859c4                __register_exitproc
 .text._close_r
                0x00085a6c       0x24 c:/program files (x86)/atmel/atmel toolchain/arm gcc/native/4.8.1443/arm-gnu-toolchain/bin/../lib/gcc/arm-none-eabi/4.8.4/../../../../arm-none-eabi/lib/armv7-m\libc.a(lib_a-closer.o)
                0x00085a6c                _close_r
 .text._fclose_r
                0x00085a90       0x80 c:/program files (x86)/atmel/atmel toolchain/arm gcc/native/4.8.1443/arm-gnu-toolchain/bin/../lib/gcc/arm-none-eabi/4.8.4/../../../../arm-none-eabi/lib/armv7-m\libc.a(lib_a-fclose.o)
                0x00085a90                _fclose_r
 .text.fclose   0x00085b10       0x10 c:/program files (x86)/atmel/atmel toolchain/arm gcc/native/4.8.1443/arm-gnu-toolchain/bin/../lib/gcc/arm-none-eabi/4.8.4/../../../../arm-none-eabi/lib/armv7-m\libc.a(lib_a-fclose.o)
                0x00085b10                fclose
 .text._fstat_r
                0x00085b20       0x28 c:/program files (x86)/atmel/atmel toolchain/arm gcc/native/4.8.1443/arm-gnu-toolchain/bin/../lib/gcc/arm-none-eabi/4.8.4/../../../../arm-none-eabi/lib/armv7-m\libc.a(lib_a-fstatr.o)
                0x00085b20                _fstat_r
 .text._isatty_r
                0x00085b48       0x24 c:/program files (x86)/atmel/atmel toolchain/arm gcc/native/4.8.1443/arm-gnu-toolchain/bin/../lib/gcc/arm-none-eabi/4.8.4/../../../../arm-none-eabi/lib/armv7-m\libc.a(lib_a-isattyr.o)
                0x00085b48                _isatty_r
 .text._lseek_r
                0x00085b6c       0x28 c:/program files (x86)/atmel/atmel toolchain/arm gcc/native/4.8.1443/arm-gnu-toolchain/bin/../lib/gcc/arm-none-eabi/4.8.4/../../../../arm-none-eabi/lib/armv7-m\libc.a(lib_a-lseekr.o)
                0x00085b6c                _lseek_r
 .text._read_r  0x00085b94       0x28 c:/program files (x86)/atmel/atmel toolchain/arm gcc/native/4.8.1443/arm-gnu-toolchain/bin/../lib/gcc/arm-none-eabi/4.8.4/../../../../arm-none-eabi/lib/armv7-m\libc.a(lib_a-readr.o)
                0x00085b94                _read_r
 .text          0x00085bbc       0x2c c:/program files (x86)/atmel/atmel toolchain/arm gcc/native/4.8.1443/arm-gnu-toolchain/bin/../lib/gcc/arm-none-eabi/4.8.4/armv7-m\libgcc.a(_aeabi_uldivmod.o)
                0x00085bbc                __aeabi_uldivmod
 .text          0x00085be8       0x60 c:/program files (x86)/atmel/atmel toolchain/arm gcc/native/4.8.1443/arm-gnu-toolchain/bin/../lib/gcc/arm-none-eabi/4.8.4/armv7-m\libgcc.a(bpabi.o)
                0x00085be8                __gnu_ldivmod_helper
                0x00085c18                __gnu_uldivmod_helper
 .text          0x00085c48        0x4 c:/program files (x86)/atmel/atmel toolchain/arm gcc/native/4.8.1443/arm-gnu-toolchain/bin/../lib/gcc/arm-none-eabi/4.8.4/armv7-m\libgcc.a(_dvmd_tls.o)
                0x00085c48                __aeabi_idiv0
                0x00085c48                __aeabi_ldiv0
 .text          0x00085c4c      0x2a0 c:/program files (x86)/atmel/atmel toolchain/arm gcc/native/4.8.1443/arm-gnu-toolchain/bin/../lib/gcc/arm-none-eabi/4.8.4/armv7-m\libgcc.a(_divdi3.o)
                0x00085c4c                __divdi3
 .text          0x00085eec      0x290 c:/program files (x86)/atmel/atmel toolchain/arm gcc/native/4.8.1443/arm-gnu-toolchain/bin/../lib/gcc/arm-none-eabi/4.8.4/armv7-m\libgcc.a(_udivdi3.o)
                0x00085eec                __udivdi3
 *(.glue_7t)
 .glue_7t       0x00000000        0x0 linker stubs
 *(.glue_7)
 .glue_7        0x00000000        0x0 linker stubs
 *(.rodata .rodata* .gnu.linkonce.r.*)
 .rodata        0x0008617c       0x2c src/ASF/sam/drivers/pwm/pwm.o
 .rodata.str1.4
                0x000861a8       0x1f src/ASF/thirdparty/freertos/freertos-7.3.0/source/tasks.o
                                 0x20 (size before relaxing)
 *fill*         0x000861c7        0x1 
 .rodata.str1.4
                0x000861c8        0x8 src/ASF/thirdparty/freertos/freertos-7.3.0/source/timers.o
 .rodata.str1.4
                0x000861d0       0x2e src/main.o
                                 0x30 (size before relaxing)
 *fill*         0x000861fe        0x2 
 .rodata.str1.4
                0x00086200        0x2 c:/program files (x86)/atmel/atmel toolchain/arm gcc/native/4.8.1443/arm-gnu-toolchain/bin/../lib/gcc/arm-none-eabi/4.8.4/../../../../arm-none-eabi/lib/armv7-m\libc.a(lib_a-impure.o)
                                  0x4 (size before relaxing)
 *fill*         0x00086202        0x2 
 .rodata._global_impure_ptr
                0x00086204        0x4 c:/program files (x86)/atmel/atmel toolchain/arm gcc/native/4.8.1443/arm-gnu-toolchain/bin/../lib/gcc/arm-none-eabi/4.8.4/../../../../arm-none-eabi/lib/armv7-m\libc.a(lib_a-impure.o)
                0x00086204                _global_impure_ptr
 .rodata.str1.4
                0x00086208       0x30 c:/program files (x86)/atmel/atmel toolchain/arm gcc/native/4.8.1443/arm-gnu-toolchain/bin/../lib/gcc/arm-none-eabi/4.8.4/../../../../arm-none-eabi/lib/armv7-m\libc.a(lib_a-vfiprintf.o)
 .rodata.zeroes.6721
                0x00086238       0x10 c:/program files (x86)/atmel/atmel toolchain/arm gcc/native/4.8.1443/arm-gnu-toolchain/bin/../lib/gcc/arm-none-eabi/4.8.4/../../../../arm-none-eabi/lib/armv7-m\libc.a(lib_a-vfiprintf.o)
 .rodata.blanks.6720
                0x00086248       0x10 c:/program files (x86)/atmel/atmel toolchain/arm gcc/native/4.8.1443/arm-gnu-toolchain/bin/../lib/gcc/arm-none-eabi/4.8.4/../../../../arm-none-eabi/lib/armv7-m\libc.a(lib_a-vfiprintf.o)
 *(.ARM.extab* .gnu.linkonce.armextab.*)
                0x00086258                . = ALIGN (0x4)
 *(.init)
 .init          0x00086258        0x4 c:/program files (x86)/atmel/atmel toolchain/arm gcc/native/4.8.1443/arm-gnu-toolchain/bin/../lib/gcc/arm-none-eabi/4.8.4/armv7-m/crti.o
                0x00086258                _init
 .init          0x0008625c        0x8 c:/program files (x86)/atmel/atmel toolchain/arm gcc/native/4.8.1443/arm-gnu-toolchain/bin/../lib/gcc/arm-none-eabi/4.8.4/armv7-m/crtn.o
                0x00086264                . = ALIGN (0x4)
                0x00086264                __preinit_array_start = .
 *(.preinit_array)
                0x00086264                __preinit_array_end = .
                0x00086264                . = ALIGN (0x4)
                0x00086264                __init_array_start = .
 *(SORT(.init_array.*))
 .init_array.00000
                0x00086264        0x4 c:/program files (x86)/atmel/atmel toolchain/arm gcc/native/4.8.1443/arm-gnu-toolchain/bin/../lib/gcc/arm-none-eabi/4.8.4/../../../../arm-none-eabi/lib/armv7-m\libc.a(lib_a-__call_atexit.o)
 *(.init_array)
 .init_array    0x00086268        0x4 c:/program files (x86)/atmel/atmel toolchain/arm gcc/native/4.8.1443/arm-gnu-toolchain/bin/../lib/gcc/arm-none-eabi/4.8.4/armv7-m/crtbegin.o
                0x0008626c                __init_array_end = .
                0x0008626c                . = ALIGN (0x4)
 *crtbegin.o(.ctors)
 *(EXCLUDE_FILE(*crtend.o) .ctors)
 *(SORT(.ctors.*))
 *crtend.o(.ctors)
                0x0008626c                . = ALIGN (0x4)
 *(.fini)
 .fini          0x0008626c        0x4 c:/program files (x86)/atmel/atmel toolchain/arm gcc/native/4.8.1443/arm-gnu-toolchain/bin/../lib/gcc/arm-none-eabi/4.8.4/armv7-m/crti.o
                0x0008626c                _fini
 .fini          0x00086270        0x8 c:/program files (x86)/atmel/atmel toolchain/arm gcc/native/4.8.1443/arm-gnu-toolchain/bin/../lib/gcc/arm-none-eabi/4.8.4/armv7-m/crtn.o
                0x00086278                . = ALIGN (0x4)
                0x00086278                __fini_array_start = .
 *(.fini_array)
 .fini_array    0x00086278        0x4 c:/program files (x86)/atmel/atmel toolchain/arm gcc/native/4.8.1443/arm-gnu-toolchain/bin/../lib/gcc/arm-none-eabi/4.8.4/armv7-m/crtbegin.o
 *(SORT(.fini_array.*))
                0x0008627c                __fini_array_end = .
 *crtbegin.o(.dtors)
 *(EXCLUDE_FILE(*crtend.o) .dtors)
 *(SORT(.dtors.*))
 *crtend.o(.dtors)
                0x0008627c                . = ALIGN (0x4)
                0x0008627c                _efixed = .
                0x0008627c                PROVIDE (__exidx_start, .)

.vfp11_veneer   0x0008627c        0x0
 .vfp11_veneer  0x00000000        0x0 linker stubs

.v4_bx          0x0008627c        0x0
 .v4_bx         0x00000000        0x0 linker stubs

.iplt           0x0008627c        0x0
 .iplt          0x00000000        0x0 c:/program files (x86)/atmel/atmel toolchain/arm gcc/native/4.8.1443/arm-gnu-toolchain/bin/../lib/gcc/arm-none-eabi/4.8.4/armv7-m/crtbegin.o

.ARM.exidx      0x0008627c        0x8
 *(.ARM.exidx* .gnu.linkonce.armexidx.*)
 .ARM.exidx     0x0008627c        0x8 c:/program files (x86)/atmel/atmel toolchain/arm gcc/native/4.8.1443/arm-gnu-toolchain/bin/../lib/gcc/arm-none-eabi/4.8.4/armv7-m\libgcc.a(_divdi3.o)
 .ARM.exidx     0x00086284        0x0 c:/program files (x86)/atmel/atmel toolchain/arm gcc/native/4.8.1443/arm-gnu-toolchain/bin/../lib/gcc/arm-none-eabi/4.8.4/armv7-m\libgcc.a(_udivdi3.o)
                                  0x8 (size before relaxing)
                0x00086284                PROVIDE (__exidx_end, .)

.eh_frame       0x00086284        0x0
 .eh_frame      0x00086284        0x0 c:/program files (x86)/atmel/atmel toolchain/arm gcc/native/4.8.1443/arm-gnu-toolchain/bin/../lib/gcc/arm-none-eabi/4.8.4/armv7-m/crtbegin.o

.rel.dyn        0x00086284        0x0
 .rel.iplt      0x00000000        0x0 c:/program files (x86)/atmel/atmel toolchain/arm gcc/native/4.8.1443/arm-gnu-toolchain/bin/../lib/gcc/arm-none-eabi/4.8.4/armv7-m/crtbegin.o

.jcr            0x00086284        0x0
 .jcr           0x00086284        0x0 c:/program files (x86)/atmel/atmel toolchain/arm gcc/native/4.8.1443/arm-gnu-toolchain/bin/../lib/gcc/arm-none-eabi/4.8.4/armv7-m/crtbegin.o

.igot.plt       0x00086284        0x0
 .igot.plt      0x00000000        0x0 c:/program files (x86)/atmel/atmel toolchain/arm gcc/native/4.8.1443/arm-gnu-toolchain/bin/../lib/gcc/arm-none-eabi/4.8.4/armv7-m/crtbegin.o
                0x00086284                . = ALIGN (0x4)
                0x00086284                _etext = .

.relocate       0x20070000      0x894 load address 0x00086284
                0x20070000                . = ALIGN (0x4)
                0x20070000                _srelocate = .
 *(.ramfunc .ramfunc.*)
 *(.data .data.*)
 .data.Kp       0x20070000        0x8 src/Regulation.o
                0x20070000                Kp
 .data.TD       0x20070008        0x8 src/Regulation.o
                0x20070008                TD
 .data.TI       0x20070010        0x8 src/Regulation.o
                0x20070010                TI
 .data.bv       0x20070018        0x4 src/Regulation.o
                0x20070018                bv
 .data.uxCriticalNesting
                0x2007001c        0x4 src/ASF/thirdparty/freertos/freertos-7.3.0/source/portable/gcc/sam/port.o
 .data.xFreeBytesRemaining
                0x20070020        0x4 src/ASF/thirdparty/freertos/freertos-7.3.0/source/portable/memmang/heap_4.o
 .data.xNextTaskUnblockTime
                0x20070024        0x4 src/ASF/thirdparty/freertos/freertos-7.3.0/source/tasks.o
 .data.SystemCoreClock
                0x20070028        0x4 src/ASF/sam/utils/cmsis/sam3x/source/templates/system_sam3x.o
                0x20070028                SystemCoreClock
 *fill*         0x2007002c        0x4 
 .data.impure_data
                0x20070030      0x428 c:/program files (x86)/atmel/atmel toolchain/arm gcc/native/4.8.1443/arm-gnu-toolchain/bin/../lib/gcc/arm-none-eabi/4.8.4/../../../../arm-none-eabi/lib/armv7-m\libc.a(lib_a-impure.o)
 .data._impure_ptr
                0x20070458        0x4 c:/program files (x86)/atmel/atmel toolchain/arm gcc/native/4.8.1443/arm-gnu-toolchain/bin/../lib/gcc/arm-none-eabi/4.8.4/../../../../arm-none-eabi/lib/armv7-m\libc.a(lib_a-impure.o)
                0x20070458                _impure_ptr
 .data.lc_ctype_charset
                0x2007045c       0x20 c:/program files (x86)/atmel/atmel toolchain/arm gcc/native/4.8.1443/arm-gnu-toolchain/bin/../lib/gcc/arm-none-eabi/4.8.4/../../../../arm-none-eabi/lib/armv7-m\libc.a(lib_a-locale.o)
 .data.__mb_cur_max
                0x2007047c        0x4 c:/program files (x86)/atmel/atmel toolchain/arm gcc/native/4.8.1443/arm-gnu-toolchain/bin/../lib/gcc/arm-none-eabi/4.8.4/../../../../arm-none-eabi/lib/armv7-m\libc.a(lib_a-locale.o)
                0x2007047c                __mb_cur_max
 .data.__malloc_av_
                0x20070480      0x408 c:/program files (x86)/atmel/atmel toolchain/arm gcc/native/4.8.1443/arm-gnu-toolchain/bin/../lib/gcc/arm-none-eabi/4.8.4/../../../../arm-none-eabi/lib/armv7-m\libc.a(lib_a-mallocr.o)
                0x20070480                __malloc_av_
 .data.__malloc_trim_threshold
                0x20070888        0x4 c:/program files (x86)/atmel/atmel toolchain/arm gcc/native/4.8.1443/arm-gnu-toolchain/bin/../lib/gcc/arm-none-eabi/4.8.4/../../../../arm-none-eabi/lib/armv7-m\libc.a(lib_a-mallocr.o)
                0x20070888                __malloc_trim_threshold
 .data.__malloc_sbrk_base
                0x2007088c        0x4 c:/program files (x86)/atmel/atmel toolchain/arm gcc/native/4.8.1443/arm-gnu-toolchain/bin/../lib/gcc/arm-none-eabi/4.8.4/../../../../arm-none-eabi/lib/armv7-m\libc.a(lib_a-mallocr.o)
                0x2007088c                __malloc_sbrk_base
 .data.__wctomb
                0x20070890        0x4 c:/program files (x86)/atmel/atmel toolchain/arm gcc/native/4.8.1443/arm-gnu-toolchain/bin/../lib/gcc/arm-none-eabi/4.8.4/../../../../arm-none-eabi/lib/armv7-m\libc.a(lib_a-wctomb_r.o)
                0x20070890                __wctomb
                0x20070894                . = ALIGN (0x4)
                0x20070894                _erelocate = .

.bss            0x20070898     0xa294 load address 0x00086b20
                0x20070898                . = ALIGN (0x4)
                0x20070898                _sbss = .
                0x20070898                _szero = .
 *(.bss .bss.*)
 .bss           0x20070898       0x1c c:/program files (x86)/atmel/atmel toolchain/arm gcc/native/4.8.1443/arm-gnu-toolchain/bin/../lib/gcc/arm-none-eabi/4.8.4/armv7-m/crtbegin.o
 .bss.error_value
                0x200708b4        0x4 src/Regulation.o
                0x200708b4                error_value
 .bss.PID       0x200708b8        0x8 src/Regulation.o
                0x200708b8                PID
 .bss.P         0x200708c0        0x8 src/Regulation.o
                0x200708c0                P
 .bss.u         0x200708c8        0x4 src/Regulation.o
                0x200708c8                u
 *fill*         0x200708cc        0x4 
 .bss.D         0x200708d0        0x8 src/Regulation.o
                0x200708d0                D
 .bss.Old_error
                0x200708d8        0x4 src/Regulation.o
                0x200708d8                Old_error
 *fill*         0x200708dc        0x4 
 .bss.I         0x200708e0        0x8 src/Regulation.o
                0x200708e0                I
 .bss.xHeap     0x200708e8     0xa000 src/ASF/thirdparty/freertos/freertos-7.3.0/source/portable/memmang/heap_4.o
 .bss.pxEnd     0x2007a8e8        0x4 src/ASF/thirdparty/freertos/freertos-7.3.0/source/portable/memmang/heap_4.o
 .bss.xStart    0x2007a8ec        0x8 src/ASF/thirdparty/freertos/freertos-7.3.0/source/portable/memmang/heap_4.o
 .bss.uxMissedTicks
                0x2007a8f4        0x4 src/ASF/thirdparty/freertos/freertos-7.3.0/source/tasks.o
 .bss.xSuspendedTaskList
                0x2007a8f8       0x14 src/ASF/thirdparty/freertos/freertos-7.3.0/source/tasks.o
 .bss.pxDelayedTaskList
                0x2007a90c        0x4 src/ASF/thirdparty/freertos/freertos-7.3.0/source/tasks.o
 .bss.xSchedulerRunning
                0x2007a910        0x4 src/ASF/thirdparty/freertos/freertos-7.3.0/source/tasks.o
 .bss.uxTasksDeleted
                0x2007a914        0x4 src/ASF/thirdparty/freertos/freertos-7.3.0/source/tasks.o
 .bss.xTasksWaitingTermination
                0x2007a918       0x14 src/ASF/thirdparty/freertos/freertos-7.3.0/source/tasks.o
 .bss.xDelayedTaskList2
                0x2007a92c       0x14 src/ASF/thirdparty/freertos/freertos-7.3.0/source/tasks.o
 .bss.uxTopReadyPriority
                0x2007a940        0x4 src/ASF/thirdparty/freertos/freertos-7.3.0/source/tasks.o
 .bss.pxReadyTasksLists
                0x2007a944       0x64 src/ASF/thirdparty/freertos/freertos-7.3.0/source/tasks.o
 .bss.uxSchedulerSuspended
                0x2007a9a8        0x4 src/ASF/thirdparty/freertos/freertos-7.3.0/source/tasks.o
 .bss.pxCurrentTCB
                0x2007a9ac        0x4 src/ASF/thirdparty/freertos/freertos-7.3.0/source/tasks.o
                0x2007a9ac                pxCurrentTCB
 .bss.xPendingReadyList
                0x2007a9b0       0x14 src/ASF/thirdparty/freertos/freertos-7.3.0/source/tasks.o
 .bss.xNumOfOverflows
                0x2007a9c4        0x4 src/ASF/thirdparty/freertos/freertos-7.3.0/source/tasks.o
 .bss.xTickCount
                0x2007a9c8        0x4 src/ASF/thirdparty/freertos/freertos-7.3.0/source/tasks.o
 .bss.pxOverflowDelayedTaskList
                0x2007a9cc        0x4 src/ASF/thirdparty/freertos/freertos-7.3.0/source/tasks.o
 .bss.uxTaskNumber
                0x2007a9d0        0x4 src/ASF/thirdparty/freertos/freertos-7.3.0/source/tasks.o
 .bss.xDelayedTaskList1
                0x2007a9d4       0x14 src/ASF/thirdparty/freertos/freertos-7.3.0/source/tasks.o
 .bss.xMissedYield
                0x2007a9e8        0x4 src/ASF/thirdparty/freertos/freertos-7.3.0/source/tasks.o
 .bss.uxCurrentNumberOfTasks
                0x2007a9ec        0x4 src/ASF/thirdparty/freertos/freertos-7.3.0/source/tasks.o
 .bss.uxTopUsedPriority
                0x2007a9f0        0x4 src/ASF/thirdparty/freertos/freertos-7.3.0/source/tasks.o
 .bss.pxCurrentTimerList
                0x2007a9f4        0x4 src/ASF/thirdparty/freertos/freertos-7.3.0/source/timers.o
 .bss.xActiveTimerList1
                0x2007a9f8       0x14 src/ASF/thirdparty/freertos/freertos-7.3.0/source/timers.o
 .bss.xActiveTimerList2
                0x2007aa0c       0x14 src/ASF/thirdparty/freertos/freertos-7.3.0/source/timers.o
 .bss.xLastTime.4487
                0x2007aa20        0x4 src/ASF/thirdparty/freertos/freertos-7.3.0/source/timers.o
 .bss.xTimerQueue
                0x2007aa24        0x4 src/ASF/thirdparty/freertos/freertos-7.3.0/source/timers.o
 .bss.pxOverflowTimerList
                0x2007aa28        0x4 src/ASF/thirdparty/freertos/freertos-7.3.0/source/timers.o
 .bss.count     0x2007aa2c        0x1 src/SensorHandling.o
                0x2007aa2c                count
 *fill*         0x2007aa2d        0x3 
 .bss.PR_Sum    0x2007aa30        0x4 src/SensorHandling.o
                0x2007aa30                PR_Sum
 .bss.gs_interrupt_sources
                0x2007aa34       0x70 src/ASF/sam/drivers/pio/pio_handler.o
 .bss.heap.5098
                0x2007aaa4        0x4 src/ASF/sam/utils/syscalls/gcc/syscalls.o
 .bss.__malloc_max_total_mem
                0x2007aaa8        0x4 c:/program files (x86)/atmel/atmel toolchain/arm gcc/native/4.8.1443/arm-gnu-toolchain/bin/../lib/gcc/arm-none-eabi/4.8.4/../../../../arm-none-eabi/lib/armv7-m\libc.a(lib_a-mallocr.o)
                0x2007aaa8                __malloc_max_total_mem
 .bss.__malloc_max_sbrked_mem
                0x2007aaac        0x4 c:/program files (x86)/atmel/atmel toolchain/arm gcc/native/4.8.1443/arm-gnu-toolchain/bin/../lib/gcc/arm-none-eabi/4.8.4/../../../../arm-none-eabi/lib/armv7-m\libc.a(lib_a-mallocr.o)
                0x2007aaac                __malloc_max_sbrked_mem
 .bss.__malloc_top_pad
                0x2007aab0        0x4 c:/program files (x86)/atmel/atmel toolchain/arm gcc/native/4.8.1443/arm-gnu-toolchain/bin/../lib/gcc/arm-none-eabi/4.8.4/../../../../arm-none-eabi/lib/armv7-m\libc.a(lib_a-mallocr.o)
                0x2007aab0                __malloc_top_pad
 .bss.__malloc_current_mallinfo
                0x2007aab4       0x28 c:/program files (x86)/atmel/atmel toolchain/arm gcc/native/4.8.1443/arm-gnu-toolchain/bin/../lib/gcc/arm-none-eabi/4.8.4/../../../../arm-none-eabi/lib/armv7-m\libc.a(lib_a-mallocr.o)
                0x2007aab4                __malloc_current_mallinfo
 *(COMMON)
 COMMON         0x2007aadc        0x4 src/ASF/common/utils/stdio/read.o
                0x2007aadc                ptr_get
 COMMON         0x2007aae0        0x8 src/ASF/common/utils/stdio/write.o
                0x2007aae0                ptr_put
                0x2007aae4                stdio_base
 COMMON         0x2007aae8       0x28 src/PWMHandling.o
                0x2007aae8                PWM_Pin_6
 COMMON         0x2007ab10       0x16 src/SensorHandling.o
                0x2007ab10                PR_Filter
                0x2007ab24                PR
 *fill*         0x2007ab26        0x2 
 COMMON         0x2007ab28        0x4 c:/program files (x86)/atmel/atmel toolchain/arm gcc/native/4.8.1443/arm-gnu-toolchain/bin/../lib/gcc/arm-none-eabi/4.8.4/../../../../arm-none-eabi/lib/armv7-m\libc.a(lib_a-reent.o)
                0x2007ab28                errno
                0x2007ab2c                . = ALIGN (0x4)
                0x2007ab2c                _ebss = .
                0x2007ab2c                _ezero = .

.stack          0x2007ab2c     0x2004 load address 0x00090db4
                0x2007ab30                . = ALIGN (0x8)
 *fill*         0x2007ab2c        0x4 
                0x2007ab30                _sstack = .
                0x2007cb30                . = (. + __stack_size__)
 *fill*         0x2007ab30     0x2000 
                0x2007cb30                . = ALIGN (0x8)
                0x2007cb30                _estack = .
                0x2007cb30                . = ALIGN (0x4)
                0x2007cb30                _end = .
OUTPUT(PingPong.elf elf32-littlearm)

.ARM.attributes
                0x00000000       0x29
 .ARM.attributes
                0x00000000       0x1d c:/program files (x86)/atmel/atmel toolchain/arm gcc/native/4.8.1443/arm-gnu-toolchain/bin/../lib/gcc/arm-none-eabi/4.8.4/armv7-m/crti.o
 .ARM.attributes
                0x0000001d       0x2d c:/program files (x86)/atmel/atmel toolchain/arm gcc/native/4.8.1443/arm-gnu-toolchain/bin/../lib/gcc/arm-none-eabi/4.8.4/armv7-m/crtbegin.o
 .ARM.attributes
                0x0000004a       0x33 src/ASF/common/utils/stdio/read.o
 .ARM.attributes
                0x0000007d       0x33 src/ASF/common/utils/stdio/write.o
 .ARM.attributes
                0x000000b0       0x33 src/ASF/sam/drivers/uart/uart.o
 .ARM.attributes
                0x000000e3       0x33 src/PWMHandling.o
 .ARM.attributes
                0x00000116       0x33 src/Regulation.o
 .ARM.attributes
                0x00000149       0x33 src/ASF/sam/drivers/adc/adc.o
 .ARM.attributes
                0x0000017c       0x33 src/ASF/sam/drivers/pwm/pwm.o
 .ARM.attributes
                0x000001af       0x33 src/ASF/sam/drivers/usart/usart.o
 .ARM.attributes
                0x000001e2       0x33 src/ASF/thirdparty/freertos/freertos-7.3.0/source/list.o
 .ARM.attributes
                0x00000215       0x33 src/ASF/thirdparty/freertos/freertos-7.3.0/source/portable/gcc/sam/port.o
 .ARM.attributes
                0x00000248       0x33 src/ASF/thirdparty/freertos/freertos-7.3.0/source/portable/memmang/heap_4.o
 .ARM.attributes
                0x0000027b       0x33 src/ASF/thirdparty/freertos/freertos-7.3.0/source/queue.o
 .ARM.attributes
                0x000002ae       0x33 src/ASF/thirdparty/freertos/freertos-7.3.0/source/tasks.o
 .ARM.attributes
                0x000002e1       0x33 src/ASF/thirdparty/freertos/freertos-7.3.0/source/timers.o
 .ARM.attributes
                0x00000314       0x33 src/SensorHandling.o
 .ARM.attributes
                0x00000347       0x33 src/ASF/common/services/clock/sam3x/sysclk.o
 .ARM.attributes
                0x0000037a       0x33 src/ASF/sam/boards/arduino_due_x/init.o
 .ARM.attributes
                0x000003ad       0x33 src/ASF/sam/drivers/pio/pio.o
 .ARM.attributes
                0x000003e0       0x33 src/ASF/sam/drivers/pio/pio_handler.o
 .ARM.attributes
                0x00000413       0x33 src/ASF/sam/drivers/pmc/pmc.o
 .ARM.attributes
                0x00000446       0x33 src/ASF/sam/utils/cmsis/sam3x/source/templates/exceptions.o
 .ARM.attributes
                0x00000479       0x33 src/ASF/sam/utils/cmsis/sam3x/source/templates/gcc/startup_sam3x.o
 .ARM.attributes
                0x000004ac       0x33 src/ASF/sam/utils/cmsis/sam3x/source/templates/system_sam3x.o
 .ARM.attributes
                0x000004df       0x33 src/ASF/sam/utils/syscalls/gcc/syscalls.o
 .ARM.attributes
                0x00000512       0x33 src/main.o
 .ARM.attributes
                0x00000545       0x1d c:/program files (x86)/atmel/atmel toolchain/arm gcc/native/4.8.1443/arm-gnu-toolchain/bin/../lib/gcc/arm-none-eabi/4.8.4/armv7-m\libgcc.a(_arm_addsubdf3.o)
 .ARM.attributes
                0x00000562       0x1d c:/program files (x86)/atmel/atmel toolchain/arm gcc/native/4.8.1443/arm-gnu-toolchain/bin/../lib/gcc/arm-none-eabi/4.8.4/armv7-m\libgcc.a(_arm_muldivdf3.o)
 .ARM.attributes
                0x0000057f       0x1d c:/program files (x86)/atmel/atmel toolchain/arm gcc/native/4.8.1443/arm-gnu-toolchain/bin/../lib/gcc/arm-none-eabi/4.8.4/armv7-m\libgcc.a(_arm_cmpdf2.o)
 .ARM.attributes
                0x0000059c       0x1d c:/program files (x86)/atmel/atmel toolchain/arm gcc/native/4.8.1443/arm-gnu-toolchain/bin/../lib/gcc/arm-none-eabi/4.8.4/armv7-m\libgcc.a(_arm_fixdfsi.o)
 .ARM.attributes
                0x000005b9       0x1d c:/program files (x86)/atmel/atmel toolchain/arm gcc/native/4.8.1443/arm-gnu-toolchain/bin/../lib/gcc/arm-none-eabi/4.8.4/armv7-m\libgcc.a(_arm_fixunsdfsi.o)
 .ARM.attributes
                0x000005d6       0x2d c:/program files (x86)/atmel/atmel toolchain/arm gcc/native/4.8.1443/arm-gnu-toolchain/bin/../lib/gcc/arm-none-eabi/4.8.4/../../../../arm-none-eabi/lib/armv7-m\libc.a(lib_a-impure.o)
 .ARM.attributes
                0x00000603       0x2d c:/program files (x86)/atmel/atmel toolchain/arm gcc/native/4.8.1443/arm-gnu-toolchain/bin/../lib/gcc/arm-none-eabi/4.8.4/../../../../arm-none-eabi/lib/armv7-m\libc.a(lib_a-init.o)
 .ARM.attributes
                0x00000630       0x2d c:/program files (x86)/atmel/atmel toolchain/arm gcc/native/4.8.1443/arm-gnu-toolchain/bin/../lib/gcc/arm-none-eabi/4.8.4/../../../../arm-none-eabi/lib/armv7-m\libc.a(lib_a-iprintf.o)
 .ARM.attributes
                0x0000065d       0x1b c:/program files (x86)/atmel/atmel toolchain/arm gcc/native/4.8.1443/arm-gnu-toolchain/bin/../lib/gcc/arm-none-eabi/4.8.4/../../../../arm-none-eabi/lib/armv7-m\libc.a(lib_a-memcpy.o)
 .ARM.attributes
                0x00000678       0x2d c:/program files (x86)/atmel/atmel toolchain/arm gcc/native/4.8.1443/arm-gnu-toolchain/bin/../lib/gcc/arm-none-eabi/4.8.4/../../../../arm-none-eabi/lib/armv7-m\libc.a(lib_a-memset.o)
 .ARM.attributes
                0x000006a5       0x2d c:/program files (x86)/atmel/atmel toolchain/arm gcc/native/4.8.1443/arm-gnu-toolchain/bin/../lib/gcc/arm-none-eabi/4.8.4/../../../../arm-none-eabi/lib/armv7-m\libc.a(lib_a-setbuf.o)
 .ARM.attributes
                0x000006d2       0x2d c:/program files (x86)/atmel/atmel toolchain/arm gcc/native/4.8.1443/arm-gnu-toolchain/bin/../lib/gcc/arm-none-eabi/4.8.4/../../../../arm-none-eabi/lib/armv7-m\libc.a(lib_a-setvbuf.o)
 .ARM.attributes
                0x000006ff       0x2d c:/program files (x86)/atmel/atmel toolchain/arm gcc/native/4.8.1443/arm-gnu-toolchain/bin/../lib/gcc/arm-none-eabi/4.8.4/../../../../arm-none-eabi/lib/armv7-m\libc.a(lib_a-strlen.o)
 .ARM.attributes
                0x0000072c       0x2d c:/program files (x86)/atmel/atmel toolchain/arm gcc/native/4.8.1443/arm-gnu-toolchain/bin/../lib/gcc/arm-none-eabi/4.8.4/../../../../arm-none-eabi/lib/armv7-m\libc.a(lib_a-strncpy.o)
 .ARM.attributes
                0x00000759       0x2d c:/program files (x86)/atmel/atmel toolchain/arm gcc/native/4.8.1443/arm-gnu-toolchain/bin/../lib/gcc/arm-none-eabi/4.8.4/../../../../arm-none-eabi/lib/armv7-m\libc.a(lib_a-vfiprintf.o)
 .ARM.attributes
                0x00000786       0x2d c:/program files (x86)/atmel/atmel toolchain/arm gcc/native/4.8.1443/arm-gnu-toolchain/bin/../lib/gcc/arm-none-eabi/4.8.4/../../../../arm-none-eabi/lib/armv7-m\libc.a(lib_a-wsetup.o)
 .ARM.attributes
                0x000007b3       0x2d c:/program files (x86)/atmel/atmel toolchain/arm gcc/native/4.8.1443/arm-gnu-toolchain/bin/../lib/gcc/arm-none-eabi/4.8.4/../../../../arm-none-eabi/lib/armv7-m\libc.a(lib_a-__call_atexit.o)
 .ARM.attributes
                0x000007e0       0x2d c:/program files (x86)/atmel/atmel toolchain/arm gcc/native/4.8.1443/arm-gnu-toolchain/bin/../lib/gcc/arm-none-eabi/4.8.4/../../../../arm-none-eabi/lib/armv7-m\libc.a(lib_a-atexit.o)
 .ARM.attributes
                0x0000080d       0x2d c:/program files (x86)/atmel/atmel toolchain/arm gcc/native/4.8.1443/arm-gnu-toolchain/bin/../lib/gcc/arm-none-eabi/4.8.4/../../../../arm-none-eabi/lib/armv7-m\libc.a(lib_a-fflush.o)
 .ARM.attributes
                0x0000083a       0x2d c:/program files (x86)/atmel/atmel toolchain/arm gcc/native/4.8.1443/arm-gnu-toolchain/bin/../lib/gcc/arm-none-eabi/4.8.4/../../../../arm-none-eabi/lib/armv7-m\libc.a(lib_a-findfp.o)
 .ARM.attributes
                0x00000867       0x2d c:/program files (x86)/atmel/atmel toolchain/arm gcc/native/4.8.1443/arm-gnu-toolchain/bin/../lib/gcc/arm-none-eabi/4.8.4/../../../../arm-none-eabi/lib/armv7-m\libc.a(lib_a-fini.o)
 .ARM.attributes
                0x00000894       0x2d c:/program files (x86)/atmel/atmel toolchain/arm gcc/native/4.8.1443/arm-gnu-toolchain/bin/../lib/gcc/arm-none-eabi/4.8.4/../../../../arm-none-eabi/lib/armv7-m\libc.a(lib_a-fputwc.o)
 .ARM.attributes
                0x000008c1       0x2d c:/program files (x86)/atmel/atmel toolchain/arm gcc/native/4.8.1443/arm-gnu-toolchain/bin/../lib/gcc/arm-none-eabi/4.8.4/../../../../arm-none-eabi/lib/armv7-m\libc.a(lib_a-freer.o)
 .ARM.attributes
                0x000008ee       0x2d c:/program files (x86)/atmel/atmel toolchain/arm gcc/native/4.8.1443/arm-gnu-toolchain/bin/../lib/gcc/arm-none-eabi/4.8.4/../../../../arm-none-eabi/lib/armv7-m\libc.a(lib_a-fvwrite.o)
 .ARM.attributes
                0x0000091b       0x2d c:/program files (x86)/atmel/atmel toolchain/arm gcc/native/4.8.1443/arm-gnu-toolchain/bin/../lib/gcc/arm-none-eabi/4.8.4/../../../../arm-none-eabi/lib/armv7-m\libc.a(lib_a-fwalk.o)
 .ARM.attributes
                0x00000948       0x2d c:/program files (x86)/atmel/atmel toolchain/arm gcc/native/4.8.1443/arm-gnu-toolchain/bin/../lib/gcc/arm-none-eabi/4.8.4/../../../../arm-none-eabi/lib/armv7-m\libc.a(lib_a-locale.o)
 .ARM.attributes
                0x00000975       0x2d c:/program files (x86)/atmel/atmel toolchain/arm gcc/native/4.8.1443/arm-gnu-toolchain/bin/../lib/gcc/arm-none-eabi/4.8.4/../../../../arm-none-eabi/lib/armv7-m\libc.a(lib_a-makebuf.o)
 .ARM.attributes
                0x000009a2       0x2d c:/program files (x86)/atmel/atmel toolchain/arm gcc/native/4.8.1443/arm-gnu-toolchain/bin/../lib/gcc/arm-none-eabi/4.8.4/../../../../arm-none-eabi/lib/armv7-m\libc.a(lib_a-malloc.o)
 .ARM.attributes
                0x000009cf       0x2d c:/program files (x86)/atmel/atmel toolchain/arm gcc/native/4.8.1443/arm-gnu-toolchain/bin/../lib/gcc/arm-none-eabi/4.8.4/../../../../arm-none-eabi/lib/armv7-m\libc.a(lib_a-mallocr.o)
 .ARM.attributes
                0x000009fc       0x2d c:/program files (x86)/atmel/atmel toolchain/arm gcc/native/4.8.1443/arm-gnu-toolchain/bin/../lib/gcc/arm-none-eabi/4.8.4/../../../../arm-none-eabi/lib/armv7-m\libc.a(lib_a-memchr-stub.o)
 .ARM.attributes
                0x00000a29       0x2d c:/program files (x86)/atmel/atmel toolchain/arm gcc/native/4.8.1443/arm-gnu-toolchain/bin/../lib/gcc/arm-none-eabi/4.8.4/../../../../arm-none-eabi/lib/armv7-m\libc.a(lib_a-memmove.o)
 .ARM.attributes
                0x00000a56       0x2d c:/program files (x86)/atmel/atmel toolchain/arm gcc/native/4.8.1443/arm-gnu-toolchain/bin/../lib/gcc/arm-none-eabi/4.8.4/../../../../arm-none-eabi/lib/armv7-m\libc.a(lib_a-mlock.o)
 .ARM.attributes
                0x00000a83       0x2d c:/program files (x86)/atmel/atmel toolchain/arm gcc/native/4.8.1443/arm-gnu-toolchain/bin/../lib/gcc/arm-none-eabi/4.8.4/../../../../arm-none-eabi/lib/armv7-m\libc.a(lib_a-reallocr.o)
 .ARM.attributes
                0x00000ab0       0x2d c:/program files (x86)/atmel/atmel toolchain/arm gcc/native/4.8.1443/arm-gnu-toolchain/bin/../lib/gcc/arm-none-eabi/4.8.4/../../../../arm-none-eabi/lib/armv7-m\libc.a(lib_a-sbrkr.o)
 .ARM.attributes
                0x00000add       0x2d c:/program files (x86)/atmel/atmel toolchain/arm gcc/native/4.8.1443/arm-gnu-toolchain/bin/../lib/gcc/arm-none-eabi/4.8.4/../../../../arm-none-eabi/lib/armv7-m\libc.a(lib_a-stdio.o)
 .ARM.attributes
                0x00000b0a       0x2d c:/program files (x86)/atmel/atmel toolchain/arm gcc/native/4.8.1443/arm-gnu-toolchain/bin/../lib/gcc/arm-none-eabi/4.8.4/../../../../arm-none-eabi/lib/armv7-m\libc.a(lib_a-wbuf.o)
 .ARM.attributes
                0x00000b37       0x2d c:/program files (x86)/atmel/atmel toolchain/arm gcc/native/4.8.1443/arm-gnu-toolchain/bin/../lib/gcc/arm-none-eabi/4.8.4/../../../../arm-none-eabi/lib/armv7-m\libc.a(lib_a-wcrtomb.o)
 .ARM.attributes
                0x00000b64       0x2d c:/program files (x86)/atmel/atmel toolchain/arm gcc/native/4.8.1443/arm-gnu-toolchain/bin/../lib/gcc/arm-none-eabi/4.8.4/../../../../arm-none-eabi/lib/armv7-m\libc.a(lib_a-wctomb_r.o)
 .ARM.attributes
                0x00000b91       0x2d c:/program files (x86)/atmel/atmel toolchain/arm gcc/native/4.8.1443/arm-gnu-toolchain/bin/../lib/gcc/arm-none-eabi/4.8.4/../../../../arm-none-eabi/lib/armv7-m\libc.a(lib_a-writer.o)
 .ARM.attributes
                0x00000bbe       0x2d c:/program files (x86)/atmel/atmel toolchain/arm gcc/native/4.8.1443/arm-gnu-toolchain/bin/../lib/gcc/arm-none-eabi/4.8.4/../../../../arm-none-eabi/lib/armv7-m\libc.a(lib_a-__atexit.o)
 .ARM.attributes
                0x00000beb       0x2d c:/program files (x86)/atmel/atmel toolchain/arm gcc/native/4.8.1443/arm-gnu-toolchain/bin/../lib/gcc/arm-none-eabi/4.8.4/../../../../arm-none-eabi/lib/armv7-m\libc.a(lib_a-closer.o)
 .ARM.attributes
                0x00000c18       0x2d c:/program files (x86)/atmel/atmel toolchain/arm gcc/native/4.8.1443/arm-gnu-toolchain/bin/../lib/gcc/arm-none-eabi/4.8.4/../../../../arm-none-eabi/lib/armv7-m\libc.a(lib_a-fclose.o)
 .ARM.attributes
                0x00000c45       0x2d c:/program files (x86)/atmel/atmel toolchain/arm gcc/native/4.8.1443/arm-gnu-toolchain/bin/../lib/gcc/arm-none-eabi/4.8.4/../../../../arm-none-eabi/lib/armv7-m\libc.a(lib_a-fstatr.o)
 .ARM.attributes
                0x00000c72       0x2d c:/program files (x86)/atmel/atmel toolchain/arm gcc/native/4.8.1443/arm-gnu-toolchain/bin/../lib/gcc/arm-none-eabi/4.8.4/../../../../arm-none-eabi/lib/armv7-m\libc.a(lib_a-isattyr.o)
 .ARM.attributes
                0x00000c9f       0x2d c:/program files (x86)/atmel/atmel toolchain/arm gcc/native/4.8.1443/arm-gnu-toolchain/bin/../lib/gcc/arm-none-eabi/4.8.4/../../../../arm-none-eabi/lib/armv7-m\libc.a(lib_a-lseekr.o)
 .ARM.attributes
                0x00000ccc       0x2d c:/program files (x86)/atmel/atmel toolchain/arm gcc/native/4.8.1443/arm-gnu-toolchain/bin/../lib/gcc/arm-none-eabi/4.8.4/../../../../arm-none-eabi/lib/armv7-m\libc.a(lib_a-readr.o)
 .ARM.attributes
                0x00000cf9       0x2d c:/program files (x86)/atmel/atmel toolchain/arm gcc/native/4.8.1443/arm-gnu-toolchain/bin/../lib/gcc/arm-none-eabi/4.8.4/../../../../arm-none-eabi/lib/armv7-m\libc.a(lib_a-reent.o)
 .ARM.attributes
                0x00000d26       0x1d c:/program files (x86)/atmel/atmel toolchain/arm gcc/native/4.8.1443/arm-gnu-toolchain/bin/../lib/gcc/arm-none-eabi/4.8.4/armv7-m\libgcc.a(_aeabi_uldivmod.o)
 .ARM.attributes
                0x00000d43       0x2d c:/program files (x86)/atmel/atmel toolchain/arm gcc/native/4.8.1443/arm-gnu-toolchain/bin/../lib/gcc/arm-none-eabi/4.8.4/armv7-m\libgcc.a(bpabi.o)
 .ARM.attributes
                0x00000d70       0x1d c:/program files (x86)/atmel/atmel toolchain/arm gcc/native/4.8.1443/arm-gnu-toolchain/bin/../lib/gcc/arm-none-eabi/4.8.4/armv7-m\libgcc.a(_dvmd_tls.o)
 .ARM.attributes
                0x00000d8d       0x2d c:/program files (x86)/atmel/atmel toolchain/arm gcc/native/4.8.1443/arm-gnu-toolchain/bin/../lib/gcc/arm-none-eabi/4.8.4/armv7-m\libgcc.a(_divdi3.o)
 .ARM.attributes
                0x00000dba       0x2d c:/program files (x86)/atmel/atmel toolchain/arm gcc/native/4.8.1443/arm-gnu-toolchain/bin/../lib/gcc/arm-none-eabi/4.8.4/armv7-m\libgcc.a(_udivdi3.o)
 .ARM.attributes
                0x00000de7       0x1d c:/program files (x86)/atmel/atmel toolchain/arm gcc/native/4.8.1443/arm-gnu-toolchain/bin/../lib/gcc/arm-none-eabi/4.8.4/armv7-m/crtn.o

.comment        0x00000000       0x5b
 .comment       0x00000000       0x5b src/ASF/common/utils/stdio/read.o
                                 0x5c (size before relaxing)
 .comment       0x00000000       0x5c src/ASF/common/utils/stdio/write.o
 .comment       0x00000000       0x5c src/ASF/sam/drivers/uart/uart.o
 .comment       0x00000000       0x5c src/PWMHandling.o
 .comment       0x00000000       0x5c src/Regulation.o
 .comment       0x00000000       0x5c src/ASF/sam/drivers/adc/adc.o
 .comment       0x00000000       0x5c src/ASF/sam/drivers/pwm/pwm.o
 .comment       0x00000000       0x5c src/ASF/sam/drivers/usart/usart.o
 .comment       0x00000000       0x5c src/ASF/thirdparty/freertos/freertos-7.3.0/source/list.o
 .comment       0x00000000       0x5c src/ASF/thirdparty/freertos/freertos-7.3.0/source/portable/gcc/sam/port.o
 .comment       0x00000000       0x5c src/ASF/thirdparty/freertos/freertos-7.3.0/source/portable/memmang/heap_4.o
 .comment       0x00000000       0x5c src/ASF/thirdparty/freertos/freertos-7.3.0/source/queue.o
 .comment       0x00000000       0x5c src/ASF/thirdparty/freertos/freertos-7.3.0/source/tasks.o
 .comment       0x00000000       0x5c src/ASF/thirdparty/freertos/freertos-7.3.0/source/timers.o
 .comment       0x00000000       0x5c src/SensorHandling.o
 .comment       0x00000000       0x5c src/ASF/common/services/clock/sam3x/sysclk.o
 .comment       0x00000000       0x5c src/ASF/sam/boards/arduino_due_x/init.o
 .comment       0x00000000       0x5c src/ASF/sam/drivers/pio/pio.o
 .comment       0x00000000       0x5c src/ASF/sam/drivers/pio/pio_handler.o
 .comment       0x00000000       0x5c src/ASF/sam/drivers/pmc/pmc.o
 .comment       0x00000000       0x5c src/ASF/sam/utils/cmsis/sam3x/source/templates/exceptions.o
 .comment       0x00000000       0x5c src/ASF/sam/utils/cmsis/sam3x/source/templates/gcc/startup_sam3x.o
 .comment       0x00000000       0x5c src/ASF/sam/utils/cmsis/sam3x/source/templates/system_sam3x.o
 .comment       0x00000000       0x5c src/ASF/sam/utils/syscalls/gcc/syscalls.o
 .comment       0x00000000       0x5c src/main.o

.debug_info     0x00000000    0x126dc
 .debug_info    0x00000000      0x1bb src/ASF/common/utils/stdio/read.o
 .debug_info    0x000001bb      0x1c0 src/ASF/common/utils/stdio/write.o
 .debug_info    0x0000037b      0x887 src/ASF/sam/drivers/uart/uart.o
 .debug_info    0x00000c02     0x1674 src/PWMHandling.o
 .debug_info    0x00002276      0xf27 src/Regulation.o
 .debug_info    0x0000319d     0x1188 src/ASF/sam/drivers/adc/adc.o
 .debug_info    0x00004325     0x1572 src/ASF/sam/drivers/pwm/pwm.o
 .debug_info    0x00005897     0x1bf9 src/ASF/sam/drivers/usart/usart.o
 .debug_info    0x00007490      0x2b7 src/ASF/thirdparty/freertos/freertos-7.3.0/source/list.o
 .debug_info    0x00007747      0x3a0 src/ASF/thirdparty/freertos/freertos-7.3.0/source/portable/gcc/sam/port.o
 .debug_info    0x00007ae7      0x38d src/ASF/thirdparty/freertos/freertos-7.3.0/source/portable/memmang/heap_4.o
 .debug_info    0x00007e74      0xf9e src/ASF/thirdparty/freertos/freertos-7.3.0/source/queue.o
 .debug_info    0x00008e12     0x178d src/ASF/thirdparty/freertos/freertos-7.3.0/source/tasks.o
 .debug_info    0x0000a59f      0xb44 src/ASF/thirdparty/freertos/freertos-7.3.0/source/timers.o
 .debug_info    0x0000b0e3     0x1092 src/SensorHandling.o
 .debug_info    0x0000c175      0x796 src/ASF/common/services/clock/sam3x/sysclk.o
 .debug_info    0x0000c90b      0x75a src/ASF/sam/boards/arduino_due_x/init.o
 .debug_info    0x0000d065     0x1383 src/ASF/sam/drivers/pio/pio.o
 .debug_info    0x0000e3e8      0xe52 src/ASF/sam/drivers/pio/pio_handler.o
 .debug_info    0x0000f23a     0x102d src/ASF/sam/drivers/pmc/pmc.o
 .debug_info    0x00010267       0xb9 src/ASF/sam/utils/cmsis/sam3x/source/templates/exceptions.o
 .debug_info    0x00010320      0x36d src/ASF/sam/utils/cmsis/sam3x/source/templates/gcc/startup_sam3x.o
 .debug_info    0x0001068d      0x476 src/ASF/sam/utils/cmsis/sam3x/source/templates/system_sam3x.o
 .debug_info    0x00010b03      0x43f src/ASF/sam/utils/syscalls/gcc/syscalls.o
 .debug_info    0x00010f42     0x179a src/main.o

.debug_abbrev   0x00000000     0x3256
 .debug_abbrev  0x00000000      0x101 src/ASF/common/utils/stdio/read.o
 .debug_abbrev  0x00000101       0xf5 src/ASF/common/utils/stdio/write.o
 .debug_abbrev  0x000001f6      0x1bd src/ASF/sam/drivers/uart/uart.o
 .debug_abbrev  0x000003b3      0x221 src/PWMHandling.o
 .debug_abbrev  0x000005d4      0x283 src/Regulation.o
 .debug_abbrev  0x00000857      0x226 src/ASF/sam/drivers/adc/adc.o
 .debug_abbrev  0x00000a7d      0x231 src/ASF/sam/drivers/pwm/pwm.o
 .debug_abbrev  0x00000cae      0x2da src/ASF/sam/drivers/usart/usart.o
 .debug_abbrev  0x00000f88       0xfb src/ASF/thirdparty/freertos/freertos-7.3.0/source/list.o
 .debug_abbrev  0x00001083      0x246 src/ASF/thirdparty/freertos/freertos-7.3.0/source/portable/gcc/sam/port.o
 .debug_abbrev  0x000012c9      0x220 src/ASF/thirdparty/freertos/freertos-7.3.0/source/portable/memmang/heap_4.o
 .debug_abbrev  0x000014e9      0x288 src/ASF/thirdparty/freertos/freertos-7.3.0/source/queue.o
 .debug_abbrev  0x00001771      0x2e0 src/ASF/thirdparty/freertos/freertos-7.3.0/source/tasks.o
 .debug_abbrev  0x00001a51      0x261 src/ASF/thirdparty/freertos/freertos-7.3.0/source/timers.o
 .debug_abbrev  0x00001cb2      0x2e0 src/SensorHandling.o
 .debug_abbrev  0x00001f92      0x227 src/ASF/common/services/clock/sam3x/sysclk.o
 .debug_abbrev  0x000021b9      0x16f src/ASF/sam/boards/arduino_due_x/init.o
 .debug_abbrev  0x00002328      0x2d5 src/ASF/sam/drivers/pio/pio.o
 .debug_abbrev  0x000025fd      0x257 src/ASF/sam/drivers/pio/pio_handler.o
 .debug_abbrev  0x00002854      0x268 src/ASF/sam/drivers/pmc/pmc.o
 .debug_abbrev  0x00002abc       0x6c src/ASF/sam/utils/cmsis/sam3x/source/templates/exceptions.o
 .debug_abbrev  0x00002b28      0x109 src/ASF/sam/utils/cmsis/sam3x/source/templates/gcc/startup_sam3x.o
 .debug_abbrev  0x00002c31       0xf5 src/ASF/sam/utils/cmsis/sam3x/source/templates/system_sam3x.o
 .debug_abbrev  0x00002d26      0x14e src/ASF/sam/utils/syscalls/gcc/syscalls.o
 .debug_abbrev  0x00002e74      0x3e2 src/main.o

.debug_loc      0x00000000     0x871c
 .debug_loc     0x00000000       0xc5 src/ASF/common/utils/stdio/read.o
 .debug_loc     0x000000c5      0x161 src/ASF/common/utils/stdio/write.o
 .debug_loc     0x00000226      0x236 src/ASF/sam/drivers/uart/uart.o
 .debug_loc     0x0000045c       0x78 src/PWMHandling.o
 .debug_loc     0x000004d4       0xf1 src/Regulation.o
 .debug_loc     0x000005c5      0x980 src/ASF/sam/drivers/adc/adc.o
 .debug_loc     0x00000f45      0xd48 src/ASF/sam/drivers/pwm/pwm.o
 .debug_loc     0x00001c8d     0x128d src/ASF/sam/drivers/usart/usart.o
 .debug_loc     0x00002f1a       0x85 src/ASF/thirdparty/freertos/freertos-7.3.0/source/list.o
 .debug_loc     0x00002f9f      0x100 src/ASF/thirdparty/freertos/freertos-7.3.0/source/portable/gcc/sam/port.o
 .debug_loc     0x0000309f      0x371 src/ASF/thirdparty/freertos/freertos-7.3.0/source/portable/memmang/heap_4.o
 .debug_loc     0x00003410     0x1190 src/ASF/thirdparty/freertos/freertos-7.3.0/source/queue.o
 .debug_loc     0x000045a0     0x1578 src/ASF/thirdparty/freertos/freertos-7.3.0/source/tasks.o
 .debug_loc     0x00005b18      0x9be src/ASF/thirdparty/freertos/freertos-7.3.0/source/timers.o
 .debug_loc     0x000064d6       0xe7 src/SensorHandling.o
 .debug_loc     0x000065bd      0x12d src/ASF/common/services/clock/sam3x/sysclk.o
 .debug_loc     0x000066ea       0x20 src/ASF/sam/boards/arduino_due_x/init.o
 .debug_loc     0x0000670a      0xa62 src/ASF/sam/drivers/pio/pio.o
 .debug_loc     0x0000716c      0x53d src/ASF/sam/drivers/pio/pio_handler.o
 .debug_loc     0x000076a9      0xbd2 src/ASF/sam/drivers/pmc/pmc.o
 .debug_loc     0x0000827b       0x7e src/ASF/sam/utils/cmsis/sam3x/source/templates/gcc/startup_sam3x.o
 .debug_loc     0x000082f9      0x12b src/ASF/sam/utils/syscalls/gcc/syscalls.o
 .debug_loc     0x00008424      0x2f8 src/main.o

.debug_aranges  0x00000000      0xfb0
 .debug_aranges
                0x00000000       0x20 src/ASF/common/utils/stdio/read.o
 .debug_aranges
                0x00000020       0x20 src/ASF/common/utils/stdio/write.o
 .debug_aranges
                0x00000040       0xe8 src/ASF/sam/drivers/uart/uart.o
 .debug_aranges
                0x00000128       0x28 src/PWMHandling.o
 .debug_aranges
                0x00000150       0x40 src/Regulation.o
 .debug_aranges
                0x00000190      0x178 src/ASF/sam/drivers/adc/adc.o
 .debug_aranges
                0x00000308      0x158 src/ASF/sam/drivers/pwm/pwm.o
 .debug_aranges
                0x00000460      0x2a8 src/ASF/sam/drivers/usart/usart.o
 .debug_aranges
                0x00000708       0x40 src/ASF/thirdparty/freertos/freertos-7.3.0/source/list.o
 .debug_aranges
                0x00000748       0x80 src/ASF/thirdparty/freertos/freertos-7.3.0/source/portable/gcc/sam/port.o
 .debug_aranges
                0x000007c8       0x40 src/ASF/thirdparty/freertos/freertos-7.3.0/source/portable/memmang/heap_4.o
 .debug_aranges
                0x00000808       0xd0 src/ASF/thirdparty/freertos/freertos-7.3.0/source/queue.o
 .debug_aranges
                0x000008d8      0x130 src/ASF/thirdparty/freertos/freertos-7.3.0/source/tasks.o
 .debug_aranges
                0x00000a08       0x60 src/ASF/thirdparty/freertos/freertos-7.3.0/source/timers.o
 .debug_aranges
                0x00000a68       0x40 src/SensorHandling.o
 .debug_aranges
                0x00000aa8       0x40 src/ASF/common/services/clock/sam3x/sysclk.o
 .debug_aranges
                0x00000ae8       0x20 src/ASF/sam/boards/arduino_due_x/init.o
 .debug_aranges
                0x00000b08      0x148 src/ASF/sam/drivers/pio/pio.o
 .debug_aranges
                0x00000c50       0x58 src/ASF/sam/drivers/pio/pio_handler.o
 .debug_aranges
                0x00000ca8      0x1f8 src/ASF/sam/drivers/pmc/pmc.o
 .debug_aranges
                0x00000ea0       0x20 src/ASF/sam/utils/cmsis/sam3x/source/templates/exceptions.o
 .debug_aranges
                0x00000ec0       0x20 src/ASF/sam/utils/cmsis/sam3x/source/templates/gcc/startup_sam3x.o
 .debug_aranges
                0x00000ee0       0x30 src/ASF/sam/utils/cmsis/sam3x/source/templates/system_sam3x.o
 .debug_aranges
                0x00000f10       0x60 src/ASF/sam/utils/syscalls/gcc/syscalls.o
 .debug_aranges
                0x00000f70       0x40 src/main.o

.debug_ranges   0x00000000      0xed8
 .debug_ranges  0x00000000       0x10 src/ASF/common/utils/stdio/read.o
 .debug_ranges  0x00000010       0x10 src/ASF/common/utils/stdio/write.o
 .debug_ranges  0x00000020       0xd8 src/ASF/sam/drivers/uart/uart.o
 .debug_ranges  0x000000f8       0x18 src/PWMHandling.o
 .debug_ranges  0x00000110       0x30 src/Regulation.o
 .debug_ranges  0x00000140      0x168 src/ASF/sam/drivers/adc/adc.o
 .debug_ranges  0x000002a8      0x148 src/ASF/sam/drivers/pwm/pwm.o
 .debug_ranges  0x000003f0      0x298 src/ASF/sam/drivers/usart/usart.o
 .debug_ranges  0x00000688       0x30 src/ASF/thirdparty/freertos/freertos-7.3.0/source/list.o
 .debug_ranges  0x000006b8       0x70 src/ASF/thirdparty/freertos/freertos-7.3.0/source/portable/gcc/sam/port.o
 .debug_ranges  0x00000728       0x30 src/ASF/thirdparty/freertos/freertos-7.3.0/source/portable/memmang/heap_4.o
 .debug_ranges  0x00000758       0xd8 src/ASF/thirdparty/freertos/freertos-7.3.0/source/queue.o
 .debug_ranges  0x00000830      0x168 src/ASF/thirdparty/freertos/freertos-7.3.0/source/tasks.o
 .debug_ranges  0x00000998       0xa8 src/ASF/thirdparty/freertos/freertos-7.3.0/source/timers.o
 .debug_ranges  0x00000a40       0x30 src/SensorHandling.o
 .debug_ranges  0x00000a70       0x30 src/ASF/common/services/clock/sam3x/sysclk.o
 .debug_ranges  0x00000aa0       0x10 src/ASF/sam/boards/arduino_due_x/init.o
 .debug_ranges  0x00000ab0      0x138 src/ASF/sam/drivers/pio/pio.o
 .debug_ranges  0x00000be8       0x48 src/ASF/sam/drivers/pio/pio_handler.o
 .debug_ranges  0x00000c30      0x1e8 src/ASF/sam/drivers/pmc/pmc.o
 .debug_ranges  0x00000e18       0x10 src/ASF/sam/utils/cmsis/sam3x/source/templates/exceptions.o
 .debug_ranges  0x00000e28       0x10 src/ASF/sam/utils/cmsis/sam3x/source/templates/gcc/startup_sam3x.o
 .debug_ranges  0x00000e38       0x20 src/ASF/sam/utils/cmsis/sam3x/source/templates/system_sam3x.o
 .debug_ranges  0x00000e58       0x50 src/ASF/sam/utils/syscalls/gcc/syscalls.o
 .debug_ranges  0x00000ea8       0x30 src/main.o

.debug_macro    0x00000000     0x7b01
 .debug_macro   0x00000000      0x4ad src/ASF/common/utils/stdio/read.o
 .debug_macro   0x000004ad      0x4ad src/ASF/common/utils/stdio/write.o
 .debug_macro   0x0000095a      0x4bc src/ASF/sam/drivers/uart/uart.o
 .debug_macro   0x00000e16       0x16 src/ASF/sam/drivers/uart/uart.o
 .debug_macro   0x00000e2c      0x6b4 src/PWMHandling.o
 .debug_macro   0x000014e0       0x1c src/PWMHandling.o
 .debug_macro   0x000014fc       0x46 src/PWMHandling.o
 .debug_macro   0x00001542      0x100 src/PWMHandling.o
 .debug_macro   0x00001642       0x99 src/PWMHandling.o
 .debug_macro   0x000016db       0x12 src/PWMHandling.o
 .debug_macro   0x000016ed       0x1f src/PWMHandling.o
 .debug_macro   0x0000170c      0x1d9 src/PWMHandling.o
 .debug_macro   0x000018e5       0x10 src/PWMHandling.o
 .debug_macro   0x000018f5       0x16 src/PWMHandling.o
 .debug_macro   0x0000190b       0x5e src/PWMHandling.o
 .debug_macro   0x00001969       0x43 src/PWMHandling.o
 .debug_macro   0x000019ac       0x96 src/PWMHandling.o
 .debug_macro   0x00001a42       0x77 src/PWMHandling.o
 .debug_macro   0x00001ab9       0x5d src/PWMHandling.o
 .debug_macro   0x00001b16       0x5b src/PWMHandling.o
 .debug_macro   0x00001b71       0x94 src/PWMHandling.o
 .debug_macro   0x00001c05       0x40 src/PWMHandling.o
 .debug_macro   0x00001c45       0x6a src/PWMHandling.o
 .debug_macro   0x00001caf       0x34 src/PWMHandling.o
 .debug_macro   0x00001ce3       0x10 src/PWMHandling.o
 .debug_macro   0x00001cf3      0x6c4 src/Regulation.o
 .debug_macro   0x000023b7      0x4cd src/ASF/sam/drivers/adc/adc.o
 .debug_macro   0x00002884      0x4e1 src/ASF/sam/drivers/pwm/pwm.o
 .debug_macro   0x00002d65      0x4f8 src/ASF/sam/drivers/usart/usart.o
 .debug_macro   0x0000325d       0x28 src/ASF/sam/drivers/usart/usart.o
 .debug_macro   0x00003285      0x13f src/ASF/thirdparty/freertos/freertos-7.3.0/source/list.o
 .debug_macro   0x000033c4      0x10e src/ASF/thirdparty/freertos/freertos-7.3.0/source/list.o
 .debug_macro   0x000034d2       0x7f src/ASF/thirdparty/freertos/freertos-7.3.0/source/list.o
 .debug_macro   0x00003551       0xfa src/ASF/thirdparty/freertos/freertos-7.3.0/source/list.o
 .debug_macro   0x0000364b      0x5f3 src/ASF/thirdparty/freertos/freertos-7.3.0/source/portable/gcc/sam/port.o
 .debug_macro   0x00003c3e       0x26 src/ASF/thirdparty/freertos/freertos-7.3.0/source/portable/gcc/sam/port.o
 .debug_macro   0x00003c64      0x231 src/ASF/thirdparty/freertos/freertos-7.3.0/source/portable/gcc/sam/port.o
 .debug_macro   0x00003e95      0x160 src/ASF/thirdparty/freertos/freertos-7.3.0/source/portable/memmang/heap_4.o
 .debug_macro   0x00003ff5      0x1fc src/ASF/thirdparty/freertos/freertos-7.3.0/source/queue.o
 .debug_macro   0x000041f1      0x255 src/ASF/thirdparty/freertos/freertos-7.3.0/source/tasks.o
 .debug_macro   0x00004446       0x97 src/ASF/thirdparty/freertos/freertos-7.3.0/source/tasks.o
 .debug_macro   0x000044dd       0xef src/ASF/thirdparty/freertos/freertos-7.3.0/source/tasks.o
 .debug_macro   0x000045cc       0xe1 src/ASF/thirdparty/freertos/freertos-7.3.0/source/timers.o
 .debug_macro   0x000046ad      0x6c0 src/SensorHandling.o
 .debug_macro   0x00004d6d      0x52d src/ASF/common/services/clock/sam3x/sysclk.o
 .debug_macro   0x0000529a      0x56c src/ASF/sam/boards/arduino_due_x/init.o
 .debug_macro   0x00005806       0x16 src/ASF/sam/boards/arduino_due_x/init.o
 .debug_macro   0x0000581c      0x4c8 src/ASF/sam/drivers/pio/pio.o
 .debug_macro   0x00005ce4       0x8e src/ASF/sam/drivers/pio/pio.o
 .debug_macro   0x00005d72      0x4cc src/ASF/sam/drivers/pio/pio_handler.o
 .debug_macro   0x0000623e      0x4c2 src/ASF/sam/drivers/pmc/pmc.o
 .debug_macro   0x00006700       0x58 src/ASF/sam/drivers/pmc/pmc.o
 .debug_macro   0x00006758      0x33a src/ASF/sam/utils/cmsis/sam3x/source/templates/exceptions.o
 .debug_macro   0x00006a92      0x348 src/ASF/sam/utils/cmsis/sam3x/source/templates/gcc/startup_sam3x.o
 .debug_macro   0x00006dda      0x34c src/ASF/sam/utils/cmsis/sam3x/source/templates/system_sam3x.o
 .debug_macro   0x00007126      0x129 src/ASF/sam/utils/syscalls/gcc/syscalls.o
 .debug_macro   0x0000724f       0x52 src/ASF/sam/utils/syscalls/gcc/syscalls.o